Microchip MPLAB XC8 Compiler V2.20

Linker command line:

-W-3 --edf=C:\Program Files\Microchip\xc8\v2.20\pic\dat\en_msgs.txt -cn \
  -h+dist/default/production\Electric_Heater.X.production.sym \
  --cmf=dist/default/production\Electric_Heater.X.production.cmf -z \
  -Q16F877A -oC:\Users\LENOVO\AppData\Local\Temp\s2tk.2 \
  --defsym=__MPLAB_BUILD=1 \
  -Mdist/default/production/Electric_Heater.X.production.map -E1 \
  -ver=XC8 Compiler --acfsm=1493 -ASTACK=0110h-016Fh -pstack=STACK \
  -ACODE=00h-07FFhx4 -ASTRCODE=00h-01FFFh -ASTRING=00h-0FFhx32 \
  -ACONST=00h-0FFhx32 -AENTRY=00h-0FFhx32 -ACOMMON=070h-07Fh \
  -ABANK0=020h-06Fh -ABANK1=0A0h-0EFh -ABANK2=0110h-016Fh \
  -ABANK3=0190h-01EFh -ARAM=020h-06Fh,0A0h-0EFh,0110h-016Fh,0190h-01EFh \
  -AABS1=020h-07Fh,0A0h-0EFh,0110h-016Fh,0190h-01EFh -ASFR0=00h-01Fh \
  -ASFR1=080h-09Fh -ASFR2=0100h-010Fh -ASFR3=0180h-018Fh \
  -ACONFIG=02007h-02007h -DCONFIG=2 -AIDLOC=02000h-02003h -DIDLOC=2 \
  -preset_vec=00h,intentry=04h,init,end_init -ppowerup=CODE -pcinit=CODE \
  -pfunctab=ENTRY -AEEDATA=00h-0FFh/02100h -peeprom_data=EEDATA -DEEDATA=2 \
  -DCODE=2 -DSTRCODE=2 -DSTRING=2 -DCONST=2 -DENTRY=2 -k \
  C:\Users\LENOVO\AppData\Local\Temp\s2tk.o \
  dist/default/production\Electric_Heater.X.production.o 

Object code version is 3.11

Machine type is 16F877A



                Name                               Link     Load   Length Selector   Space Scale
C:\Users\LENOVO\AppData\Local\Temp\s2tk.o
                end_init                             10       10        3        8       0
                reset_vec                             0        0        3        0       0
                config                             2007     2007        1        0       4
dist/default/production\Electric_Heater.X.production.o
                cinit                                13       13       19        8       0
                intentry                              4        4        C        8       0
                config                             2007     2007        1        0       4
                text7                                E0       E0       48        8       0
                text6                                2C       2C       68        8       0
                text5                                94       94       4C        8       0
                text4                               19E      19E        D        8       0
                text3                               1BE      1BE        9        8       0
                text2                               1B5      1B5        9        8       0
                text1                               16F      16F       1C        8       0
                maintext                            128      128       47        8       0
                cstackBANK0                          20       20       1A       20       1
                cstackCOMMON                         70       70        6       70       1
                inittext                            18B      18B       13        8       0
                dataBANK0                            3A       3A        A       20       1
                dataCOMMON                           77       77        1       70       1
                bssCOMMON                            76       76        1       70       1
                idataBANK0                          1AB      1AB        A        8       0
                idataCOMMON                         1C7      1C7        1        8       0

TOTAL           Name                               Link     Load   Length     Space
        CLASS   STACK          

        CLASS   CODE           
                end_init                             10       10        3         0
                cinit                                13       13       19         0
                intentry                              4        4        C         0
                reset_vec                             0        0        3         0
                text7                                E0       E0       48         0
                text6                                2C       2C       68         0
                text5                                94       94       4C         0
                text4                               19E      19E        D         0
                text3                               1BE      1BE        9         0
                text2                               1B5      1B5        9         0
                text1                               16F      16F       1C         0
                maintext                            128      128       47         0
                inittext                            18B      18B       13         0
                idataBANK0                          1AB      1AB        A         0
                idataCOMMON                         1C7      1C7        1         0

        CLASS   STRCODE        

        CLASS   STRING         

        CLASS   CONST          

        CLASS   ENTRY          

        CLASS   COMMON         
                cstackCOMMON                         70       70        6         1
                dataCOMMON                           77       77        1         1
                bssCOMMON                            76       76        1         1

        CLASS   BANK0          
                cstackBANK0                          20       20       1A         1
                dataBANK0                            3A       3A        A         1

        CLASS   BANK1          

        CLASS   BANK2          

        CLASS   BANK3          

        CLASS   RAM            

        CLASS   ABS1           
                abs_s1                               7E       7E        2         1

        CLASS   SFR0           

        CLASS   SFR1           

        CLASS   SFR2           

        CLASS   SFR3           

        CLASS   CONFIG         
                config                             2007     2007        1         4

        CLASS   IDLOC          

        CLASS   EEDATA         



SEGMENTS        Name                           Load    Length   Top    Selector   Space  Class     Delta

                reset_vec                      000000  000003  000003         0       0  CODE        2
                intentry                       000004  0001C4  0001C8         8       0  CODE        2
                cstackBANK0                    000020  000024  000044        20       1  BANK0       1
                cstackCOMMON                   000070  000008  000078        70       1  COMMON      1


UNUSED ADDRESS RANGES

        Name                Unused          Largest block    Delta
        BANK0            0044-006F             2C           1
        BANK1            00A0-00EF             50           1
        BANK2            0110-016F             60           1
        BANK3            0190-01EF             60           1
        CODE             0003-0003              1           2
                         01C8-1FFF            800
        COMMON           0078-007D              6           1
        CONST            0003-0003              1           2
                         01C8-1FFF            100
        EEDATA           2100-21FF            100           2
        ENTRY            0003-0003              1           2
                         01C8-1FFF            100
        IDLOC            2000-2003              4           2
        RAM              0044-006F             2C           1
                         00A0-00EF             50
                         0110-016F             60
                         0190-01EF             60
        SFR0             0000-001F             20           1
        SFR1             0080-009F             20           1
        SFR2             0100-010F             10           1
        SFR3             0180-018F             10           1
        STACK            0110-016F             60           1
        STRCODE          0003-0003              1           2
                         01C8-1FFF           1E38
        STRING           0003-0003              1           2
                         01C8-1FFF            100

                                  Symbol Table

?___lldiv                       cstackBANK0  0020
I2C_Init@i2c_config             cstackBANK0  002E
I2C_Master_WriteByte@Data       cstackBANK0  0020
_ACKDT                          (abs)        048D
_ACKEN                          (abs)        048C
_ACKSTAT                        (abs)        048E
_BF                             (abs)        04A0
_CKP                            (abs)        00A4
_Display_code                   dataBANK0    003A
_GIE                            (abs)        005F
_I2C_INT_SlaveRead              text7        00E0
_I2C_Init                       text5        0094
_I2C_Master_Send_Start          text3        01BE
_I2C_Master_Send_Stop           text2        01B5
_I2C_Master_WriteByte           text1        016F
_I2C_Wait_IDLE                  text4        019E
_PEIE                           (abs)        005E
_PEN                            (abs)        048A
_PORTA                          (abs)        0005
_PORTC                          (abs)        0007
_PORTD                          (abs)        0008
_RCEN                           (abs)        048B
_RSEN                           (abs)        0489
_RX_Data                        bssCOMMON    0076
_R_nW                           (abs)        04A2
_SEN                            (abs)        0488
_SSPADD                         (abs)        0093
_SSPBUF                         (abs)        0013
_SSPCON                         (abs)        0014
_SSPCON2                        (abs)        0091
_SSPEN                          (abs)        00A5
_SSPIE                          (abs)        0463
_SSPIF                          (abs)        0063
_SSPOV                          (abs)        00A6
_SSPSTAT                        (abs)        0094
_TRISA                          (abs)        0085
_TRISC                          (abs)        0087
_TRISD                          (abs)        0088
_TX_DATA                        dataCOMMON   0077
_WCOL                           (abs)        00A7
__Habs1                         abs1         0000
__Hbank0                        bank0        0000
__Hbank1                        bank1        0000
__Hbank2                        bank2        0000
__Hbank3                        bank3        0000
__HbssCOMMON                    bssCOMMON    0000
__Hcinit                        cinit        002C
__Hclrtext                      clrtext      0000
__Hcode                         code         0000
__Hcommon                       common       0000
__Hconfig                       config       2008
__HcstackBANK0                  cstackBANK0  0000
__HcstackCOMMON                 cstackCOMMON 0000
__HdataBANK0                    dataBANK0    0000
__HdataCOMMON                   dataCOMMON   0000
__Heeprom_data                  eeprom_data  0000
__Hend_init                     end_init     0013
__Hfunctab                      functab      0000
__HidataBANK0                   idataBANK0   0000
__HidataCOMMON                  idataCOMMON  0000
__Hinit                         init         0010
__Hinittext                     inittext     0000
__Hintentry                     intentry     0010
__Hmaintext                     maintext     0000
__Hpowerup                      powerup      0000
__Hram                          ram          0000
__Hreset_vec                    reset_vec    0003
__Hsfr0                         sfr0         0000
__Hsfr1                         sfr1         0000
__Hsfr2                         sfr2         0000
__Hsfr3                         sfr3         0000
__Hspace_0                      (abs)        01C8
__Hspace_1                      (abs)        0078
__Hspace_2                      (abs)        0000
__Hspace_3                      (abs)        0000
__Hspace_4                      (abs)        400F
__Hstack                        stack        0000
__Hstrings                      strings      0000
__Htext                         text         0000
__Labs1                         abs1         0000
__Lbank0                        bank0        0000
__Lbank1                        bank1        0000
__Lbank2                        bank2        0000
__Lbank3                        bank3        0000
__LbssCOMMON                    bssCOMMON    0000
__Lcinit                        cinit        0013
__Lclrtext                      clrtext      0000
__Lcode                         code         0000
__Lcommon                       common       0000
__Lconfig                       config       0000
__LcstackBANK0                  cstackBANK0  0000
__LcstackCOMMON                 cstackCOMMON 0000
__LdataBANK0                    dataBANK0    0000
__LdataCOMMON                   dataCOMMON   0000
__Leeprom_data                  eeprom_data  0000
__Lend_init                     end_init     0010
__Lfunctab                      functab      0000
__LidataBANK0                   idataBANK0   0000
__LidataCOMMON                  idataCOMMON  0000
__Linit                         init         0010
__Linittext                     inittext     0000
__Lintentry                     intentry     0004
__Lmaintext                     maintext     0000
__Lpowerup                      powerup      0000
__Lram                          ram          0000
__Lreset_vec                    reset_vec    0000
__Lsfr0                         sfr0         0000
__Lsfr1                         sfr1         0000
__Lsfr2                         sfr2         0000
__Lsfr3                         sfr3         0000
__Lspace_0                      (abs)        0000
__Lspace_1                      (abs)        0000
__Lspace_2                      (abs)        0000
__Lspace_3                      (abs)        0000
__Lspace_4                      (abs)        0000
__Lstack                        stack        0000
__Lstrings                      strings      0000
__Ltext                         text         0000
__S0                            (abs)        01C8
__S1                            (abs)        0078
__S2                            (abs)        0000
__S3                            (abs)        0000
___int_sp                       stack        0000
___latbits                      (abs)        0002
___lldiv                        text6        002C
___lldiv@counter                cstackBANK0  002D
___lldiv@dividend               cstackBANK0  0024
___lldiv@divisor                cstackBANK0  0020
___lldiv@quotient               cstackBANK0  0029
___sp                           stack        0000
___stackhi                      (abs)        0000
___stacklo                      (abs)        0000
__end_of_I2C_INT_SlaveRead      text7        0128
__end_of_I2C_Init               text5        00E0
__end_of_I2C_Master_Send_Start  text3        01C7
__end_of_I2C_Master_Send_Stop   text2        01BE
__end_of_I2C_Master_WriteByte   text1        018B
__end_of_I2C_Wait_IDLE          text4        01AB
__end_of___lldiv                text6        0094
__end_of__initialization        cinit        0028
__end_of_main                   maintext     016F
__initialization                cinit        0013
__pbssCOMMON                    bssCOMMON    0076
__pcstackBANK0                  cstackBANK0  0020
__pcstackCOMMON                 cstackCOMMON 0070
__pdataBANK0                    dataBANK0    003A
__pdataCOMMON                   dataCOMMON   0077
__pidataBANK0                   idataBANK0   01AB
__pidataCOMMON                  idataCOMMON  01C7
__pintentry                     intentry     0004
__pmaintext                     maintext     0128
__ptext1                        text1        016F
__ptext2                        text2        01B5
__ptext3                        text3        01BE
__ptext4                        text4        019E
__ptext5                        text5        0094
__ptext6                        text6        002C
__ptext7                        text7        00E0
__size_of_I2C_INT_SlaveRead     (abs)        0000
__size_of_I2C_Init              (abs)        0000
__size_of_I2C_Master_Send_Start (abs)        0000
__size_of_I2C_Master_Send_Stop  (abs)        0000
__size_of_I2C_Master_WriteByte  (abs)        0000
__size_of_I2C_Wait_IDLE         (abs)        0000
__size_of___lldiv               (abs)        0000
__size_of_main                  (abs)        0000
_main                           maintext     0128
btemp                           (abs)        007E
end_of_initialization           cinit        0028
init_fetch0                     inittext     018B
init_ram0                       inittext     018F
interrupt_function              intentry     0004
intlevel0                       functab      0000
intlevel1                       functab      0000
intlevel2                       functab      0000
intlevel3                       functab      0000
intlevel4                       functab      0000
intlevel5                       functab      0000
main@config                     cstackBANK0  0034
reset_vec                       reset_vec    0000
saved_w                         (abs)        007E
start                           init         0010
start_initialization            cinit        0013
wtemp0                          (abs)        007E


FUNCTION INFORMATION:

 *************** function _main *****************
 Defined at:
		line 47 in file "main.c"
 Parameters:    Size  Location     Type
		None
 Auto vars:     Size  Location     Type
  config          6   20[BANK0 ] struct .
  address         2    0        unsigned short 
  data            1    0        unsigned char 
 Return value:  Size  Location     Type
                  1    wreg      void 
 Registers used:
		wreg, fsr0l, fsr0h, status,2, status,0, btemp+1, pclath, cstack
 Tracked objects:
		On entry : 
		On exit  : 
		Unchanged: 
 Data sizes:     COMMON   BANK0   BANK1   BANK3   BANK2
      Params:         0       0       0       0       0
      Locals:         0      11       0       0       0
      Temps:          0       0       0       0       0
      Totals:         0      11       0       0       0
Total ram usage:       11 bytes
 Hardware stack levels required when called:    3
 This function calls:
		_I2C_Init
		_I2C_Master_Send_Start
		_I2C_Master_Send_Stop
		_I2C_Master_WriteByte
 This function is called by:
		Startup code after reset
 This function uses a non-reentrant model


 *************** function _I2C_Master_WriteByte *****************
 Defined at:
		line 95 in file "i2c.c"
 Parameters:    Size  Location     Type
  Data            1    wreg     unsigned char 
 Auto vars:     Size  Location     Type
  Data            1    0[BANK0 ] unsigned char 
 Return value:  Size  Location     Type
                  1    wreg      unsigned char 
 Registers used:
		wreg, status,2, status,0, pclath, cstack
 Tracked objects:
		On entry : 
		On exit  : 
		Unchanged: 
 Data sizes:     COMMON   BANK0   BANK1   BANK3   BANK2
      Params:         0       0       0       0       0
      Locals:         0       1       0       0       0
      Temps:          0       0       0       0       0
      Totals:         0       1       0       0       0
Total ram usage:        1 bytes
 Hardware stack levels used:    1
 Hardware stack levels required when called:    2
 This function calls:
		_I2C_Wait_IDLE
 This function is called by:
		_main
		_EEPROM_WriteByte
		_EEPROM_WritePage
		_EEPROM_ReadByte
		_EEPROM_ReadPage
 This function uses a non-reentrant model


 *************** function _I2C_Master_Send_Stop *****************
 Defined at:
		line 67 in file "i2c.c"
 Parameters:    Size  Location     Type
		None
 Auto vars:     Size  Location     Type
		None
 Return value:  Size  Location     Type
                  1    wreg      void 
 Registers used:
		wreg, status,2, status,0, pclath, cstack
 Tracked objects:
		On entry : 
		On exit  : 
		Unchanged: 
 Data sizes:     COMMON   BANK0   BANK1   BANK3   BANK2
      Params:         0       0       0       0       0
      Locals:         0       0       0       0       0
      Temps:          0       0       0       0       0
      Totals:         0       0       0       0       0
Total ram usage:        0 bytes
 Hardware stack levels used:    1
 Hardware stack levels required when called:    2
 This function calls:
		_I2C_Wait_IDLE
 This function is called by:
		_main
		_EEPROM_WriteByte
		_EEPROM_WritePage
		_EEPROM_ReadByte
		_EEPROM_ReadPage
 This function uses a non-reentrant model


 *************** function _I2C_Master_Send_Start *****************
 Defined at:
		line 61 in file "i2c.c"
 Parameters:    Size  Location     Type
		None
 Auto vars:     Size  Location     Type
		None
 Return value:  Size  Location     Type
                  1    wreg      void 
 Registers used:
		wreg, status,2, status,0, pclath, cstack
 Tracked objects:
		On entry : 
		On exit  : 
		Unchanged: 
 Data sizes:     COMMON   BANK0   BANK1   BANK3   BANK2
      Params:         0       0       0       0       0
      Locals:         0       0       0       0       0
      Temps:          0       0       0       0       0
      Totals:         0       0       0       0       0
Total ram usage:        0 bytes
 Hardware stack levels used:    1
 Hardware stack levels required when called:    2
 This function calls:
		_I2C_Wait_IDLE
 This function is called by:
		_main
		_EEPROM_WriteByte
		_EEPROM_WritePage
		_EEPROM_ReadByte
		_EEPROM_ReadPage
 This function uses a non-reentrant model


 *************** function _I2C_Wait_IDLE *****************
 Defined at:
		line 53 in file "i2c.c"
 Parameters:    Size  Location     Type
		None
 Auto vars:     Size  Location     Type
		None
 Return value:  Size  Location     Type
                  1    wreg      void 
 Registers used:
		wreg, status,2
 Tracked objects:
		On entry : 
		On exit  : 
		Unchanged: 
 Data sizes:     COMMON   BANK0   BANK1   BANK3   BANK2
      Params:         0       0       0       0       0
      Locals:         0       0       0       0       0
      Temps:          0       0       0       0       0
      Totals:         0       0       0       0       0
Total ram usage:        0 bytes
 Hardware stack levels used:    1
 Hardware stack levels required when called:    1
 This function calls:
		Nothing
 This function is called by:
		_I2C_Master_Send_Start
		_I2C_Master_Send_Stop
		_I2C_Master_WriteByte
		_I2C_Master_Send_RepeatedStart
		_I2C_Master_Send_ACK
		_I2C_Master_Send_NACK
		_I2C_Master_ReadByte
 This function uses a non-reentrant model


 *************** function _I2C_Init *****************
 Defined at:
		line 12 in file "i2c.c"
 Parameters:    Size  Location     Type
  i2c_config      1    wreg     PTR struct .
		 -> main@config(6), 
 Auto vars:     Size  Location     Type
  i2c_config      1   14[BANK0 ] PTR struct .
		 -> main@config(6), 
 Return value:  Size  Location     Type
                  1    wreg      void 
 Registers used:
		wreg, fsr0l, fsr0h, status,2, status,0, btemp+1, pclath, cstack
 Tracked objects:
		On entry : 
		On exit  : 
		Unchanged: 
 Data sizes:     COMMON   BANK0   BANK1   BANK3   BANK2
      Params:         0       0       0       0       0
      Locals:         0       1       0       0       0
      Temps:          0       0       0       0       0
      Totals:         0       1       0       0       0
Total ram usage:        1 bytes
 Hardware stack levels used:    1
 Hardware stack levels required when called:    2
 This function calls:
		___lldiv
 This function is called by:
		_main
 This function uses a non-reentrant model


 *************** function ___lldiv *****************
 Defined at:
		line 5 in file "C:\Program Files\Microchip\xc8\v2.20\pic\sources\c90\common\__lldiv.c"
 Parameters:    Size  Location     Type
  divisor         4    0[BANK0 ] unsigned long 
  dividend        4    4[BANK0 ] unsigned long 
 Auto vars:     Size  Location     Type
  quotient        4    9[BANK0 ] unsigned long 
  counter         1   13[BANK0 ] unsigned char 
 Return value:  Size  Location     Type
                  4    0[BANK0 ] unsigned long 
 Registers used:
		wreg, status,2, status,0, btemp+1
 Tracked objects:
		On entry : 
		On exit  : 
		Unchanged: 
 Data sizes:     COMMON   BANK0   BANK1   BANK3   BANK2
      Params:         0       8       0       0       0
      Locals:         0       5       0       0       0
      Temps:          0       1       0       0       0
      Totals:         0      14       0       0       0
Total ram usage:       14 bytes
 Hardware stack levels used:    1
 Hardware stack levels required when called:    1
 This function calls:
		Nothing
 This function is called by:
		_I2C_Init
 This function uses a non-reentrant model


 *************** function _I2C_INT_SlaveRead *****************
 Defined at:
		line 16 in file "main.c"
 Parameters:    Size  Location     Type
		None
 Auto vars:     Size  Location     Type
  Dummy           1    0        unsigned char 
  Dummy           1    0        unsigned char 
  Dummy           1    0        unsigned char 
 Return value:  Size  Location     Type
                  1    wreg      void 
 Registers used:
		wreg, btemp+1
 Tracked objects:
		On entry : 
		On exit  : 
		Unchanged: 
 Data sizes:     COMMON   BANK0   BANK1   BANK3   BANK2
      Params:         0       0       0       0       0
      Locals:         3       0       0       0       0
      Temps:          3       0       0       0       0
      Totals:         6       0       0       0       0
Total ram usage:        6 bytes
 Hardware stack levels used:    1
 This function calls:
		Nothing
 This function is called by:
		Interrupt level 1
 This function uses a non-reentrant model



MODULE INFORMATION

Module		Function		Class		Link	Load	Size
C:\Program Files\Microchip\xc8\v2.20\pic\sources\c90\common\__lldiv.c
		___lldiv       		CODE           	002C	0000	105

C:\Program Files\Microchip\xc8\v2.20\pic\sources\c90\common\__lldiv.c estimated size: 105

i2c.c
		_I2C_Master_Send_Start		CODE           	01BE	0000	10
		_I2C_Master_Send_Stop		CODE           	01B5	0000	10
		_I2C_Init      		CODE           	0094	0000	77
		_I2C_Wait_IDLE 		CODE           	019E	0000	14
		_I2C_Master_WriteByte		CODE           	016F	0000	29

i2c.c estimated size: 140

shared
		__initialization		CODE           	0013	0000	22

shared estimated size: 22

main.c
		_I2C_INT_SlaveRead		CODE           	00E0	0000	73
		_main          		CODE           	0128	0000	72

main.c estimated size: 145

