Microchip MPLAB XC8 Compiler V2.20

Linker command line:

-W-3 --edf=C:\Program Files\Microchip\xc8\v2.20\pic\dat\en_msgs.txt -cn \
  -h+dist/default/production\Electric_Heater.X.production.sym \
  --cmf=dist/default/production\Electric_Heater.X.production.cmf -z \
  -Q16F877A -oC:\Users\LENOVO\AppData\Local\Temp\s15tk.2 \
  --defsym=__MPLAB_BUILD=1 \
  -Mdist/default/production/Electric_Heater.X.production.map -E1 \
  -ver=XC8 Compiler --acfsm=1493 -ASTACK=0110h-016Fh -pstack=STACK \
  -ACODE=00h-07FFhx4 -ASTRCODE=00h-01FFFh -ASTRING=00h-0FFhx32 \
  -ACONST=00h-0FFhx32 -AENTRY=00h-0FFhx32 -ACOMMON=070h-07Fh \
  -ABANK0=020h-06Fh -ABANK1=0A0h-0EFh -ABANK2=0110h-016Fh \
  -ABANK3=0190h-01EFh -ARAM=020h-06Fh,0A0h-0EFh,0110h-016Fh,0190h-01EFh \
  -AABS1=020h-07Fh,0A0h-0EFh,0110h-016Fh,0190h-01EFh -ASFR0=00h-01Fh \
  -ASFR1=080h-09Fh -ASFR2=0100h-010Fh -ASFR3=0180h-018Fh \
  -ACONFIG=02007h-02007h -DCONFIG=2 -AIDLOC=02000h-02003h -DIDLOC=2 \
  -preset_vec=00h,intentry=04h,init,end_init -ppowerup=CODE -pcinit=CODE \
  -pfunctab=ENTRY -AEEDATA=00h-0FFh/02100h -peeprom_data=EEDATA -DEEDATA=2 \
  -DCODE=2 -DSTRCODE=2 -DSTRING=2 -DCONST=2 -DENTRY=2 -k \
  C:\Users\LENOVO\AppData\Local\Temp\s15tk.o \
  dist/default/production\Electric_Heater.X.production.o 

Object code version is 3.11

Machine type is 16F877A



                Name                               Link     Load   Length Selector   Space Scale
C:\Users\LENOVO\AppData\Local\Temp\s15tk.o
                end_init                             12       12        3        8       0
                reset_vec                             0        0        3        0       0
                config                             2007     2007        1        0       4
dist/default/production\Electric_Heater.X.production.o
                cinit                                15       15       1A        8       0
                intentry                              4        4        E        8       0
                config                             2007     2007        1        0       4
                text16                              FD5      FD5       2B     1FAA       0
                text15                              544      544       71        8       0
                text14                              F95      F95       1B     1F2A       0
                text13                              61F      61F       67        8       0
                text12                              767      767       3A        8       0
                text11                              686      686       4F        8       0
                text10                              7D8      7D8       27        8       0
                text9                                2F       2F      361        8       0
                text8                               4C8      4C8       7C        8       0
                text7                               390      390       BA        8       0
                text6                               5B5      5B5       6A        8       0
                text5                               44A      44A       7E        8       0
                text4                               FB0      FB0       25     1F60       0
                text3                               71F      71F       48        8       0
                text2                               6D5      6D5       4A        8       0
                text1                               F72      F72       10     1EE4       0
                maintext                            7A1      7A1       37        8       0
                cstackBANK0                          20       20       2E       20       1
                cstackCOMMON                         70       70        E       70       1
                cstackBANK1                          A0       A0        A       A0       1
                inittext                            F82      F82       13     1F04       0
                bssBANK1                             AA       AA        3       A0       1
                dataBANK0                            4E       4E        A       20       1
                bssBANK0                             58       58        1       20       1
                idataBANK0                          F68      F68        A     1ED0       0

TOTAL           Name                               Link     Load   Length     Space
        CLASS   STACK          

        CLASS   CODE           
                end_init                             12       12        3         0
                cinit                                15       15       1A         0
                intentry                              4        4        E         0
                reset_vec                             0        0        3         0
                text16                              FD5      FD5       2B         0
                text15                              544      544       71         0
                text14                              F95      F95       1B         0
                text13                              61F      61F       67         0
                text12                              767      767       3A         0
                text11                              686      686       4F         0
                text10                              7D8      7D8       27         0
                text9                                2F       2F      361         0
                text8                               4C8      4C8       7C         0
                text7                               390      390       BA         0
                text6                               5B5      5B5       6A         0
                text5                               44A      44A       7E         0
                text4                               FB0      FB0       25         0
                text3                               71F      71F       48         0
                text2                               6D5      6D5       4A         0
                text1                               F72      F72       10         0
                maintext                            7A1      7A1       37         0
                inittext                            F82      F82       13         0
                idataBANK0                          F68      F68        A         0

        CLASS   STRCODE        

        CLASS   STRING         

        CLASS   CONST          

        CLASS   ENTRY          

        CLASS   COMMON         
                cstackCOMMON                         70       70        E         1

        CLASS   BANK0          
                cstackBANK0                          20       20       2E         1
                dataBANK0                            4E       4E        A         1
                bssBANK0                             58       58        1         1

        CLASS   BANK1          
                cstackBANK1                          A0       A0        A         1
                bssBANK1                             AA       AA        3         1

        CLASS   BANK2          

        CLASS   BANK3          

        CLASS   RAM            

        CLASS   ABS1           
                abs_s1                               7E       7E        2         1

        CLASS   SFR0           

        CLASS   SFR1           

        CLASS   SFR2           

        CLASS   SFR3           

        CLASS   CONFIG         
                config                             2007     2007        1         4

        CLASS   IDLOC          

        CLASS   EEDATA         



SEGMENTS        Name                           Load    Length   Top    Selector   Space  Class     Delta

                reset_vec                      000000  000003  000003         0       0  CODE        2
                intentry                       000004  0007FB  0007FF         8       0  CODE        2
                cstackBANK0                    000020  000039  000059        20       1  BANK0       1
                cstackCOMMON                   000070  00000E  00007E        70       1  COMMON      1
                cstackBANK1                    0000A0  00000D  0000AD        A0       1  BANK1       1
                idataBANK0                     000F68  00000A  000F72      1ED0       0  CODE        2
                text1                          000F72  000010  000F82      1EE4       0  CODE        2
                inittext                       000F82  000013  000F95      1F04       0  CODE        2
                text14                         000F95  00001B  000FB0      1F2A       0  CODE        2
                text4                          000FB0  000025  000FD5      1F60       0  CODE        2
                text16                         000FD5  00002B  001000      1FAA       0  CODE        2


UNUSED ADDRESS RANGES

        Name                Unused          Largest block    Delta
        BANK0            0059-006F             17           1
        BANK1            00AD-00EF             43           1
        BANK2            0110-016F             60           1
        BANK3            0190-01EF             60           1
        CODE             0003-0003              1           2
                         07FF-0F67              1
                         1000-1FFF            800
        CONST            0003-0003              1           2
                         07FF-0F67            100
                         1000-1FFF            100
        EEDATA           2100-21FF            100           2
        ENTRY            0003-0003              1           2
                         07FF-0F67            100
                         1000-1FFF            100
        IDLOC            2000-2003              4           2
        RAM              0059-006F             17           1
                         00AD-00EF             43
                         0110-016F             60
                         0190-01EF             60
        SFR0             0000-001F             20           1
        SFR1             0080-009F             20           1
        SFR2             0100-010F             10           1
        SFR3             0180-018F             10           1
        STACK            0110-016F             60           1
        STRCODE          0003-0003              1           2
                         07FF-0F67            769
                         1000-1FFF           1000
        STRING           0003-0003              1           2
                         07FF-0F67            100
                         1000-1FFF            100

                                  Symbol Table

?_ADC_ReadChannel            cstackCOMMON 0070
?__Umul8_16                  cstackCOMMON 0070
?___awdiv                    cstackCOMMON 0070
?___flmul                    cstackBANK0  0020
?___fltol                    cstackBANK0  003A
?___lwmod                    cstackCOMMON 0070
?___xxtofl                   cstackCOMMON 0070
ADC_Init@config              cstackBANK1  00A2
ADC_ReadChannel@channel      cstackCOMMON 0075
ADC_ReadChannel@result       cstackCOMMON 0073
DD_SetState@device           cstackBANK1  00A3
DD_SetState@state            cstackBANK1  00A0
Display_Write@ID             cstackCOMMON 0079
Display_Write@Number         cstackCOMMON 0078
Display_config@Display_state cstackCOMMON 0070
Display_config@ID            cstackCOMMON 0073
Heater_Display@temp          cstackBANK0  0044
TMR1_Init@config             cstackBANK1  00A2
Timer@Reading                cstackBANK0  004C
Timer@count                  bssBANK0     0058
_ACKDT                       (abs)        048D
_ACKEN                       (abs)        048C
_ACKSTAT                     (abs)        048E
_ADCON0                      (abs)        001F
_ADCON1                      (abs)        009F
_ADC_Init                    text5        044A
_ADC_ReadChannel             text16       0FD5
_ADIE                        (abs)        0466
_ADIF                        (abs)        0066
_ADRESH                      (abs)        001E
_ADRESL                      (abs)        009E
_DD_Init                     text4        0FB0
_DD_SetState                 text3        071F
_Devices_State               bssBANK1     00AA
_Display_Write               text14       0F95
_Display_code                dataBANK0    004E
_Display_config              text15       0544
_GIE                         (abs)        005F
_Heater_Display              text11       0686
_PEIE                        (abs)        005E
_PEN                         (abs)        048A
_PORTA                       (abs)        0005
_PORTD                       (abs)        0008
_RCEN                        (abs)        048B
_RSEN                        (abs)        0489
_SEN                         (abs)        0488
_SSPADD                      (abs)        0093
_SSPBUF                      (abs)        0013
_SSPCON                      (abs)        0014
_SSPCON2                     (abs)        0091
_SSPEN                       (abs)        00A5
_SSPIE                       (abs)        0463
_SSPIF                       (abs)        0063
_SSPSTAT                     (abs)        0094
_T0CS                        (abs)        040D
_T1CKPS0                     (abs)        0084
_T1CKPS1                     (abs)        0085
_TMR1                        (abs)        000E
_TMR1IE                      (abs)        0460
_TMR1IF                      (abs)        0060
_TMR1ON                      (abs)        0080
_TMR1_Init                   text2        06D5
_TMR1_Start                  text1        0F72
_TRISA                       (abs)        0085
_TRISB                       (abs)        0086
_TRISC                       (abs)        0087
_TRISD                       (abs)        0088
_Timer                       text6        05B5
__Habs1                      abs1         0000
__Hbank0                     bank0        0000
__Hbank1                     bank1        0000
__Hbank2                     bank2        0000
__Hbank3                     bank3        0000
__HbssBANK0                  bssBANK0     0000
__HbssBANK1                  bssBANK1     0000
__Hcinit                     cinit        002F
__Hclrtext                   clrtext      0000
__Hcode                      code         0000
__Hcommon                    common       0000
__Hconfig                    config       2008
__HcstackBANK0               cstackBANK0  0000
__HcstackBANK1               cstackBANK1  0000
__HcstackCOMMON              cstackCOMMON 0000
__HdataBANK0                 dataBANK0    0000
__Heeprom_data               eeprom_data  0000
__Hend_init                  end_init     0015
__Hfunctab                   functab      0000
__HidataBANK0                idataBANK0   0000
__Hinit                      init         0012
__Hinittext                  inittext     0000
__Hintentry                  intentry     0012
__Hmaintext                  maintext     0000
__Hpowerup                   powerup      0000
__Hram                       ram          0000
__Hreset_vec                 reset_vec    0003
__Hsfr0                      sfr0         0000
__Hsfr1                      sfr1         0000
__Hsfr2                      sfr2         0000
__Hsfr3                      sfr3         0000
__Hspace_0                   (abs)        1000
__Hspace_1                   (abs)        00AD
__Hspace_2                   (abs)        0000
__Hspace_3                   (abs)        0000
__Hspace_4                   (abs)        400F
__Hstack                     stack        0000
__Hstrings                   strings      0000
__Htext                      text         0000
__Labs1                      abs1         0000
__Lbank0                     bank0        0000
__Lbank1                     bank1        0000
__Lbank2                     bank2        0000
__Lbank3                     bank3        0000
__LbssBANK0                  bssBANK0     0000
__LbssBANK1                  bssBANK1     0000
__Lcinit                     cinit        0015
__Lclrtext                   clrtext      0000
__Lcode                      code         0000
__Lcommon                    common       0000
__Lconfig                    config       0000
__LcstackBANK0               cstackBANK0  0000
__LcstackBANK1               cstackBANK1  0000
__LcstackCOMMON              cstackCOMMON 0000
__LdataBANK0                 dataBANK0    0000
__Leeprom_data               eeprom_data  0000
__Lend_init                  end_init     0012
__Lfunctab                   functab      0000
__LidataBANK0                idataBANK0   0000
__Linit                      init         0012
__Linittext                  inittext     0000
__Lintentry                  intentry     0004
__Lmaintext                  maintext     0000
__Lpowerup                   powerup      0000
__Lram                       ram          0000
__Lreset_vec                 reset_vec    0000
__Lsfr0                      sfr0         0000
__Lsfr1                      sfr1         0000
__Lsfr2                      sfr2         0000
__Lsfr3                      sfr3         0000
__Lspace_0                   (abs)        0000
__Lspace_1                   (abs)        0000
__Lspace_2                   (abs)        0000
__Lspace_3                   (abs)        0000
__Lspace_4                   (abs)        0000
__Lstack                     stack        0000
__Lstrings                   strings      0000
__Ltext                      text         0000
__S0                         (abs)        1000
__S1                         (abs)        00AD
__S2                         (abs)        0000
__S3                         (abs)        0000
__Umul8_16                   text10       07D8
__Umul8_16@multiplicand      cstackCOMMON 0070
__Umul8_16@multiplier        cstackCOMMON 0078
__Umul8_16@product           cstackCOMMON 0074
__Umul8_16@word_mpld         cstackCOMMON 0076
___awdiv                     text13       061F
___awdiv@counter             cstackCOMMON 0074
___awdiv@dividend            cstackCOMMON 0072
___awdiv@divisor             cstackCOMMON 0070
___awdiv@quotient            cstackCOMMON 0076
___awdiv@sign                cstackCOMMON 0075
___flmul                     text9        002F
___flmul@a                   cstackBANK0  0024
___flmul@aexp                cstackBANK0  0032
___flmul@b                   cstackBANK0  0020
___flmul@bexp                cstackBANK0  0033
___flmul@grs                 cstackBANK0  002E
___flmul@prod                cstackBANK0  0034
___flmul@sign                cstackBANK0  002D
___flmul@temp                cstackBANK0  0038
___fltol                     text8        04C8
___fltol@exp1                cstackBANK0  0043
___fltol@f1                  cstackBANK0  003A
___fltol@sign1               cstackBANK0  0042
___int_sp                    stack        0000
___latbits                   (abs)        0002
___lwmod                     text12       0767
___lwmod@counter             cstackCOMMON 0074
___lwmod@dividend            cstackCOMMON 0072
___lwmod@divisor             cstackCOMMON 0070
___sp                        stack        0000
___stackhi                   (abs)        0000
___stacklo                   (abs)        0000
___xxtofl                    text7        0390
___xxtofl@arg                cstackCOMMON 007A
___xxtofl@exp                cstackCOMMON 0079
___xxtofl@sign               cstackCOMMON 0078
___xxtofl@val                cstackCOMMON 0070
__end_of_ADC_Init            text5        04C8
__end_of_ADC_ReadChannel     text16       1000
__end_of_DD_Init             text4        0FD5
__end_of_DD_SetState         text3        0767
__end_of_Display_Write       text14       0FB0
__end_of_Display_config      text15       05B5
__end_of_Heater_Display      text11       06D5
__end_of_TMR1_Init           text2        071F
__end_of_TMR1_Start          text1        0F82
__end_of_Timer               text6        061F
__end_of__Umul8_16           text10       07FF
__end_of___awdiv             text13       0686
__end_of___flmul             text9        0390
__end_of___fltol             text8        0544
__end_of___lwmod             text12       07A1
__end_of___xxtofl            text7        044A
__end_of__initialization     cinit        002B
__end_of_main                maintext     07D8
__initialization             cinit        0015
__pbssBANK0                  bssBANK0     0058
__pbssBANK1                  bssBANK1     00AA
__pcstackBANK0               cstackBANK0  0020
__pcstackBANK1               cstackBANK1  00A0
__pcstackCOMMON              cstackCOMMON 0070
__pdataBANK0                 dataBANK0    004E
__pidataBANK0                idataBANK0   0F68
__pintentry                  intentry     0004
__pmaintext                  maintext     07A1
__ptext1                     text1        0F72
__ptext10                    text10       07D8
__ptext11                    text11       0686
__ptext12                    text12       0767
__ptext13                    text13       061F
__ptext14                    text14       0F95
__ptext15                    text15       0544
__ptext16                    text16       0FD5
__ptext2                     text2        06D5
__ptext3                     text3        071F
__ptext4                     text4        0FB0
__ptext5                     text5        044A
__ptext6                     text6        05B5
__ptext7                     text7        0390
__ptext8                     text8        04C8
__ptext9                     text9        002F
__size_of_ADC_Init           (abs)        0000
__size_of_ADC_ReadChannel    (abs)        0000
__size_of_DD_Init            (abs)        0000
__size_of_DD_SetState        (abs)        0000
__size_of_Display_Write      (abs)        0000
__size_of_Display_config     (abs)        0000
__size_of_Heater_Display     (abs)        0000
__size_of_TMR1_Init          (abs)        0000
__size_of_TMR1_Start         (abs)        0000
__size_of_Timer              (abs)        0000
__size_of__Umul8_16          (abs)        0000
__size_of___awdiv            (abs)        0000
__size_of___flmul            (abs)        0000
__size_of___fltol            (abs)        0000
__size_of___lwmod            (abs)        0000
__size_of___xxtofl           (abs)        0000
__size_of_main               (abs)        0000
_main                        maintext     07A1
btemp                        (abs)        007E
end_of_initialization        cinit        002B
init_fetch0                  inittext     0F82
init_ram0                    inittext     0F86
interrupt_function           intentry     0004
intlevel0                    functab      0000
intlevel1                    functab      0000
intlevel2                    functab      0000
intlevel3                    functab      0000
intlevel4                    functab      0000
intlevel5                    functab      0000
main@TMR1_cfg                cstackBANK1  00A4
main@adc_config              cstackBANK1  00A6
reset_vec                    reset_vec    0000
saved_w                      (abs)        007E
start                        init         0012
start_initialization         cinit        0015
wtemp0                       (abs)        007E


FUNCTION INFORMATION:

 *************** function _main *****************
 Defined at:
		line 4 in file "main.c"
 Parameters:    Size  Location     Type
		None
 Auto vars:     Size  Location     Type
  adc_config      4    6[BANK1 ] struct .
  TMR1_cfg        2    4[BANK1 ] struct .
 Return value:  Size  Location     Type
                  1    wreg      void 
 Registers used:
		wreg, fsr0l, fsr0h, status,2, status,0, btemp+1, pclath, cstack
 Tracked objects:
		On entry : 
		On exit  : 
		Unchanged: 
 Data sizes:     COMMON   BANK0   BANK1   BANK3   BANK2
      Params:         0       0       0       0       0
      Locals:         0       0       6       0       0
      Temps:          0       0       0       0       0
      Totals:         0       0       6       0       0
Total ram usage:        6 bytes
 Hardware stack levels required when called:    5
 This function calls:
		_ADC_Init
		_DD_Init
		_DD_SetState
		_TMR1_Init
		_TMR1_Start
 This function is called by:
		Startup code after reset
 This function uses a non-reentrant model


 *************** function _TMR1_Start *****************
 Defined at:
		line 31 in file "TMR1.c"
 Parameters:    Size  Location     Type
		None
 Auto vars:     Size  Location     Type
		None
 Return value:  Size  Location     Type
                  1    wreg      void 
 Registers used:
		None
 Tracked objects:
		On entry : 
		On exit  : 
		Unchanged: 
 Data sizes:     COMMON   BANK0   BANK1   BANK3   BANK2
      Params:         0       0       0       0       0
      Locals:         0       0       0       0       0
      Temps:          0       0       0       0       0
      Totals:         0       0       0       0       0
Total ram usage:        0 bytes
 Hardware stack levels used:    1
 Hardware stack levels required when called:    4
 This function calls:
		Nothing
 This function is called by:
		_main
 This function uses a non-reentrant model


 *************** function _TMR1_Init *****************
 Defined at:
		line 3 in file "TMR1.c"
 Parameters:    Size  Location     Type
  config          1    wreg     PTR struct .
		 -> main@TMR1_cfg(2), 
 Auto vars:     Size  Location     Type
  config          1    2[BANK1 ] PTR struct .
		 -> main@TMR1_cfg(2), 
 Return value:  Size  Location     Type
                  1    wreg      void 
 Registers used:
		wreg, fsr0l, fsr0h, status,2, status,0
 Tracked objects:
		On entry : 
		On exit  : 
		Unchanged: 
 Data sizes:     COMMON   BANK0   BANK1   BANK3   BANK2
      Params:         0       0       0       0       0
      Locals:         0       0       1       0       0
      Temps:          0       0       2       0       0
      Totals:         0       0       3       0       0
Total ram usage:        3 bytes
 Hardware stack levels used:    1
 Hardware stack levels required when called:    4
 This function calls:
		Nothing
 This function is called by:
		_main
 This function uses a non-reentrant model


 *************** function _DD_SetState *****************
 Defined at:
		line 35 in file "DD.c"
 Parameters:    Size  Location     Type
  device          1    wreg     enum E865
  state           1    0[BANK1 ] enum E13
 Auto vars:     Size  Location     Type
  device          1    3[BANK1 ] enum E865
 Return value:  Size  Location     Type
                  1    wreg      void 
 Registers used:
		wreg, fsr0l, fsr0h, status,2, status,0, btemp+1
 Tracked objects:
		On entry : 
		On exit  : 
		Unchanged: 
 Data sizes:     COMMON   BANK0   BANK1   BANK3   BANK2
      Params:         0       0       1       0       0
      Locals:         0       0       1       0       0
      Temps:          0       0       2       0       0
      Totals:         0       0       4       0       0
Total ram usage:        4 bytes
 Hardware stack levels used:    1
 Hardware stack levels required when called:    4
 This function calls:
		Nothing
 This function is called by:
		_main
 This function uses a non-reentrant model


 *************** function _DD_Init *****************
 Defined at:
		line 16 in file "DD.c"
 Parameters:    Size  Location     Type
		None
 Auto vars:     Size  Location     Type
		None
 Return value:  Size  Location     Type
                  1    wreg      void 
 Registers used:
		wreg, status,2, status,0, btemp+1
 Tracked objects:
		On entry : 
		On exit  : 
		Unchanged: 
 Data sizes:     COMMON   BANK0   BANK1   BANK3   BANK2
      Params:         0       0       0       0       0
      Locals:         0       0       0       0       0
      Temps:          0       0       0       0       0
      Totals:         0       0       0       0       0
Total ram usage:        0 bytes
 Hardware stack levels used:    1
 Hardware stack levels required when called:    4
 This function calls:
		Nothing
 This function is called by:
		_main
 This function uses a non-reentrant model


 *************** function _ADC_Init *****************
 Defined at:
		line 16 in file "adc.c"
 Parameters:    Size  Location     Type
  config          1    wreg     PTR struct .
		 -> main@adc_config(4), 
 Auto vars:     Size  Location     Type
  config          1    2[BANK1 ] PTR struct .
		 -> main@adc_config(4), 
 Return value:  Size  Location     Type
                  1    wreg      void 
 Registers used:
		wreg, fsr0l, fsr0h, status,2, status,0, btemp+1
 Tracked objects:
		On entry : 
		On exit  : 
		Unchanged: 
 Data sizes:     COMMON   BANK0   BANK1   BANK3   BANK2
      Params:         0       0       0       0       0
      Locals:         0       0       1       0       0
      Temps:          0       0       2       0       0
      Totals:         0       0       3       0       0
Total ram usage:        3 bytes
 Hardware stack levels used:    1
 Hardware stack levels required when called:    4
 This function calls:
		Nothing
 This function is called by:
		_main
 This function uses a non-reentrant model


 *************** function _Timer *****************
 Defined at:
		line 31 in file "main.c"
 Parameters:    Size  Location     Type
		None
 Auto vars:     Size  Location     Type
  Reading         2   44[BANK0 ] unsigned short 
 Return value:  Size  Location     Type
                  1    wreg      void 
 Registers used:
		wreg, fsr0l, fsr0h, status,2, status,0, btemp+1, pclath, cstack
 Tracked objects:
		On entry : 
		On exit  : 
		Unchanged: 
 Data sizes:     COMMON   BANK0   BANK1   BANK3   BANK2
      Params:         0       0       0       0       0
      Locals:         0       2       0       0       0
      Temps:          0       4       0       0       0
      Totals:         0       6       0       0       0
Total ram usage:        6 bytes
 Hardware stack levels used:    1
 Hardware stack levels required when called:    3
 This function calls:
		_ADC_ReadChannel
		_Heater_Display
		___flmul
		___fltol
		___xxtofl
 This function is called by:
		Interrupt level 1
 This function uses a non-reentrant model


 *************** function ___xxtofl *****************
 Defined at:
		line 10 in file "C:\Program Files\Microchip\xc8\v2.20\pic\sources\c90\common\xxtofl.c"
 Parameters:    Size  Location     Type
  sign            1    wreg     unsigned char 
  val             4    0[COMMON] long 
 Auto vars:     Size  Location     Type
  sign            1    8[COMMON] unsigned char 
  arg             4   10[COMMON] unsigned long 
  exp             1    9[COMMON] unsigned char 
 Return value:  Size  Location     Type
                  4    0[COMMON] unsigned char 
 Registers used:
		wreg, status,2, status,0, btemp+1
 Tracked objects:
		On entry : 
		On exit  : 
		Unchanged: 
 Data sizes:     COMMON   BANK0   BANK1   BANK3   BANK2
      Params:         4       0       0       0       0
      Locals:         6       0       0       0       0
      Temps:          4       0       0       0       0
      Totals:        14       0       0       0       0
Total ram usage:       14 bytes
 Hardware stack levels used:    1
 This function calls:
		Nothing
 This function is called by:
		_Timer
 This function uses a non-reentrant model


 *************** function ___fltol *****************
 Defined at:
		line 43 in file "C:\Program Files\Microchip\xc8\v2.20\pic\sources\c90\common\fltol.c"
 Parameters:    Size  Location     Type
  f1              4   26[BANK0 ] unsigned char 
 Auto vars:     Size  Location     Type
  exp1            1   35[BANK0 ] unsigned char 
  sign1           1   34[BANK0 ] unsigned char 
 Return value:  Size  Location     Type
                  4   26[BANK0 ] long 
 Registers used:
		wreg, status,2, status,0, btemp+1
 Tracked objects:
		On entry : 
		On exit  : 
		Unchanged: 
 Data sizes:     COMMON   BANK0   BANK1   BANK3   BANK2
      Params:         0       4       0       0       0
      Locals:         0       2       0       0       0
      Temps:          0       4       0       0       0
      Totals:         0      10       0       0       0
Total ram usage:       10 bytes
 Hardware stack levels used:    1
 This function calls:
		Nothing
 This function is called by:
		_Timer
 This function uses a non-reentrant model


 *************** function ___flmul *****************
 Defined at:
		line 8 in file "C:\Program Files\Microchip\xc8\v2.20\pic\sources\c90\common\sprcmul.c"
 Parameters:    Size  Location     Type
  b               4    0[BANK0 ] long 
  a               4    4[BANK0 ] long 
 Auto vars:     Size  Location     Type
  prod            4   20[BANK0 ] struct .
  grs             4   14[BANK0 ] unsigned long 
  temp            2   24[BANK0 ] struct .
  bexp            1   19[BANK0 ] unsigned char 
  aexp            1   18[BANK0 ] unsigned char 
  sign            1   13[BANK0 ] unsigned char 
 Return value:  Size  Location     Type
                  4    0[BANK0 ] unsigned char 
 Registers used:
		wreg, status,2, status,0, btemp+1, pclath, cstack
 Tracked objects:
		On entry : 
		On exit  : 
		Unchanged: 
 Data sizes:     COMMON   BANK0   BANK1   BANK3   BANK2
      Params:         0       8       0       0       0
      Locals:         0      13       0       0       0
      Temps:          0       5       0       0       0
      Totals:         0      26       0       0       0
Total ram usage:       26 bytes
 Hardware stack levels used:    1
 Hardware stack levels required when called:    1
 This function calls:
		__Umul8_16
 This function is called by:
		_Timer
 This function uses a non-reentrant model


 *************** function __Umul8_16 *****************
 Defined at:
		line 4 in file "C:\Program Files\Microchip\xc8\v2.20\pic\sources\c90\common\Umul8_16.c"
 Parameters:    Size  Location     Type
  multiplier      1    wreg     unsigned char 
  multiplicand    1    0[COMMON] unsigned char 
 Auto vars:     Size  Location     Type
  multiplier      1    8[COMMON] unsigned char 
  word_mpld       2    6[COMMON] unsigned int 
  product         2    4[COMMON] unsigned int 
 Return value:  Size  Location     Type
                  2    0[COMMON] unsigned int 
 Registers used:
		wreg, status,2, status,0
 Tracked objects:
		On entry : 
		On exit  : 
		Unchanged: 
 Data sizes:     COMMON   BANK0   BANK1   BANK3   BANK2
      Params:         2       0       0       0       0
      Locals:         5       0       0       0       0
      Temps:          2       0       0       0       0
      Totals:         9       0       0       0       0
Total ram usage:        9 bytes
 Hardware stack levels used:    1
 This function calls:
		Nothing
 This function is called by:
		___flmul
 This function uses a non-reentrant model


 *************** function _Heater_Display *****************
 Defined at:
		line 55 in file "Display.c"
 Parameters:    Size  Location     Type
  temp            2   36[BANK0 ] unsigned short 
 Auto vars:     Size  Location     Type
		None
 Return value:  Size  Location     Type
                  1    wreg      void 
 Registers used:
		wreg, fsr0l, fsr0h, status,2, status,0, btemp+1, pclath, cstack
 Tracked objects:
		On entry : 
		On exit  : 
		Unchanged: 
 Data sizes:     COMMON   BANK0   BANK1   BANK3   BANK2
      Params:         0       2       0       0       0
      Locals:         0       0       0       0       0
      Temps:          0       2       0       0       0
      Totals:         0       4       0       0       0
Total ram usage:        4 bytes
 Hardware stack levels used:    1
 Hardware stack levels required when called:    2
 This function calls:
		_Display_Write
		_Display_config
		___awdiv
		___lwmod
 This function is called by:
		_Timer
 This function uses a non-reentrant model


 *************** function ___lwmod *****************
 Defined at:
		line 5 in file "C:\Program Files\Microchip\xc8\v2.20\pic\sources\c90\common\lwmod.c"
 Parameters:    Size  Location     Type
  divisor         2    0[COMMON] unsigned int 
  dividend        2    2[COMMON] unsigned int 
 Auto vars:     Size  Location     Type
  counter         1    4[COMMON] unsigned char 
 Return value:  Size  Location     Type
                  2    0[COMMON] unsigned int 
 Registers used:
		wreg, status,2, status,0, btemp+1
 Tracked objects:
		On entry : 
		On exit  : 
		Unchanged: 
 Data sizes:     COMMON   BANK0   BANK1   BANK3   BANK2
      Params:         4       0       0       0       0
      Locals:         1       0       0       0       0
      Temps:          0       0       0       0       0
      Totals:         5       0       0       0       0
Total ram usage:        5 bytes
 Hardware stack levels used:    1
 This function calls:
		Nothing
 This function is called by:
		_Heater_Display
 This function uses a non-reentrant model


 *************** function ___awdiv *****************
 Defined at:
		line 5 in file "C:\Program Files\Microchip\xc8\v2.20\pic\sources\c90\common\awdiv.c"
 Parameters:    Size  Location     Type
  divisor         2    0[COMMON] int 
  dividend        2    2[COMMON] int 
 Auto vars:     Size  Location     Type
  quotient        2    6[COMMON] int 
  sign            1    5[COMMON] unsigned char 
  counter         1    4[COMMON] unsigned char 
 Return value:  Size  Location     Type
                  2    0[COMMON] int 
 Registers used:
		wreg, status,2, status,0, btemp+1
 Tracked objects:
		On entry : 
		On exit  : 
		Unchanged: 
 Data sizes:     COMMON   BANK0   BANK1   BANK3   BANK2
      Params:         4       0       0       0       0
      Locals:         4       0       0       0       0
      Temps:          0       0       0       0       0
      Totals:         8       0       0       0       0
Total ram usage:        8 bytes
 Hardware stack levels used:    1
 This function calls:
		Nothing
 This function is called by:
		_Heater_Display
 This function uses a non-reentrant model


 *************** function _Display_Write *****************
 Defined at:
		line 35 in file "Display.c"
 Parameters:    Size  Location     Type
  ID              1    wreg     unsigned char 
  Number          1    8[COMMON] unsigned char 
 Auto vars:     Size  Location     Type
  ID              1    9[COMMON] unsigned char 
 Return value:  Size  Location     Type
                  1    wreg      unsigned char 
 Registers used:
		wreg, fsr0l, fsr0h, status,2, status,0, btemp+1, pclath, cstack
 Tracked objects:
		On entry : 
		On exit  : 
		Unchanged: 
 Data sizes:     COMMON   BANK0   BANK1   BANK3   BANK2
      Params:         1       0       0       0       0
      Locals:         1       0       0       0       0
      Temps:          0       0       0       0       0
      Totals:         2       0       0       0       0
Total ram usage:        2 bytes
 Hardware stack levels used:    1
 Hardware stack levels required when called:    1
 This function calls:
		_Display_config
 This function is called by:
		_Heater_Display
 This function uses a non-reentrant model


 *************** function _Display_config *****************
 Defined at:
		line 11 in file "Display.c"
 Parameters:    Size  Location     Type
  ID              1    wreg     unsigned char 
  Display_stat    1    0[COMMON] enum E13
 Auto vars:     Size  Location     Type
  ID              1    3[COMMON] unsigned char 
 Return value:  Size  Location     Type
                  1    wreg      void 
 Registers used:
		wreg, fsr0l, fsr0h, status,2, status,0, btemp+1
 Tracked objects:
		On entry : 
		On exit  : 
		Unchanged: 
 Data sizes:     COMMON   BANK0   BANK1   BANK3   BANK2
      Params:         1       0       0       0       0
      Locals:         1       0       0       0       0
      Temps:          2       0       0       0       0
      Totals:         4       0       0       0       0
Total ram usage:        4 bytes
 Hardware stack levels used:    1
 This function calls:
		Nothing
 This function is called by:
		_Display_Write
		_Heater_Display
 This function uses a non-reentrant model


 *************** function _ADC_ReadChannel *****************
 Defined at:
		line 69 in file "adc.c"
 Parameters:    Size  Location     Type
  channel         1    wreg     enum E865
 Auto vars:     Size  Location     Type
  channel         1    5[COMMON] enum E865
  result          2    3[COMMON] unsigned short 
 Return value:  Size  Location     Type
                  2    0[COMMON] unsigned short 
 Registers used:
		wreg, status,2, status,0, btemp+1
 Tracked objects:
		On entry : 
		On exit  : 
		Unchanged: 
 Data sizes:     COMMON   BANK0   BANK1   BANK3   BANK2
      Params:         2       0       0       0       0
      Locals:         3       0       0       0       0
      Temps:          1       0       0       0       0
      Totals:         6       0       0       0       0
Total ram usage:        6 bytes
 Hardware stack levels used:    1
 This function calls:
		Nothing
 This function is called by:
		_Timer
 This function uses a non-reentrant model



MODULE INFORMATION

Module		Function		Class		Link	Load	Size
TMR1.c
		_TMR1_Start    		CODE           	0F72	0000	17
		_TMR1_Init     		CODE           	06D5	0000	75

TMR1.c estimated size: 92

DD.c
		_DD_Init       		CODE           	0FB0	0000	38
		_DD_SetState   		CODE           	071F	0000	73

DD.c estimated size: 111

C:\Program Files\Microchip\xc8\v2.20\pic\sources\c90\common\Umul8_16.c
		__Umul8_16     		CODE           	07D8	0000	40

C:\Program Files\Microchip\xc8\v2.20\pic\sources\c90\common\Umul8_16.c estimated size: 40

C:\Program Files\Microchip\xc8\v2.20\pic\sources\c90\common\xxtofl.c
		___xxtofl      		CODE           	0390	0000	187

C:\Program Files\Microchip\xc8\v2.20\pic\sources\c90\common\xxtofl.c estimated size: 187

C:\Program Files\Microchip\xc8\v2.20\pic\sources\c90\common\lwmod.c
		___lwmod       		CODE           	0767	0000	59

C:\Program Files\Microchip\xc8\v2.20\pic\sources\c90\common\lwmod.c estimated size: 59

adc.c
		_ADC_ReadChannel		CODE           	0FD5	0000	44
		_ADC_Init      		CODE           	044A	0000	127

adc.c estimated size: 171

shared
		__initialization		CODE           	0015	0000	23

shared estimated size: 23

Display.c
		_Display_config		CODE           	0544	0000	114
		_Heater_Display		CODE           	0686	0000	80
		_Display_Write 		CODE           	0F95	0000	28

Display.c estimated size: 222

C:\Program Files\Microchip\xc8\v2.20\pic\sources\c90\common\fltol.c
		___fltol       		CODE           	04C8	0000	125

C:\Program Files\Microchip\xc8\v2.20\pic\sources\c90\common\fltol.c estimated size: 125

C:\Program Files\Microchip\xc8\v2.20\pic\sources\c90\common\sprcmul.c
		___flmul       		CODE           	002F	0000	866

C:\Program Files\Microchip\xc8\v2.20\pic\sources\c90\common\sprcmul.c estimated size: 866

main.c
		_Timer         		CODE           	05B5	0000	107
		_main          		CODE           	07A1	0000	56

main.c estimated size: 163

C:\Program Files\Microchip\xc8\v2.20\pic\sources\c90\common\awdiv.c
		___awdiv       		CODE           	061F	0000	104

C:\Program Files\Microchip\xc8\v2.20\pic\sources\c90\common\awdiv.c estimated size: 104

