Microchip MPLAB XC8 Compiler V2.20

Linker command line:

-W-3 --edf=C:\Program Files\Microchip\xc8\v2.20\pic\dat\en_msgs.txt -cn \
  -h+dist/default/production\Electric_Heater.X.production.sym \
  --cmf=dist/default/production\Electric_Heater.X.production.cmf -z \
  -Q16F877A -oC:\Users\LENOVO\AppData\Local\Temp\sd1o.2 \
  --defsym=__MPLAB_BUILD=1 \
  -Mdist/default/production/Electric_Heater.X.production.map -E1 \
  -ver=XC8 Compiler --acfsm=1493 -ASTACK=0110h-016Fh -pstack=STACK \
  -ACODE=00h-07FFhx4 -ASTRCODE=00h-01FFFh -ASTRING=00h-0FFhx32 \
  -ACONST=00h-0FFhx32 -AENTRY=00h-0FFhx32 -ACOMMON=070h-07Fh \
  -ABANK0=020h-06Fh -ABANK1=0A0h-0EFh -ABANK2=0110h-016Fh \
  -ABANK3=0190h-01EFh -ARAM=020h-06Fh,0A0h-0EFh,0110h-016Fh,0190h-01EFh \
  -AABS1=020h-07Fh,0A0h-0EFh,0110h-016Fh,0190h-01EFh -ASFR0=00h-01Fh \
  -ASFR1=080h-09Fh -ASFR2=0100h-010Fh -ASFR3=0180h-018Fh \
  -ACONFIG=02007h-02007h -DCONFIG=2 -AIDLOC=02000h-02003h -DIDLOC=2 \
  -preset_vec=00h,intentry=04h,init,end_init -ppowerup=CODE -pcinit=CODE \
  -pfunctab=ENTRY -AEEDATA=00h-0FFh/02100h -peeprom_data=EEDATA -DEEDATA=2 \
  -DCODE=2 -DSTRCODE=2 -DSTRING=2 -DCONST=2 -DENTRY=2 -k \
  C:\Users\LENOVO\AppData\Local\Temp\sd1o.o \
  dist/default/production\Electric_Heater.X.production.o 

Object code version is 3.11

Machine type is 16F877A



                Name                               Link     Load   Length Selector   Space Scale
C:\Users\LENOVO\AppData\Local\Temp\sd1o.o
                end_init                             12       12        3        8       0
                reset_vec                             0        0        3        0       0
                config                             2007     2007        1        0       4
dist/default/production\Electric_Heater.X.production.o
                cinit                                15       15       22        8       0
                intentry                              4        4        E        8       0
                config                             2007     2007        1        0       4
                text50                              AD6      AD6       3D     15AC       0
                text49                              991      991       2B     1322       0
                text48                              B13      B13       44     1626       0
                text47                              9EF      9EF       38     13DE       0
                text46                              C2F      C2F       59     185E       0
                text45                              941      941       27     1282       0
                text44                               37       37      361        8       0
                text43                              E79      E79       7C     1CF2       0
                text42                              5A8      5A8       BA        8       0
                text41                              F73      F73       8D     1EE6       0
                text40                             17F8     17F8        8     2FF0       0
                text39                              807      807        8     100E       0
                text38                              662      662       AA        8       0
                text37                              EF5      EF5       7E     1DEA       0
                text36                              8E9      8E9       1D     11D2       0
                text35                              88B      88B        D     1116       0
                text34                              81F      81F        9     103E       0
                text33                              828      828        9     1050       0
                text32                              831      831        9     1062       0
                text31                              923      923       1E     1246       0
                text30                              A5F      A5F       3B     14BE       0
                text29                              8A5      8A5       10     114A       0
                text28                              D3D      D3D       68     1A7A       0
                text27                              B9B      B9B       4A     1736       0
                text26                              83A      83A        9     1074       0
                text25                              BE5      BE5       4A     17CA       0
                text24                              B57      B57       44     16AE       0
                text23                              C88      C88       5A     1910       0
                text22                              843      843        9     1086       0
                text21                              E0E      E0E       6B     1C1C       0
                text20                              874      874        B     10E8       0
                text19                              906      906       1D     120C       0
                text18                              DA5      DA5       69     1B4A       0
                text17                              A9A      A9A       3C     1534       0
                text16                              7A4      7A4       5C        8       0
                text15                              84C      84C        A     1098       0
                text14                              80F      80F        8     101E       0
                text13                              8B5      8B5       10     116A       0
                text12                              803      803        4     1006       0
                text11                              398      398      11F        8       0
                text10                              8C5      8C5       11     118A       0
                text9                               898      898        D     1130       0
                text8                               4B7      4B7       F1        8       0
                text7                               9BC      9BC       33     1378       0
                text6                               856      856        A     10AC       0
                text5                               860      860        A     10C0       0
                text4                               968      968       29     12D0       0
                text3                               CE2      CE2       5B     19C4       0
                text2                               87F      87F        C     10FE       0
                text1                               70C      70C       98        8       0
                maintext                            A27      A27       38     144E       0
                cstackBANK0                          20       20       2C       20       1
                cstackCOMMON                         70       70        E       70       1
                cstackBANK1                          A0       A0       1D       A0       1
                clrtext                             817      817        8     102E       0
                inittext                            8D6      8D6       13     11AC       0
                dataBANK1                            CA       CA        A       A0       1
                bssBANK1                             BD       BD        D       A0       1
                bssBANK0                             4C       4C       14       20       1
                idataBANK1                          86A      86A        A     10D4       0

TOTAL           Name                               Link     Load   Length     Space
        CLASS   STACK          

        CLASS   CODE           
                end_init                             12       12        3         0
                cinit                                15       15       22         0
                intentry                              4        4        E         0
                reset_vec                             0        0        3         0
                text50                              AD6      AD6       3D         0
                text49                              991      991       2B         0
                text48                              B13      B13       44         0
                text47                              9EF      9EF       38         0
                text46                              C2F      C2F       59         0
                text45                              941      941       27         0
                text44                               37       37      361         0
                text43                              E79      E79       7C         0
                text42                              5A8      5A8       BA         0
                text41                              F73      F73       8D         0
                text40                             17F8     17F8        8         0
                text39                              807      807        8         0
                text38                              662      662       AA         0
                text37                              EF5      EF5       7E         0
                text36                              8E9      8E9       1D         0
                text35                              88B      88B        D         0
                text34                              81F      81F        9         0
                text33                              828      828        9         0
                text32                              831      831        9         0
                text31                              923      923       1E         0
                text30                              A5F      A5F       3B         0
                text29                              8A5      8A5       10         0
                text28                              D3D      D3D       68         0
                text27                              B9B      B9B       4A         0
                text26                              83A      83A        9         0
                text25                              BE5      BE5       4A         0
                text24                              B57      B57       44         0
                text23                              C88      C88       5A         0
                text22                              843      843        9         0
                text21                              E0E      E0E       6B         0
                text20                              874      874        B         0
                text19                              906      906       1D         0
                text18                              DA5      DA5       69         0
                text17                              A9A      A9A       3C         0
                text16                              7A4      7A4       5C         0
                text15                              84C      84C        A         0
                text14                              80F      80F        8         0
                text13                              8B5      8B5       10         0
                text12                              803      803        4         0
                text11                              398      398      11F         0
                text10                              8C5      8C5       11         0
                text9                               898      898        D         0
                text8                               4B7      4B7       F1         0
                text7                               9BC      9BC       33         0
                text6                               856      856        A         0
                text5                               860      860        A         0
                text4                               968      968       29         0
                text3                               CE2      CE2       5B         0
                text2                               87F      87F        C         0
                text1                               70C      70C       98         0
                maintext                            A27      A27       38         0
                clrtext                             817      817        8         0
                inittext                            8D6      8D6       13         0
                idataBANK1                          86A      86A        A         0

        CLASS   STRCODE        

        CLASS   STRING         

        CLASS   CONST          

        CLASS   ENTRY          

        CLASS   COMMON         
                cstackCOMMON                         70       70        E         1

        CLASS   BANK0          
                cstackBANK0                          20       20       2C         1
                bssBANK0                             4C       4C       14         1

        CLASS   BANK1          
                cstackBANK1                          A0       A0       1D         1
                dataBANK1                            CA       CA        A         1
                bssBANK1                             BD       BD        D         1

        CLASS   BANK2          

        CLASS   BANK3          

        CLASS   RAM            

        CLASS   ABS1           
                abs_s1                               7E       7E        2         1

        CLASS   SFR0           

        CLASS   SFR1           

        CLASS   SFR2           

        CLASS   SFR3           

        CLASS   CONFIG         
                config                             2007     2007        1         4

        CLASS   IDLOC          

        CLASS   EEDATA         



SEGMENTS        Name                           Load    Length   Top    Selector   Space  Class     Delta

                reset_vec                      000000  000003  000003         0       0  CODE        2
                intentry                       000004  0007FC  000800         8       0  CODE        2
                cstackBANK0                    000020  000040  000060        20       1  BANK0       1
                cstackCOMMON                   000070  00000E  00007E        70       1  COMMON      1
                cstackBANK1                    0000A0  000034  0000D4        A0       1  BANK1       1
                text12                         000803  000004  000807      1006       0  CODE        2
                text39                         000807  000008  00080F      100E       0  CODE        2
                text14                         00080F  000008  000817      101E       0  CODE        2
                clrtext                        000817  000008  00081F      102E       0  CODE        2
                text34                         00081F  000009  000828      103E       0  CODE        2
                text33                         000828  000009  000831      1050       0  CODE        2
                text32                         000831  000009  00083A      1062       0  CODE        2
                text26                         00083A  000009  000843      1074       0  CODE        2
                text22                         000843  000009  00084C      1086       0  CODE        2
                text15                         00084C  00000A  000856      1098       0  CODE        2
                text6                          000856  00000A  000860      10AC       0  CODE        2
                text5                          000860  00000A  00086A      10C0       0  CODE        2
                idataBANK1                     00086A  00000A  000874      10D4       0  CODE        2
                text20                         000874  00000B  00087F      10E8       0  CODE        2
                text2                          00087F  00000C  00088B      10FE       0  CODE        2
                text35                         00088B  00000D  000898      1116       0  CODE        2
                text9                          000898  00000D  0008A5      1130       0  CODE        2
                text29                         0008A5  000010  0008B5      114A       0  CODE        2
                text13                         0008B5  000010  0008C5      116A       0  CODE        2
                text10                         0008C5  000011  0008D6      118A       0  CODE        2
                inittext                       0008D6  000013  0008E9      11AC       0  CODE        2
                text36                         0008E9  00001D  000906      11D2       0  CODE        2
                text19                         000906  00001D  000923      120C       0  CODE        2
                text31                         000923  00001E  000941      1246       0  CODE        2
                text45                         000941  000027  000968      1282       0  CODE        2
                text4                          000968  000029  000991      12D0       0  CODE        2
                text49                         000991  00002B  0009BC      1322       0  CODE        2
                text7                          0009BC  000033  0009EF      1378       0  CODE        2
                text47                         0009EF  000038  000A27      13DE       0  CODE        2
                maintext                       000A27  000038  000A5F      144E       0  CODE        2
                text30                         000A5F  00003B  000A9A      14BE       0  CODE        2
                text17                         000A9A  00003C  000AD6      1534       0  CODE        2
                text50                         000AD6  00003D  000B13      15AC       0  CODE        2
                text48                         000B13  000044  000B57      1626       0  CODE        2
                text24                         000B57  000044  000B9B      16AE       0  CODE        2
                text27                         000B9B  00004A  000BE5      1736       0  CODE        2
                text25                         000BE5  00004A  000C2F      17CA       0  CODE        2
                text46                         000C2F  000059  000C88      185E       0  CODE        2
                text23                         000C88  00005A  000CE2      1910       0  CODE        2
                text3                          000CE2  00005B  000D3D      19C4       0  CODE        2
                text28                         000D3D  000068  000DA5      1A7A       0  CODE        2
                text18                         000DA5  000069  000E0E      1B4A       0  CODE        2
                text21                         000E0E  00006B  000E79      1C1C       0  CODE        2
                text43                         000E79  00007C  000EF5      1CF2       0  CODE        2
                text37                         000EF5  00007E  000F73      1DEA       0  CODE        2
                text41                         000F73  00008D  001000      1EE6       0  CODE        2
                text40                         0017F8  000008  001800      2FF0       0  CODE        2


UNUSED ADDRESS RANGES

        Name                Unused          Largest block    Delta
        BANK0            0060-006F             10           1
        BANK1            00D4-00EF             1C           1
        BANK2            0110-016F             60           1
        BANK3            0190-01EF             60           1
        CODE             0003-0003              1           2
                         0800-0802              3
                         1000-17F7            7F8
                         1800-1FFF            800
        CONST            0003-0003              1           2
                         0800-0802              3
                         1000-17F7            100
                         1800-1FFF            100
        EEDATA           2100-21FF            100           2
        ENTRY            0003-0003              1           2
                         0800-0802              3
                         1000-17F7            100
                         1800-1FFF            100
        IDLOC            2000-2003              4           2
        RAM              0060-006F             10           1
                         00D4-00EF             1C
                         0110-016F             60
                         0190-01EF             60
        SFR0             0000-001F             20           1
        SFR1             0080-009F             20           1
        SFR2             0100-010F             10           1
        SFR3             0180-018F             10           1
        STACK            0110-016F             60           1
        STRCODE          0003-0003              1           2
                         0800-0802              3
                         1000-17F7            7F8
                         1800-1FFF            800
        STRING           0003-0003              1           2
                         0800-0802              3
                         1000-17F7            100
                         1800-1FFF            100

                                  Symbol Table

?_ADC_ReadChannel                       cstackCOMMON 0070
?__Umul8_16                             cstackCOMMON 0070
?___awdiv                               cstackBANK1  00A0
?___awmod                               cstackCOMMON 0070
?___flmul                               cstackBANK0  0020
?___fltol                               cstackBANK0  003A
?___lldiv                               cstackBANK1  00A0
?___lwdiv                               cstackCOMMON 0070
?___lwmod                               cstackBANK1  00A0
?___xxtofl                              cstackCOMMON 0070
ADC_Init@config                         cstackBANK1  00A2
ADC_ReadChannel@channel                 cstackCOMMON 0075
ADC_ReadChannel@result                  cstackCOMMON 0073
DD_GetState@device                      cstackCOMMON 0072
DD_SetState@device                      cstackBANK1  00A3
DD_SetState@state                       cstackBANK1  00A0
EEPROM_ReadByte@address                 cstackBANK1  00A2
EEPROM_ReadByte@data                    cstackBANK1  00A6
EEPROM_WriteByte@address                cstackBANK1  00A1
EEPROM_WriteByte@data                   cstackBANK1  00A3
EWH_ClearEvent@Event_index              cstackBANK1  00A0
EWH_EEPROM_Update@newSetTemp            cstackBANK1  00A6
EWH_Init@TMR1_cfg                       cstackBANK1  00AF
EWH_Init@adc_config                     cstackBANK1  00B7
EWH_Init@i2c_config                     cstackBANK1  00B1
EWH_SSD_Update@temp                     cstackBANK1  00AA
EWH_SetEvent@Event_index                cstackBANK1  00A0
EWH_SetMode@new_mode                    cstackBANK1  00A0
EWH_TempUpdate@Reading                  cstackBANK0  0046
EWH_getAvrgTempReading@averageReading   cstackBANK0  0022
EWH_getAvrgTempReading@buffer           cstackBANK0  0023
EWH_getAvrgTempReading@i                cstackBANK0  0024
EWH_getAvrgTempReading@length           cstackCOMMON 0077
EWH_getAvrgTempReading@sumOfReadings    cstackBANK0  0020
I2C_Init@i2c_config                     cstackBANK1  00AE
I2C_Master_ReadByte@Read_State          cstackBANK1  00A1
I2C_Master_WriteByte@Data               cstackBANK1  00A0
ISR@overflow_count                      bssBANK0     0052
SSD_OFF@ID                              cstackBANK1  00A4
SSD_Write@ID                            cstackBANK1  00A9
SSD_Write@Number                        cstackBANK1  00A8
SSD_config@ID                           cstackBANK1  00A3
SSD_config@SSD_state                    cstackBANK1  00A0
TMR1_Init@config                        cstackBANK1  00A2
_ACKDT                                  (abs)        048D
_ACKEN                                  (abs)        048C
_ACKSTAT                                (abs)        048E
_ADCON0                                 (abs)        001F
_ADCON1                                 (abs)        009F
_ADC_Init                               text37       0EF5
_ADC_ReadChannel                        text49       0991
_ADIE                                   (abs)        0466
_ADIF                                   (abs)        0066
_ADON                                   (abs)        00F8
_ADRESH                                 (abs)        001E
_ADRESL                                 (abs)        009E
_DD_GetState                            text50       0AD6
_DD_Init                                text36       08E9
_DD_SetState                            text23       0C88
_Devices_State                          bssBANK1     00C1
_EEPROM_ReadByte                        text3        0CE2
_EEPROM_WriteByte                       text30       0A5F
_EWH_ClearEvent                         text22       0843
_EWH_EEPROM_Init                        text29       08A5
_EWH_EEPROM_Read                        text2        087F
_EWH_EEPROM_Update                      text10       08C5
_EWH_Events                             bssBANK1     00BD
_EWH_Init                               text24       0B57
_EWH_Mode                               bssBANK1     00C9
_EWH_Operating_Mode                     text11       0398
_EWH_SSD_OFF                            text9        0898
_EWH_SSD_Update                         text16       07A4
_EWH_SetEvent                           text15       084C
_EWH_SetMode                            text14       080F
_EWH_SetTemp_Mode                       text8        04B7
_EWH_Sleep_Mode                         text7        09BC
_EWH_State                              bssBANK0     0055
_EWH_TempUpdate                         text41       0F73
_EWH_WakeUP_Mode                        text1        070C
_EWH_getAvrgTempReading                 text47       09EF
_GIE                                    (abs)        005F
_I2C_Init                               text27       0B9B
_I2C_Master_ReadByte                    text4        0968
_I2C_Master_Send_ACK                    text6        0856
_I2C_Master_Send_NACK                   text5        0860
_I2C_Master_Send_RepeatedStart          text34       081F
_I2C_Master_Send_Start                  text33       0828
_I2C_Master_Send_Stop                   text32       0831
_I2C_Master_WriteByte                   text31       0923
_I2C_Wait_IDLE                          text35       088B
_INTE                                   (abs)        005C
_INTEDG                                 (abs)        040E
_INTF                                   (abs)        0059
_ISR                                    text38       0662
_NoPress_Sec_count                      bssBANK0     0054
_PEIE                                   (abs)        005E
_PEN                                    (abs)        048A
_PORTA                                  (abs)        0005
_PORTB                                  (abs)        0006
_PORTC                                  (abs)        0007
_PORTD                                  (abs)        0008
_RCEN                                   (abs)        048B
_RSEN                                   (abs)        0489
_ReadingBuffer                          bssBANK0     0056
_ReadingBufferFull                      bssBANK1     00C5
_SEN                                    (abs)        0488
_SSD_Blink_flag                         bssBANK1     00C6
_SSD_OFF                                text20       0874
_SSD_Write                              text19       0906
_SSD_code                               dataBANK1    00CA
_SSD_config                             text21       0E0E
_SSPADD                                 (abs)        0093
_SSPBUF                                 (abs)        0013
_SSPCON                                 (abs)        0014
_SSPCON2                                (abs)        0091
_SSPEN                                  (abs)        00A5
_SSPIE                                  (abs)        0463
_SSPIF                                  (abs)        0063
_SSPSTAT                                (abs)        0094
_SW_Init                                text26       083A
_SW_State                               bssBANK0     004C
_SW_StateControl                        bssBANK0     004F
_T0CS                                   (abs)        040D
_T1CKPS0                                (abs)        0084
_T1CKPS1                                (abs)        0085
_TMR1                                   (abs)        000E
_TMR1IE                                 (abs)        0460
_TMR1IF                                 (abs)        0060
_TMR1ON                                 (abs)        0080
_TMR1_Init                              text25       0BE5
_TMR1_Start                             text13       08B5
_TMR1_Stop                              text12       0803
_TRISA                                  (abs)        0085
_TRISB                                  (abs)        0086
_TRISC                                  (abs)        0087
_TRISD                                  (abs)        0088
_TempReading_count                      bssBANK0     0053
_TempavgReading                         bssBANK1     00C4
__Habs1                                 abs1         0000
__Hbank0                                bank0        0000
__Hbank1                                bank1        0000
__Hbank2                                bank2        0000
__Hbank3                                bank3        0000
__HbssBANK0                             bssBANK0     0000
__HbssBANK1                             bssBANK1     0000
__Hcinit                                cinit        0037
__Hclrtext                              clrtext      0000
__Hcode                                 code         0000
__Hcommon                               common       0000
__Hconfig                               config       2008
__HcstackBANK0                          cstackBANK0  0000
__HcstackBANK1                          cstackBANK1  0000
__HcstackCOMMON                         cstackCOMMON 0000
__HdataBANK1                            dataBANK1    0000
__Heeprom_data                          eeprom_data  0000
__Hend_init                             end_init     0015
__Hfunctab                              functab      0000
__HidataBANK1                           idataBANK1   0000
__Hinit                                 init         0012
__Hinittext                             inittext     0000
__Hintentry                             intentry     0012
__Hmaintext                             maintext     0000
__Hpowerup                              powerup      0000
__Hram                                  ram          0000
__Hreset_vec                            reset_vec    0003
__Hsfr0                                 sfr0         0000
__Hsfr1                                 sfr1         0000
__Hsfr2                                 sfr2         0000
__Hsfr3                                 sfr3         0000
__Hspace_0                              (abs)        1800
__Hspace_1                              (abs)        00D4
__Hspace_2                              (abs)        0000
__Hspace_3                              (abs)        0000
__Hspace_4                              (abs)        400F
__Hstack                                stack        0000
__Hstrings                              strings      0000
__Htext                                 text         0000
__Labs1                                 abs1         0000
__Lbank0                                bank0        0000
__Lbank1                                bank1        0000
__Lbank2                                bank2        0000
__Lbank3                                bank3        0000
__LbssBANK0                             bssBANK0     0000
__LbssBANK1                             bssBANK1     0000
__Lcinit                                cinit        0015
__Lclrtext                              clrtext      0000
__Lcode                                 code         0000
__Lcommon                               common       0000
__Lconfig                               config       0000
__LcstackBANK0                          cstackBANK0  0000
__LcstackBANK1                          cstackBANK1  0000
__LcstackCOMMON                         cstackCOMMON 0000
__LdataBANK1                            dataBANK1    0000
__Leeprom_data                          eeprom_data  0000
__Lend_init                             end_init     0012
__Lfunctab                              functab      0000
__LidataBANK1                           idataBANK1   0000
__Linit                                 init         0012
__Linittext                             inittext     0000
__Lintentry                             intentry     0004
__Lmaintext                             maintext     0000
__Lpowerup                              powerup      0000
__Lram                                  ram          0000
__Lreset_vec                            reset_vec    0000
__Lsfr0                                 sfr0         0000
__Lsfr1                                 sfr1         0000
__Lsfr2                                 sfr2         0000
__Lsfr3                                 sfr3         0000
__Lspace_0                              (abs)        0000
__Lspace_1                              (abs)        0000
__Lspace_2                              (abs)        0000
__Lspace_3                              (abs)        0000
__Lspace_4                              (abs)        0000
__Lstack                                stack        0000
__Lstrings                              strings      0000
__Ltext                                 text         0000
__S0                                    (abs)        1800
__S1                                    (abs)        00D4
__S2                                    (abs)        0000
__S3                                    (abs)        0000
__Umul8_16                              text45       0941
__Umul8_16@multiplicand                 cstackCOMMON 0070
__Umul8_16@multiplier                   cstackCOMMON 0078
__Umul8_16@product                      cstackCOMMON 0074
__Umul8_16@word_mpld                    cstackCOMMON 0076
___awdiv                                text18       0DA5
___awdiv@counter                        cstackBANK1  00A4
___awdiv@dividend                       cstackBANK1  00A2
___awdiv@divisor                        cstackBANK1  00A0
___awdiv@quotient                       cstackBANK1  00A6
___awdiv@sign                           cstackBANK1  00A5
___awmod                                text46       0C2F
___awmod@counter                        cstackCOMMON 0074
___awmod@dividend                       cstackCOMMON 0072
___awmod@divisor                        cstackCOMMON 0070
___awmod@sign                           cstackCOMMON 0075
___flmul                                text44       0037
___flmul@a                              cstackBANK0  0024
___flmul@aexp                           cstackBANK0  0032
___flmul@b                              cstackBANK0  0020
___flmul@bexp                           cstackBANK0  0033
___flmul@grs                            cstackBANK0  002E
___flmul@prod                           cstackBANK0  0034
___flmul@sign                           cstackBANK0  002D
___flmul@temp                           cstackBANK0  0038
___fltol                                text43       0E79
___fltol@exp1                           cstackBANK0  0043
___fltol@f1                             cstackBANK0  003A
___fltol@sign1                          cstackBANK0  0042
___int_sp                               stack        0000
___latbits                              (abs)        0002
___lldiv                                text28       0D3D
___lldiv@counter                        cstackBANK1  00AD
___lldiv@dividend                       cstackBANK1  00A4
___lldiv@divisor                        cstackBANK1  00A0
___lldiv@quotient                       cstackBANK1  00A9
___lwdiv                                text48       0B13
___lwdiv@counter                        cstackCOMMON 0076
___lwdiv@dividend                       cstackCOMMON 0072
___lwdiv@divisor                        cstackCOMMON 0070
___lwdiv@quotient                       cstackCOMMON 0074
___lwmod                                text17       0A9A
___lwmod@counter                        cstackBANK1  00A4
___lwmod@dividend                       cstackBANK1  00A2
___lwmod@divisor                        cstackBANK1  00A0
___sp                                   stack        0000
___stackhi                              (abs)        0000
___stacklo                              (abs)        0000
___xxtofl                               text42       05A8
___xxtofl@arg                           cstackCOMMON 007A
___xxtofl@exp                           cstackCOMMON 0079
___xxtofl@sign                          cstackCOMMON 0078
___xxtofl@val                           cstackCOMMON 0070
__end_of_ADC_Init                       text37       0F73
__end_of_ADC_ReadChannel                text49       09BC
__end_of_DD_GetState                    text50       0B13
__end_of_DD_Init                        text36       0906
__end_of_DD_SetState                    text23       0CE2
__end_of_EEPROM_ReadByte                text3        0D3D
__end_of_EEPROM_WriteByte               text30       0A9A
__end_of_EWH_ClearEvent                 text22       084C
__end_of_EWH_EEPROM_Init                text29       08B5
__end_of_EWH_EEPROM_Read                text2        088B
__end_of_EWH_EEPROM_Update              text10       08D6
__end_of_EWH_Init                       text24       0B9B
__end_of_EWH_Operating_Mode             text11       04B7
__end_of_EWH_SSD_OFF                    text9        08A5
__end_of_EWH_SSD_Update                 text16       0800
__end_of_EWH_SetEvent                   text15       0856
__end_of_EWH_SetMode                    text14       0817
__end_of_EWH_SetTemp_Mode               text8        05A8
__end_of_EWH_Sleep_Mode                 text7        09EF
__end_of_EWH_TempUpdate                 text41       1000
__end_of_EWH_WakeUP_Mode                text1        07A4
__end_of_EWH_getAvrgTempReading         text47       0A27
__end_of_I2C_Init                       text27       0BE5
__end_of_I2C_Master_ReadByte            text4        0991
__end_of_I2C_Master_Send_ACK            text6        0860
__end_of_I2C_Master_Send_NACK           text5        086A
__end_of_I2C_Master_Send_RepeatedStart  text34       0828
__end_of_I2C_Master_Send_Start          text33       0831
__end_of_I2C_Master_Send_Stop           text32       083A
__end_of_I2C_Master_WriteByte           text31       0941
__end_of_I2C_Wait_IDLE                  text35       0898
__end_of_ISR                            text38       070C
__end_of_SSD_OFF                        text20       087F
__end_of_SSD_Write                      text19       0923
__end_of_SSD_config                     text21       0E79
__end_of_SW_Init                        text26       0843
__end_of_TMR1_Init                      text25       0C2F
__end_of_TMR1_Start                     text13       08C5
__end_of_TMR1_Stop                      text12       0807
__end_of__Umul8_16                      text45       0968
__end_of___awdiv                        text18       0E0E
__end_of___awmod                        text46       0C88
__end_of___flmul                        text44       0398
__end_of___fltol                        text43       0EF5
__end_of___lldiv                        text28       0DA5
__end_of___lwdiv                        text48       0B57
__end_of___lwmod                        text17       0AD6
__end_of___xxtofl                       text42       0662
__end_of__initialization                cinit        0033
__end_of_main                           maintext     0A5F
__end_ofi1_EWH_SetEvent                 text40       1800
__end_ofi1_EWH_SetMode                  text39       080F
__initialization                        cinit        0015
__pbssBANK0                             bssBANK0     004C
__pbssBANK1                             bssBANK1     00BD
__pcstackBANK0                          cstackBANK0  0020
__pcstackBANK1                          cstackBANK1  00A0
__pcstackCOMMON                         cstackCOMMON 0070
__pdataBANK1                            dataBANK1    00CA
__pidataBANK1                           idataBANK1   086A
__pintentry                             intentry     0004
__pmaintext                             maintext     0A27
__ptext1                                text1        070C
__ptext10                               text10       08C5
__ptext11                               text11       0398
__ptext12                               text12       0803
__ptext13                               text13       08B5
__ptext14                               text14       080F
__ptext15                               text15       084C
__ptext16                               text16       07A4
__ptext17                               text17       0A9A
__ptext18                               text18       0DA5
__ptext19                               text19       0906
__ptext2                                text2        087F
__ptext20                               text20       0874
__ptext21                               text21       0E0E
__ptext22                               text22       0843
__ptext23                               text23       0C88
__ptext24                               text24       0B57
__ptext25                               text25       0BE5
__ptext26                               text26       083A
__ptext27                               text27       0B9B
__ptext28                               text28       0D3D
__ptext29                               text29       08A5
__ptext3                                text3        0CE2
__ptext30                               text30       0A5F
__ptext31                               text31       0923
__ptext32                               text32       0831
__ptext33                               text33       0828
__ptext34                               text34       081F
__ptext35                               text35       088B
__ptext36                               text36       08E9
__ptext37                               text37       0EF5
__ptext38                               text38       0662
__ptext39                               text39       0807
__ptext4                                text4        0968
__ptext40                               text40       17F8
__ptext41                               text41       0F73
__ptext42                               text42       05A8
__ptext43                               text43       0E79
__ptext44                               text44       0037
__ptext45                               text45       0941
__ptext46                               text46       0C2F
__ptext47                               text47       09EF
__ptext48                               text48       0B13
__ptext49                               text49       0991
__ptext5                                text5        0860
__ptext50                               text50       0AD6
__ptext6                                text6        0856
__ptext7                                text7        09BC
__ptext8                                text8        04B7
__ptext9                                text9        0898
__size_of_ADC_Init                      (abs)        0000
__size_of_ADC_ReadChannel               (abs)        0000
__size_of_DD_GetState                   (abs)        0000
__size_of_DD_Init                       (abs)        0000
__size_of_DD_SetState                   (abs)        0000
__size_of_EEPROM_ReadByte               (abs)        0000
__size_of_EEPROM_WriteByte              (abs)        0000
__size_of_EWH_ClearEvent                (abs)        0000
__size_of_EWH_EEPROM_Init               (abs)        0000
__size_of_EWH_EEPROM_Read               (abs)        0000
__size_of_EWH_EEPROM_Update             (abs)        0000
__size_of_EWH_Init                      (abs)        0000
__size_of_EWH_Operating_Mode            (abs)        0000
__size_of_EWH_SSD_OFF                   (abs)        0000
__size_of_EWH_SSD_Update                (abs)        0000
__size_of_EWH_SetEvent                  (abs)        0000
__size_of_EWH_SetMode                   (abs)        0000
__size_of_EWH_SetTemp_Mode              (abs)        0000
__size_of_EWH_Sleep_Mode                (abs)        0000
__size_of_EWH_TempUpdate                (abs)        0000
__size_of_EWH_WakeUP_Mode               (abs)        0000
__size_of_EWH_getAvrgTempReading        (abs)        0000
__size_of_I2C_Init                      (abs)        0000
__size_of_I2C_Master_ReadByte           (abs)        0000
__size_of_I2C_Master_Send_ACK           (abs)        0000
__size_of_I2C_Master_Send_NACK          (abs)        0000
__size_of_I2C_Master_Send_RepeatedStart (abs)        0000
__size_of_I2C_Master_Send_Start         (abs)        0000
__size_of_I2C_Master_Send_Stop          (abs)        0000
__size_of_I2C_Master_WriteByte          (abs)        0000
__size_of_I2C_Wait_IDLE                 (abs)        0000
__size_of_ISR                           (abs)        0000
__size_of_SSD_OFF                       (abs)        0000
__size_of_SSD_Write                     (abs)        0000
__size_of_SSD_config                    (abs)        0000
__size_of_SW_Init                       (abs)        0000
__size_of_TMR1_Init                     (abs)        0000
__size_of_TMR1_Start                    (abs)        0000
__size_of_TMR1_Stop                     (abs)        0000
__size_of__Umul8_16                     (abs)        0000
__size_of___awdiv                       (abs)        0000
__size_of___awmod                       (abs)        0000
__size_of___flmul                       (abs)        0000
__size_of___fltol                       (abs)        0000
__size_of___lldiv                       (abs)        0000
__size_of___lwdiv                       (abs)        0000
__size_of___lwmod                       (abs)        0000
__size_of___xxtofl                      (abs)        0000
__size_of_main                          (abs)        0000
__size_ofi1_EWH_SetEvent                (abs)        0000
__size_ofi1_EWH_SetMode                 (abs)        0000
_current_Temp                           bssBANK1     00C7
_main                                   maintext     0A27
_set_Temp                               bssBANK1     00C8
btemp                                   (abs)        007E
clear_ram0                              clrtext      0817
end_of_initialization                   cinit        0033
i1EWH_SetEvent@Event_index              cstackCOMMON 0070
i1EWH_SetMode@new_mode                  cstackCOMMON 0070
i1_EWH_SetEvent                         text40       17F8
i1_EWH_SetMode                          text39       0807
init_fetch0                             inittext     08D6
init_ram0                               inittext     08DA
interrupt_function                      intentry     0004
intlevel0                               functab      0000
intlevel1                               functab      0000
intlevel2                               functab      0000
intlevel3                               functab      0000
intlevel4                               functab      0000
intlevel5                               functab      0000
reset_vec                               reset_vec    0000
saved_w                                 (abs)        007E
start                                   init         0012
start_initialization                    cinit        0015
wtemp0                                  (abs)        007E


FUNCTION INFORMATION:

 *************** function _main *****************
 Defined at:
		line 3 in file "main.c"
 Parameters:    Size  Location     Type
		None
 Auto vars:     Size  Location     Type
		None
 Return value:  Size  Location     Type
                  1    wreg      void 
 Registers used:
		wreg, fsr0l, fsr0h, status,2, status,0, btemp+1, pclath, cstack
 Tracked objects:
		On entry : 
		On exit  : 
		Unchanged: 
 Data sizes:     COMMON   BANK0   BANK1   BANK3   BANK2
      Params:         0       0       0       0       0
      Locals:         0       0       0       0       0
      Temps:          0       0       2       0       0
      Totals:         0       0       2       0       0
Total ram usage:        2 bytes
 Hardware stack levels required when called:   10
 This function calls:
		_EWH_Init
		_EWH_Operating_Mode
		_EWH_SetTemp_Mode
		_EWH_Sleep_Mode
		_EWH_WakeUP_Mode
 This function is called by:
		Startup code after reset
 This function uses a non-reentrant model


 *************** function _EWH_WakeUP_Mode *****************
 Defined at:
		line 39 in file "EWH.c"
 Parameters:    Size  Location     Type
		None
 Auto vars:     Size  Location     Type
		None
 Return value:  Size  Location     Type
                  1    wreg      void 
 Registers used:
		wreg, fsr0l, fsr0h, status,2, status,0, btemp+1, pclath, cstack
 Tracked objects:
		On entry : 
		On exit  : 
		Unchanged: 
 Data sizes:     COMMON   BANK0   BANK1   BANK3   BANK2
      Params:         0       0       0       0       0
      Locals:         0       0       0       0       0
      Temps:          0       0       2       0       0
      Totals:         0       0       2       0       0
Total ram usage:        2 bytes
 Hardware stack levels used:    1
 Hardware stack levels required when called:    9
 This function calls:
		_EWH_ClearEvent
		_EWH_EEPROM_Read
		_EWH_SSD_Update
		_EWH_SetMode
 This function is called by:
		_main
 This function uses a non-reentrant model


 *************** function _EWH_EEPROM_Read *****************
 Defined at:
		line 309 in file "EWH.c"
 Parameters:    Size  Location     Type
		None
 Auto vars:     Size  Location     Type
		None
 Return value:  Size  Location     Type
                  1    wreg      unsigned char 
 Registers used:
		wreg, status,2, status,0, btemp+1, pclath, cstack
 Tracked objects:
		On entry : 
		On exit  : 
		Unchanged: 
 Data sizes:     COMMON   BANK0   BANK1   BANK3   BANK2
      Params:         0       0       0       0       0
      Locals:         0       0       0       0       0
      Temps:          0       0       0       0       0
      Totals:         0       0       0       0       0
Total ram usage:        0 bytes
 Hardware stack levels used:    1
 Hardware stack levels required when called:    8
 This function calls:
		_EEPROM_ReadByte
 This function is called by:
		_EWH_WakeUP_Mode
 This function uses a non-reentrant model


 *************** function _EEPROM_ReadByte *****************
 Defined at:
		line 48 in file "EEPROM.c"
 Parameters:    Size  Location     Type
  address         2    2[BANK1 ] unsigned short 
 Auto vars:     Size  Location     Type
  data            1    6[BANK1 ] unsigned char 
 Return value:  Size  Location     Type
                  1    wreg      unsigned char 
 Registers used:
		wreg, status,2, status,0, btemp+1, pclath, cstack
 Tracked objects:
		On entry : 
		On exit  : 
		Unchanged: 
 Data sizes:     COMMON   BANK0   BANK1   BANK3   BANK2
      Params:         0       0       2       0       0
      Locals:         0       0       1       0       0
      Temps:          0       0       2       0       0
      Totals:         0       0       5       0       0
Total ram usage:        5 bytes
 Hardware stack levels used:    1
 Hardware stack levels required when called:    7
 This function calls:
		_I2C_Master_ReadByte
		_I2C_Master_Send_RepeatedStart
		_I2C_Master_Send_Start
		_I2C_Master_Send_Stop
		_I2C_Master_WriteByte
 This function is called by:
		_EWH_EEPROM_Read
 This function uses a non-reentrant model


 *************** function _I2C_Master_ReadByte *****************
 Defined at:
		line 110 in file "i2c.c"
 Parameters:    Size  Location     Type
  Read_State      1    wreg     enum E881
 Auto vars:     Size  Location     Type
  Read_State      1    1[BANK1 ] enum E881
  data            1    0        unsigned char 
 Return value:  Size  Location     Type
                  1    wreg      unsigned char 
 Registers used:
		wreg, status,2, status,0, pclath, cstack
 Tracked objects:
		On entry : 
		On exit  : 
		Unchanged: 
 Data sizes:     COMMON   BANK0   BANK1   BANK3   BANK2
      Params:         0       0       0       0       0
      Locals:         0       0       2       0       0
      Temps:          0       0       0       0       0
      Totals:         0       0       2       0       0
Total ram usage:        2 bytes
 Hardware stack levels used:    1
 Hardware stack levels required when called:    6
 This function calls:
		_I2C_Master_Send_ACK
		_I2C_Master_Send_NACK
		_I2C_Wait_IDLE
 This function is called by:
		_EEPROM_ReadByte
		_EEPROM_ReadPage
 This function uses a non-reentrant model


 *************** function _I2C_Master_Send_NACK *****************
 Defined at:
		line 92 in file "i2c.c"
 Parameters:    Size  Location     Type
		None
 Auto vars:     Size  Location     Type
		None
 Return value:  Size  Location     Type
                  1    wreg      void 
 Registers used:
		wreg, status,2, status,0, pclath, cstack
 Tracked objects:
		On entry : 
		On exit  : 
		Unchanged: 
 Data sizes:     COMMON   BANK0   BANK1   BANK3   BANK2
      Params:         0       0       0       0       0
      Locals:         0       0       0       0       0
      Temps:          0       0       0       0       0
      Totals:         0       0       0       0       0
Total ram usage:        0 bytes
 Hardware stack levels used:    1
 Hardware stack levels required when called:    5
 This function calls:
		_I2C_Wait_IDLE
 This function is called by:
		_I2C_Master_ReadByte
 This function uses a non-reentrant model


 *************** function _I2C_Master_Send_ACK *****************
 Defined at:
		line 84 in file "i2c.c"
 Parameters:    Size  Location     Type
		None
 Auto vars:     Size  Location     Type
		None
 Return value:  Size  Location     Type
                  1    wreg      void 
 Registers used:
		wreg, status,2, status,0, pclath, cstack
 Tracked objects:
		On entry : 
		On exit  : 
		Unchanged: 
 Data sizes:     COMMON   BANK0   BANK1   BANK3   BANK2
      Params:         0       0       0       0       0
      Locals:         0       0       0       0       0
      Temps:          0       0       0       0       0
      Totals:         0       0       0       0       0
Total ram usage:        0 bytes
 Hardware stack levels used:    1
 Hardware stack levels required when called:    5
 This function calls:
		_I2C_Wait_IDLE
 This function is called by:
		_I2C_Master_ReadByte
 This function uses a non-reentrant model


 *************** function _EWH_Sleep_Mode *****************
 Defined at:
		line 16 in file "EWH.c"
 Parameters:    Size  Location     Type
		None
 Auto vars:     Size  Location     Type
		None
 Return value:  Size  Location     Type
                  1    wreg      void 
 Registers used:
		wreg, fsr0l, fsr0h, status,2, status,0, btemp+1, pclath, cstack
 Tracked objects:
		On entry : 
		On exit  : 
		Unchanged: 
 Data sizes:     COMMON   BANK0   BANK1   BANK3   BANK2
      Params:         0       0       0       0       0
      Locals:         0       0       0       0       0
      Temps:          0       0       0       0       0
      Totals:         0       0       0       0       0
Total ram usage:        0 bytes
 Hardware stack levels used:    1
 Hardware stack levels required when called:    7
 This function calls:
		_DD_SetState
		_EWH_ClearEvent
		_EWH_SSD_OFF
		_TMR1_Stop
 This function is called by:
		_main
 This function uses a non-reentrant model


 *************** function _EWH_SetTemp_Mode *****************
 Defined at:
		line 99 in file "EWH.c"
 Parameters:    Size  Location     Type
		None
 Auto vars:     Size  Location     Type
		None
 Return value:  Size  Location     Type
                  1    wreg      void 
 Registers used:
		wreg, fsr0l, fsr0h, status,2, status,0, btemp+1, pclath, cstack
 Tracked objects:
		On entry : 
		On exit  : 
		Unchanged: 
 Data sizes:     COMMON   BANK0   BANK1   BANK3   BANK2
      Params:         0       0       0       0       0
      Locals:         0       0       0       0       0
      Temps:          0       0       2       0       0
      Totals:         0       0       2       0       0
Total ram usage:        2 bytes
 Hardware stack levels used:    1
 Hardware stack levels required when called:    8
 This function calls:
		_DD_SetState
		_EWH_ClearEvent
		_EWH_EEPROM_Update
		_EWH_SSD_OFF
		_EWH_SSD_Update
		_EWH_SetMode
		_TMR1_Start
 This function is called by:
		_main
 This function uses a non-reentrant model


 *************** function _EWH_SSD_OFF *****************
 Defined at:
		line 319 in file "EWH.c"
 Parameters:    Size  Location     Type
		None
 Auto vars:     Size  Location     Type
		None
 Return value:  Size  Location     Type
                  1    wreg      void 
 Registers used:
		wreg, fsr0l, fsr0h, status,2, status,0, btemp+1, pclath, cstack
 Tracked objects:
		On entry : 
		On exit  : 
		Unchanged: 
 Data sizes:     COMMON   BANK0   BANK1   BANK3   BANK2
      Params:         0       0       0       0       0
      Locals:         0       0       0       0       0
      Temps:          0       0       0       0       0
      Totals:         0       0       0       0       0
Total ram usage:        0 bytes
 Hardware stack levels used:    1
 Hardware stack levels required when called:    6
 This function calls:
		_SSD_OFF
 This function is called by:
		_EWH_Sleep_Mode
		_EWH_SetTemp_Mode
 This function uses a non-reentrant model


 *************** function _EWH_EEPROM_Update *****************
 Defined at:
		line 305 in file "EWH.c"
 Parameters:    Size  Location     Type
  newSetTemp      1    wreg     unsigned char 
 Auto vars:     Size  Location     Type
  newSetTemp      1    6[BANK1 ] unsigned char 
 Return value:  Size  Location     Type
                  1    wreg      void 
 Registers used:
		wreg, status,2, status,0, btemp+1, pclath, cstack
 Tracked objects:
		On entry : 
		On exit  : 
		Unchanged: 
 Data sizes:     COMMON   BANK0   BANK1   BANK3   BANK2
      Params:         0       0       0       0       0
      Locals:         0       0       1       0       0
      Temps:          0       0       0       0       0
      Totals:         0       0       1       0       0
Total ram usage:        1 bytes
 Hardware stack levels used:    1
 Hardware stack levels required when called:    7
 This function calls:
		_EEPROM_WriteByte
 This function is called by:
		_EWH_SetTemp_Mode
 This function uses a non-reentrant model


 *************** function _EWH_Operating_Mode *****************
 Defined at:
		line 171 in file "EWH.c"
 Parameters:    Size  Location     Type
		None
 Auto vars:     Size  Location     Type
		None
 Return value:  Size  Location     Type
                  1    wreg      void 
 Registers used:
		wreg, fsr0l, fsr0h, status,2, status,0, btemp+1, pclath, cstack
 Tracked objects:
		On entry : 
		On exit  : 
		Unchanged: 
 Data sizes:     COMMON   BANK0   BANK1   BANK3   BANK2
      Params:         0       0       0       0       0
      Locals:         0       0       0       0       0
      Temps:          0       0       3       0       0
      Totals:         0       0       3       0       0
Total ram usage:        3 bytes
 Hardware stack levels used:    1
 Hardware stack levels required when called:    7
 This function calls:
		_DD_SetState
		_EWH_ClearEvent
		_EWH_SSD_Update
		_EWH_SetEvent
		_EWH_SetMode
		_TMR1_Start
		_TMR1_Stop
 This function is called by:
		_main
 This function uses a non-reentrant model


 *************** function _TMR1_Stop *****************
 Defined at:
		line 53 in file "TMR1.c"
 Parameters:    Size  Location     Type
		None
 Auto vars:     Size  Location     Type
		None
 Return value:  Size  Location     Type
                  1    wreg      void 
 Registers used:
		None
 Tracked objects:
		On entry : 
		On exit  : 
		Unchanged: 
 Data sizes:     COMMON   BANK0   BANK1   BANK3   BANK2
      Params:         0       0       0       0       0
      Locals:         0       0       0       0       0
      Temps:          0       0       0       0       0
      Totals:         0       0       0       0       0
Total ram usage:        0 bytes
 Hardware stack levels used:    1
 Hardware stack levels required when called:    4
 This function calls:
		Nothing
 This function is called by:
		_EWH_Sleep_Mode
		_EWH_Operating_Mode
 This function uses a non-reentrant model


 *************** function _TMR1_Start *****************
 Defined at:
		line 43 in file "TMR1.c"
 Parameters:    Size  Location     Type
		None
 Auto vars:     Size  Location     Type
		None
 Return value:  Size  Location     Type
                  1    wreg      void 
 Registers used:
		None
 Tracked objects:
		On entry : 
		On exit  : 
		Unchanged: 
 Data sizes:     COMMON   BANK0   BANK1   BANK3   BANK2
      Params:         0       0       0       0       0
      Locals:         0       0       0       0       0
      Temps:          0       0       0       0       0
      Totals:         0       0       0       0       0
Total ram usage:        0 bytes
 Hardware stack levels used:    1
 Hardware stack levels required when called:    4
 This function calls:
		Nothing
 This function is called by:
		_EWH_SetTemp_Mode
		_EWH_Operating_Mode
 This function uses a non-reentrant model


 *************** function _EWH_SetMode *****************
 Defined at:
		line 288 in file "EWH.c"
 Parameters:    Size  Location     Type
  new_mode        1    wreg     enum E1032
 Auto vars:     Size  Location     Type
  new_mode        1    0[BANK1 ] enum E1032
 Return value:  Size  Location     Type
                  1    wreg      void 
 Registers used:
		wreg, btemp+1
 Tracked objects:
		On entry : 
		On exit  : 
		Unchanged: 
 Data sizes:     COMMON   BANK0   BANK1   BANK3   BANK2
      Params:         0       0       0       0       0
      Locals:         0       0       1       0       0
      Temps:          0       0       0       0       0
      Totals:         0       0       1       0       0
Total ram usage:        1 bytes
 Hardware stack levels used:    1
 Hardware stack levels required when called:    4
 This function calls:
		Nothing
 This function is called by:
		_EWH_WakeUP_Mode
		_EWH_SetTemp_Mode
		_EWH_Operating_Mode
 This function uses a non-reentrant model


 *************** function _EWH_SetEvent *****************
 Defined at:
		line 292 in file "EWH.c"
 Parameters:    Size  Location     Type
  Event_index     1    wreg     unsigned char 
 Auto vars:     Size  Location     Type
  Event_index     1    0[BANK1 ] unsigned char 
 Return value:  Size  Location     Type
                  1    wreg      void 
 Registers used:
		wreg, fsr0l, fsr0h, status,2, status,0
 Tracked objects:
		On entry : 
		On exit  : 
		Unchanged: 
 Data sizes:     COMMON   BANK0   BANK1   BANK3   BANK2
      Params:         0       0       0       0       0
      Locals:         0       0       1       0       0
      Temps:          0       0       0       0       0
      Totals:         0       0       1       0       0
Total ram usage:        1 bytes
 Hardware stack levels used:    1
 Hardware stack levels required when called:    4
 This function calls:
		Nothing
 This function is called by:
		_EWH_Operating_Mode
 This function uses a non-reentrant model


 *************** function _EWH_SSD_Update *****************
 Defined at:
		line 324 in file "EWH.c"
 Parameters:    Size  Location     Type
  temp            2   10[BANK1 ] unsigned short 
 Auto vars:     Size  Location     Type
		None
 Return value:  Size  Location     Type
                  1    wreg      void 
 Registers used:
		wreg, fsr0l, fsr0h, status,2, status,0, btemp+1, pclath, cstack
 Tracked objects:
		On entry : 
		On exit  : 
		Unchanged: 
 Data sizes:     COMMON   BANK0   BANK1   BANK3   BANK2
      Params:         0       0       2       0       0
      Locals:         0       0       0       0       0
      Temps:          0       0       2       0       0
      Totals:         0       0       4       0       0
Total ram usage:        4 bytes
 Hardware stack levels used:    1
 Hardware stack levels required when called:    6
 This function calls:
		_SSD_OFF
		_SSD_Write
		___awdiv
		___lwmod
 This function is called by:
		_EWH_WakeUP_Mode
		_EWH_SetTemp_Mode
		_EWH_Operating_Mode
 This function uses a non-reentrant model


 *************** function ___lwmod *****************
 Defined at:
		line 5 in file "C:\Program Files\Microchip\xc8\v2.20\pic\sources\c90\common\lwmod.c"
 Parameters:    Size  Location     Type
  divisor         2    0[BANK1 ] unsigned int 
  dividend        2    2[BANK1 ] unsigned int 
 Auto vars:     Size  Location     Type
  counter         1    4[BANK1 ] unsigned char 
 Return value:  Size  Location     Type
                  2    0[BANK1 ] unsigned int 
 Registers used:
		wreg, status,2, status,0, btemp+1
 Tracked objects:
		On entry : 
		On exit  : 
		Unchanged: 
 Data sizes:     COMMON   BANK0   BANK1   BANK3   BANK2
      Params:         0       0       4       0       0
      Locals:         0       0       1       0       0
      Temps:          0       0       0       0       0
      Totals:         0       0       5       0       0
Total ram usage:        5 bytes
 Hardware stack levels used:    1
 Hardware stack levels required when called:    4
 This function calls:
		Nothing
 This function is called by:
		_EWH_SSD_Update
 This function uses a non-reentrant model


 *************** function ___awdiv *****************
 Defined at:
		line 5 in file "C:\Program Files\Microchip\xc8\v2.20\pic\sources\c90\common\awdiv.c"
 Parameters:    Size  Location     Type
  divisor         2    0[BANK1 ] int 
  dividend        2    2[BANK1 ] int 
 Auto vars:     Size  Location     Type
  quotient        2    6[BANK1 ] int 
  sign            1    5[BANK1 ] unsigned char 
  counter         1    4[BANK1 ] unsigned char 
 Return value:  Size  Location     Type
                  2    0[BANK1 ] int 
 Registers used:
		wreg, status,2, status,0, btemp+1
 Tracked objects:
		On entry : 
		On exit  : 
		Unchanged: 
 Data sizes:     COMMON   BANK0   BANK1   BANK3   BANK2
      Params:         0       0       4       0       0
      Locals:         0       0       4       0       0
      Temps:          0       0       0       0       0
      Totals:         0       0       8       0       0
Total ram usage:        8 bytes
 Hardware stack levels used:    1
 Hardware stack levels required when called:    4
 This function calls:
		Nothing
 This function is called by:
		_EWH_SSD_Update
 This function uses a non-reentrant model


 *************** function _SSD_Write *****************
 Defined at:
		line 41 in file "SSD.c"
 Parameters:    Size  Location     Type
  ID              1    wreg     unsigned char 
  Number          1    8[BANK1 ] unsigned char 
 Auto vars:     Size  Location     Type
  ID              1    9[BANK1 ] unsigned char 
 Return value:  Size  Location     Type
                  1    wreg      unsigned char 
 Registers used:
		wreg, fsr0l, fsr0h, status,2, status,0, btemp+1, pclath, cstack
 Tracked objects:
		On entry : 
		On exit  : 
		Unchanged: 
 Data sizes:     COMMON   BANK0   BANK1   BANK3   BANK2
      Params:         0       0       1       0       0
      Locals:         0       0       1       0       0
      Temps:          0       0       0       0       0
      Totals:         0       0       2       0       0
Total ram usage:        2 bytes
 Hardware stack levels used:    1
 Hardware stack levels required when called:    5
 This function calls:
		_SSD_config
 This function is called by:
		_EWH_SSD_Update
 This function uses a non-reentrant model


 *************** function _SSD_OFF *****************
 Defined at:
		line 61 in file "SSD.c"
 Parameters:    Size  Location     Type
  ID              1    wreg     unsigned char 
 Auto vars:     Size  Location     Type
  ID              1    4[BANK1 ] unsigned char 
 Return value:  Size  Location     Type
                  1    wreg      void 
 Registers used:
		wreg, fsr0l, fsr0h, status,2, status,0, btemp+1, pclath, cstack
 Tracked objects:
		On entry : 
		On exit  : 
		Unchanged: 
 Data sizes:     COMMON   BANK0   BANK1   BANK3   BANK2
      Params:         0       0       0       0       0
      Locals:         0       0       1       0       0
      Temps:          0       0       0       0       0
      Totals:         0       0       1       0       0
Total ram usage:        1 bytes
 Hardware stack levels used:    1
 Hardware stack levels required when called:    5
 This function calls:
		_SSD_config
 This function is called by:
		_EWH_SSD_OFF
		_EWH_SSD_Update
 This function uses a non-reentrant model


 *************** function _SSD_config *****************
 Defined at:
		line 17 in file "SSD.c"
 Parameters:    Size  Location     Type
  ID              1    wreg     unsigned char 
  SSD_state       1    0[BANK1 ] enum E13
 Auto vars:     Size  Location     Type
  ID              1    3[BANK1 ] unsigned char 
 Return value:  Size  Location     Type
                  1    wreg      void 
 Registers used:
		wreg, fsr0l, fsr0h, status,2, status,0, btemp+1
 Tracked objects:
		On entry : 
		On exit  : 
		Unchanged: 
 Data sizes:     COMMON   BANK0   BANK1   BANK3   BANK2
      Params:         0       0       1       0       0
      Locals:         0       0       1       0       0
      Temps:          0       0       2       0       0
      Totals:         0       0       4       0       0
Total ram usage:        4 bytes
 Hardware stack levels used:    1
 Hardware stack levels required when called:    4
 This function calls:
		Nothing
 This function is called by:
		_SSD_Write
		_SSD_OFF
		_SSD_ON
 This function uses a non-reentrant model


 *************** function _EWH_ClearEvent *****************
 Defined at:
		line 296 in file "EWH.c"
 Parameters:    Size  Location     Type
  Event_index     1    wreg     unsigned char 
 Auto vars:     Size  Location     Type
  Event_index     1    0[BANK1 ] unsigned char 
 Return value:  Size  Location     Type
                  1    wreg      void 
 Registers used:
		wreg, fsr0l, fsr0h, status,2, status,0
 Tracked objects:
		On entry : 
		On exit  : 
		Unchanged: 
 Data sizes:     COMMON   BANK0   BANK1   BANK3   BANK2
      Params:         0       0       0       0       0
      Locals:         0       0       1       0       0
      Temps:          0       0       0       0       0
      Totals:         0       0       1       0       0
Total ram usage:        1 bytes
 Hardware stack levels used:    1
 Hardware stack levels required when called:    4
 This function calls:
		Nothing
 This function is called by:
		_EWH_Sleep_Mode
		_EWH_WakeUP_Mode
		_EWH_SetTemp_Mode
		_EWH_Operating_Mode
 This function uses a non-reentrant model


 *************** function _DD_SetState *****************
 Defined at:
		line 28 in file "DD.c"
 Parameters:    Size  Location     Type
  device          1    wreg     enum E882
  state           1    0[BANK1 ] enum E13
 Auto vars:     Size  Location     Type
  device          1    3[BANK1 ] enum E882
 Return value:  Size  Location     Type
                  1    wreg      void 
 Registers used:
		wreg, fsr0l, fsr0h, status,2, status,0, btemp+1
 Tracked objects:
		On entry : 
		On exit  : 
		Unchanged: 
 Data sizes:     COMMON   BANK0   BANK1   BANK3   BANK2
      Params:         0       0       1       0       0
      Locals:         0       0       1       0       0
      Temps:          0       0       2       0       0
      Totals:         0       0       4       0       0
Total ram usage:        4 bytes
 Hardware stack levels used:    1
 Hardware stack levels required when called:    4
 This function calls:
		Nothing
 This function is called by:
		_EWH_Sleep_Mode
		_EWH_SetTemp_Mode
		_EWH_Operating_Mode
 This function uses a non-reentrant model


 *************** function _EWH_Init *****************
 Defined at:
		line 249 in file "EWH.c"
 Parameters:    Size  Location     Type
		None
 Auto vars:     Size  Location     Type
  i2c_config      6   17[BANK1 ] struct .
  adc_config      4   23[BANK1 ] struct .
  TMR1_cfg        2   15[BANK1 ] struct .
 Return value:  Size  Location     Type
                  1    wreg      void 
 Registers used:
		wreg, fsr0l, fsr0h, status,2, status,0, btemp+1, pclath, cstack
 Tracked objects:
		On entry : 
		On exit  : 
		Unchanged: 
 Data sizes:     COMMON   BANK0   BANK1   BANK3   BANK2
      Params:         0       0       0       0       0
      Locals:         0       0      12       0       0
      Temps:          0       0       0       0       0
      Totals:         0       0      12       0       0
Total ram usage:       12 bytes
 Hardware stack levels used:    1
 Hardware stack levels required when called:    8
 This function calls:
		_ADC_Init
		_DD_Init
		_EWH_EEPROM_Init
		_I2C_Init
		_SW_Init
		_TMR1_Init
 This function is called by:
		_main
 This function uses a non-reentrant model


 *************** function _TMR1_Init *****************
 Defined at:
		line 15 in file "TMR1.c"
 Parameters:    Size  Location     Type
  config          1    wreg     PTR struct .
		 -> EWH_Init@TMR1_cfg(2), 
 Auto vars:     Size  Location     Type
  config          1    2[BANK1 ] PTR struct .
		 -> EWH_Init@TMR1_cfg(2), 
 Return value:  Size  Location     Type
                  1    wreg      void 
 Registers used:
		wreg, fsr0l, fsr0h, status,2, status,0
 Tracked objects:
		On entry : 
		On exit  : 
		Unchanged: 
 Data sizes:     COMMON   BANK0   BANK1   BANK3   BANK2
      Params:         0       0       0       0       0
      Locals:         0       0       1       0       0
      Temps:          0       0       2       0       0
      Totals:         0       0       3       0       0
Total ram usage:        3 bytes
 Hardware stack levels used:    1
 Hardware stack levels required when called:    4
 This function calls:
		Nothing
 This function is called by:
		_EWH_Init
 This function uses a non-reentrant model


 *************** function _SW_Init *****************
 Defined at:
		line 16 in file "SW.c"
 Parameters:    Size  Location     Type
		None
 Auto vars:     Size  Location     Type
		None
 Return value:  Size  Location     Type
                  1    wreg      void 
 Registers used:
		wreg, status,2, status,0, btemp+1
 Tracked objects:
		On entry : 
		On exit  : 
		Unchanged: 
 Data sizes:     COMMON   BANK0   BANK1   BANK3   BANK2
      Params:         0       0       0       0       0
      Locals:         0       0       0       0       0
      Temps:          0       0       0       0       0
      Totals:         0       0       0       0       0
Total ram usage:        0 bytes
 Hardware stack levels used:    1
 Hardware stack levels required when called:    4
 This function calls:
		Nothing
 This function is called by:
		_EWH_Init
 This function uses a non-reentrant model


 *************** function _I2C_Init *****************
 Defined at:
		line 17 in file "i2c.c"
 Parameters:    Size  Location     Type
  i2c_config      1    wreg     PTR struct .
		 -> EWH_Init@i2c_config(6), 
 Auto vars:     Size  Location     Type
  i2c_config      1   14[BANK1 ] PTR struct .
		 -> EWH_Init@i2c_config(6), 
 Return value:  Size  Location     Type
                  1    wreg      void 
 Registers used:
		wreg, fsr0l, fsr0h, status,2, status,0, btemp+1, pclath, cstack
 Tracked objects:
		On entry : 
		On exit  : 
		Unchanged: 
 Data sizes:     COMMON   BANK0   BANK1   BANK3   BANK2
      Params:         0       0       0       0       0
      Locals:         0       0       1       0       0
      Temps:          0       0       0       0       0
      Totals:         0       0       1       0       0
Total ram usage:        1 bytes
 Hardware stack levels used:    1
 Hardware stack levels required when called:    5
 This function calls:
		___lldiv
 This function is called by:
		_EWH_Init
 This function uses a non-reentrant model


 *************** function ___lldiv *****************
 Defined at:
		line 5 in file "C:\Program Files\Microchip\xc8\v2.20\pic\sources\c90\common\__lldiv.c"
 Parameters:    Size  Location     Type
  divisor         4    0[BANK1 ] unsigned long 
  dividend        4    4[BANK1 ] unsigned long 
 Auto vars:     Size  Location     Type
  quotient        4    9[BANK1 ] unsigned long 
  counter         1   13[BANK1 ] unsigned char 
 Return value:  Size  Location     Type
                  4    0[BANK1 ] unsigned long 
 Registers used:
		wreg, status,2, status,0, btemp+1
 Tracked objects:
		On entry : 
		On exit  : 
		Unchanged: 
 Data sizes:     COMMON   BANK0   BANK1   BANK3   BANK2
      Params:         0       0       8       0       0
      Locals:         0       0       5       0       0
      Temps:          0       0       1       0       0
      Totals:         0       0      14       0       0
Total ram usage:       14 bytes
 Hardware stack levels used:    1
 Hardware stack levels required when called:    4
 This function calls:
		Nothing
 This function is called by:
		_I2C_Init
 This function uses a non-reentrant model


 *************** function _EWH_EEPROM_Init *****************
 Defined at:
		line 301 in file "EWH.c"
 Parameters:    Size  Location     Type
		None
 Auto vars:     Size  Location     Type
		None
 Return value:  Size  Location     Type
                  1    wreg      void 
 Registers used:
		wreg, status,2, status,0, btemp+1, pclath, cstack
 Tracked objects:
		On entry : 
		On exit  : 
		Unchanged: 
 Data sizes:     COMMON   BANK0   BANK1   BANK3   BANK2
      Params:         0       0       0       0       0
      Locals:         0       0       0       0       0
      Temps:          0       0       0       0       0
      Totals:         0       0       0       0       0
Total ram usage:        0 bytes
 Hardware stack levels used:    1
 Hardware stack levels required when called:    7
 This function calls:
		_EEPROM_WriteByte
 This function is called by:
		_EWH_Init
 This function uses a non-reentrant model


 *************** function _EEPROM_WriteByte *****************
 Defined at:
		line 16 in file "EEPROM.c"
 Parameters:    Size  Location     Type
  address         2    1[BANK1 ] unsigned short 
  data            1    3[BANK1 ] unsigned char 
 Auto vars:     Size  Location     Type
		None
 Return value:  Size  Location     Type
                  1    wreg      void 
 Registers used:
		wreg, status,2, status,0, pclath, cstack
 Tracked objects:
		On entry : 
		On exit  : 
		Unchanged: 
 Data sizes:     COMMON   BANK0   BANK1   BANK3   BANK2
      Params:         0       0       3       0       0
      Locals:         0       0       0       0       0
      Temps:          0       0       2       0       0
      Totals:         0       0       5       0       0
Total ram usage:        5 bytes
 Hardware stack levels used:    1
 Hardware stack levels required when called:    6
 This function calls:
		_I2C_Master_Send_RepeatedStart
		_I2C_Master_Send_Start
		_I2C_Master_Send_Stop
		_I2C_Master_WriteByte
 This function is called by:
		_EWH_EEPROM_Init
		_EWH_EEPROM_Update
 This function uses a non-reentrant model


 *************** function _I2C_Master_WriteByte *****************
 Defined at:
		line 100 in file "i2c.c"
 Parameters:    Size  Location     Type
  Data            1    wreg     unsigned char 
 Auto vars:     Size  Location     Type
[...]
                  1    wreg      void 
 Registers used:
		wreg, status,2, status,0, btemp+1
 Tracked objects:
		On entry : 
		On exit  : 
		Unchanged: 
 Data sizes:     COMMON   BANK0   BANK1   BANK3   BANK2
      Params:         0       0       0       0       0
      Locals:         0       0       0       0       0
      Temps:          0       0       0       0       0
      Totals:         0       0       0       0       0
Total ram usage:        0 bytes
 Hardware stack levels used:    1
 Hardware stack levels required when called:    4
 This function calls:
		Nothing
 This function is called by:
		_EWH_Init
 This function uses a non-reentrant model


 *************** function _ADC_Init *****************
 Defined at:
		line 16 in file "adc.c"
 Parameters:    Size  Location     Type
  config          1    wreg     PTR struct .
		 -> EWH_Init@adc_config(4), 
 Auto vars:     Size  Location     Type
  config          1    2[BANK1 ] PTR struct .
		 -> EWH_Init@adc_config(4), 
 Return value:  Size  Location     Type
                  1    wreg      void 
 Registers used:
		wreg, fsr0l, fsr0h, status,2, status,0, btemp+1
 Tracked objects:
		On entry : 
		On exit  : 
		Unchanged: 
 Data sizes:     COMMON   BANK0   BANK1   BANK3   BANK2
      Params:         0       0       0       0       0
      Locals:         0       0       1       0       0
      Temps:          0       0       2       0       0
      Totals:         0       0       3       0       0
Total ram usage:        3 bytes
 Hardware stack levels used:    1
 Hardware stack levels required when called:    4
 This function calls:
		Nothing
 This function is called by:
		_EWH_Init
 This function uses a non-reentrant model


 *************** function _ISR *****************
 Defined at:
		line 364 in file "EWH.c"
 Parameters:    Size  Location     Type
		None
 Auto vars:     Size  Location     Type
		None
 Return value:  Size  Location     Type
                  1    wreg      void 
 Registers used:
		wreg, fsr0l, fsr0h, status,2, status,0, btemp+1, pclath, cstack
 Tracked objects:
		On entry : 
		On exit  : 
		Unchanged: 
 Data sizes:     COMMON   BANK0   BANK1   BANK3   BANK2
      Params:         0       0       0       0       0
      Locals:         0       0       0       0       0
      Temps:          0       4       0       0       0
      Totals:         0       4       0       0       0
Total ram usage:        4 bytes
 Hardware stack levels used:    1
 Hardware stack levels required when called:    3
 This function calls:
		_DD_GetState
		_EWH_TempUpdate
		i1_EWH_SetEvent
		i1_EWH_SetMode
 This function is called by:
		Interrupt level 1
 This function uses a non-reentrant model


 *************** function i1_EWH_SetMode *****************
 Defined at:
		line 288 in file "EWH.c"
 Parameters:    Size  Location     Type
  new_mode        1    wreg     enum E1032
 Auto vars:     Size  Location     Type
  new_mode        1    0[COMMON] enum E1032
 Return value:  Size  Location     Type
                  1    wreg      void 
 Registers used:
		wreg, btemp+1
 Tracked objects:
		On entry : 
		On exit  : 
		Unchanged: 
 Data sizes:     COMMON   BANK0   BANK1   BANK3   BANK2
      Params:         0       0       0       0       0
      Locals:         1       0       0       0       0
      Temps:          0       0       0       0       0
      Totals:         1       0       0       0       0
Total ram usage:        1 bytes
 Hardware stack levels used:    1
 This function calls:
		Nothing
 This function is called by:
		_ISR
 This function uses a non-reentrant model


 *************** function i1_EWH_SetEvent *****************
 Defined at:
		line 292 in file "EWH.c"
 Parameters:    Size  Location     Type
  Event_index     1    wreg     unsigned char 
 Auto vars:     Size  Location     Type
  Event_index     1    0[COMMON] unsigned char 
 Return value:  Size  Location     Type
                  1    wreg      void 
 Registers used:
		wreg, fsr0l, fsr0h, status,2, status,0
 Tracked objects:
		On entry : 
		On exit  : 
		Unchanged: 
 Data sizes:     COMMON   BANK0   BANK1   BANK3   BANK2
      Params:         0       0       0       0       0
      Locals:         1       0       0       0       0
      Temps:          0       0       0       0       0
      Totals:         1       0       0       0       0
Total ram usage:        1 bytes
 Hardware stack levels used:    1
 This function calls:
		Nothing
 This function is called by:
		_ISR
 This function uses a non-reentrant model


 *************** function _EWH_TempUpdate *****************
 Defined at:
		line 345 in file "EWH.c"
 Parameters:    Size  Location     Type
		None
 Auto vars:     Size  Location     Type
  Reading         2   38[BANK0 ] unsigned short 
 Return value:  Size  Location     Type
                  1    wreg      void 
 Registers used:
		wreg, fsr0l, fsr0h, status,2, status,0, btemp+1, pclath, cstack
 Tracked objects:
		On entry : 
		On exit  : 
		Unchanged: 
 Data sizes:     COMMON   BANK0   BANK1   BANK3   BANK2
      Params:         0       0       0       0       0
      Locals:         0       2       0       0       0
      Temps:          0       2       0       0       0
      Totals:         0       4       0       0       0
Total ram usage:        4 bytes
 Hardware stack levels used:    1
 Hardware stack levels required when called:    2
 This function calls:
		_ADC_ReadChannel
		_EWH_getAvrgTempReading
		___awmod
		___flmul
		___fltol
		___xxtofl
 This function is called by:
		_ISR
 This function uses a non-reentrant model


 *************** function ___xxtofl *****************
 Defined at:
		line 10 in file "C:\Program Files\Microchip\xc8\v2.20\pic\sources\c90\common\xxtofl.c"
 Parameters:    Size  Location     Type
  sign            1    wreg     unsigned char 
  val             4    0[COMMON] long 
 Auto vars:     Size  Location     Type
  sign            1    8[COMMON] unsigned char 
  arg             4   10[COMMON] unsigned long 
  exp             1    9[COMMON] unsigned char 
 Return value:  Size  Location     Type
                  4    0[COMMON] unsigned char 
 Registers used:
		wreg, status,2, status,0, btemp+1
 Tracked objects:
		On entry : 
		On exit  : 
		Unchanged: 
 Data sizes:     COMMON   BANK0   BANK1   BANK3   BANK2
      Params:         4       0       0       0       0
      Locals:         6       0       0       0       0
      Temps:          4       0       0       0       0
      Totals:        14       0       0       0       0
Total ram usage:       14 bytes
 Hardware stack levels used:    1
 This function calls:
		Nothing
 This function is called by:
		_EWH_TempUpdate
 This function uses a non-reentrant model


 *************** function ___fltol *****************
 Defined at:
		line 43 in file "C:\Program Files\Microchip\xc8\v2.20\pic\sources\c90\common\fltol.c"
 Parameters:    Size  Location     Type
  f1              4   26[BANK0 ] unsigned char 
 Auto vars:     Size  Location     Type
  exp1            1   35[BANK0 ] unsigned char 
  sign1           1   34[BANK0 ] unsigned char 
 Return value:  Size  Location     Type
                  4   26[BANK0 ] long 
 Registers used:
		wreg, status,2, status,0, btemp+1
 Tracked objects:
		On entry : 
		On exit  : 
		Unchanged: 
 Data sizes:     COMMON   BANK0   BANK1   BANK3   BANK2
      Params:         0       4       0       0       0
      Locals:         0       2       0       0       0
      Temps:          0       4       0       0       0
      Totals:         0      10       0       0       0
Total ram usage:       10 bytes
 Hardware stack levels used:    1
 This function calls:
		Nothing
 This function is called by:
		_EWH_TempUpdate
 This function uses a non-reentrant model


 *************** function ___flmul *****************
 Defined at:
		line 8 in file "C:\Program Files\Microchip\xc8\v2.20\pic\sources\c90\common\sprcmul.c"
 Parameters:    Size  Location     Type
  b               4    0[BANK0 ] long 
  a               4    4[BANK0 ] long 
 Auto vars:     Size  Location     Type
  prod            4   20[BANK0 ] struct .
  grs             4   14[BANK0 ] unsigned long 
  temp            2   24[BANK0 ] struct .
  bexp            1   19[BANK0 ] unsigned char 
  aexp            1   18[BANK0 ] unsigned char 
  sign            1   13[BANK0 ] unsigned char 
 Return value:  Size  Location     Type
                  4    0[BANK0 ] unsigned char 
 Registers used:
		wreg, status,2, status,0, btemp+1, pclath, cstack
 Tracked objects:
		On entry : 
		On exit  : 
		Unchanged: 
 Data sizes:     COMMON   BANK0   BANK1   BANK3   BANK2
      Params:         0       8       0       0       0
      Locals:         0      13       0       0       0
      Temps:          0       5       0       0       0
      Totals:         0      26       0       0       0
Total ram usage:       26 bytes
 Hardware stack levels used:    1
 Hardware stack levels required when called:    1
 This function calls:
		__Umul8_16
 This function is called by:
		_EWH_TempUpdate
 This function uses a non-reentrant model


 *************** function __Umul8_16 *****************
 Defined at:
		line 4 in file "C:\Program Files\Microchip\xc8\v2.20\pic\sources\c90\common\Umul8_16.c"
 Parameters:    Size  Location     Type
  multiplier      1    wreg     unsigned char 
  multiplicand    1    0[COMMON] unsigned char 
 Auto vars:     Size  Location     Type
  multiplier      1    8[COMMON] unsigned char 
  word_mpld       2    6[COMMON] unsigned int 
  product         2    4[COMMON] unsigned int 
 Return value:  Size  Location     Type
                  2    0[COMMON] unsigned int 
 Registers used:
		wreg, status,2, status,0
 Tracked objects:
		On entry : 
		On exit  : 
		Unchanged: 
 Data sizes:     COMMON   BANK0   BANK1   BANK3   BANK2
      Params:         2       0       0       0       0
      Locals:         5       0       0       0       0
      Temps:          2       0       0       0       0
      Totals:         9       0       0       0       0
Total ram usage:        9 bytes
 Hardware stack levels used:    1
 This function calls:
		Nothing
 This function is called by:
		___flmul
 This function uses a non-reentrant model


 *************** function ___awmod *****************
 Defined at:
		line 5 in file "C:\Program Files\Microchip\xc8\v2.20\pic\sources\c90\common\awmod.c"
 Parameters:    Size  Location     Type
  divisor         2    0[COMMON] int 
  dividend        2    2[COMMON] int 
 Auto vars:     Size  Location     Type
  sign            1    5[COMMON] unsigned char 
  counter         1    4[COMMON] unsigned char 
 Return value:  Size  Location     Type
                  2    0[COMMON] int 
 Registers used:
		wreg, status,2, status,0, btemp+1
 Tracked objects:
		On entry : 
		On exit  : 
		Unchanged: 
 Data sizes:     COMMON   BANK0   BANK1   BANK3   BANK2
      Params:         4       0       0       0       0
      Locals:         2       0       0       0       0
      Temps:          0       0       0       0       0
      Totals:         6       0       0       0       0
Total ram usage:        6 bytes
 Hardware stack levels used:    1
 This function calls:
		Nothing
 This function is called by:
		_EWH_TempUpdate
 This function uses a non-reentrant model


 *************** function _EWH_getAvrgTempReading *****************
 Defined at:
		line 334 in file "EWH.c"
 Parameters:    Size  Location     Type
  buffer          1    wreg     PTR unsigned char 
		 -> ReadingBuffer(10), 
  length          1    7[COMMON] unsigned char 
 Auto vars:     Size  Location     Type
  buffer          1    3[BANK0 ] PTR unsigned char 
		 -> ReadingBuffer(10), 
  i               1    4[BANK0 ] unsigned char 
  sumOfReading    2    0[BANK0 ] unsigned short 
  averageReadi    1    2[BANK0 ] unsigned char 
 Return value:  Size  Location     Type
                  1    wreg      unsigned char 
 Registers used:
		wreg, fsr0l, fsr0h, status,2, status,0, btemp+1, pclath, cstack
 Tracked objects:
		On entry : 
		On exit  : 
		Unchanged: 
 Data sizes:     COMMON   BANK0   BANK1   BANK3   BANK2
      Params:         1       0       0       0       0
      Locals:         0       5       0       0       0
      Temps:          3       0       0       0       0
      Totals:         4       5       0       0       0
Total ram usage:        9 bytes
 Hardware stack levels used:    1
 Hardware stack levels required when called:    1
 This function calls:
		___lwdiv
 This function is called by:
		_EWH_TempUpdate
 This function uses a non-reentrant model


 *************** function ___lwdiv *****************
 Defined at:
		line 5 in file "C:\Program Files\Microchip\xc8\v2.20\pic\sources\c90\common\lwdiv.c"
 Parameters:    Size  Location     Type
  divisor         2    0[COMMON] unsigned int 
  dividend        2    2[COMMON] unsigned int 
 Auto vars:     Size  Location     Type
  quotient        2    4[COMMON] unsigned int 
  counter         1    6[COMMON] unsigned char 
 Return value:  Size  Location     Type
                  2    0[COMMON] unsigned int 
 Registers used:
		wreg, status,2, status,0, btemp+1
 Tracked objects:
		On entry : 
		On exit  : 
		Unchanged: 
 Data sizes:     COMMON   BANK0   BANK1   BANK3   BANK2
      Params:         4       0       0       0       0
      Locals:         3       0       0       0       0
      Temps:          0       0       0       0       0
      Totals:         7       0       0       0       0
Total ram usage:        7 bytes
 Hardware stack levels used:    1
 This function calls:
		Nothing
 This function is called by:
		_EWH_getAvrgTempReading
 This function uses a non-reentrant model


 *************** function _ADC_ReadChannel *****************
 Defined at:
		line 69 in file "adc.c"
 Parameters:    Size  Location     Type
  channel         1    wreg     enum E869
 Auto vars:     Size  Location     Type
  channel         1    5[COMMON] enum E869
  result          2    3[COMMON] unsigned short 
 Return value:  Size  Location     Type
                  2    0[COMMON] unsigned short 
 Registers used:
		wreg, status,2, status,0, btemp+1
 Tracked objects:
		On entry : 
		On exit  : 
		Unchanged: 
 Data sizes:     COMMON   BANK0   BANK1   BANK3   BANK2
      Params:         2       0       0       0       0
      Locals:         3       0       0       0       0
      Temps:          1       0       0       0       0
      Totals:         6       0       0       0       0
Total ram usage:        6 bytes
 Hardware stack levels used:    1
 This function calls:
		Nothing
 This function is called by:
		_EWH_TempUpdate
 This function uses a non-reentrant model


 *************** function _DD_GetState *****************
 Defined at:
		line 50 in file "DD.c"
 Parameters:    Size  Location     Type
  device          1    wreg     enum E882
 Auto vars:     Size  Location     Type
  device          1    2[COMMON] enum E882
 Return value:  Size  Location     Type
                  1    wreg      enum E13
 Registers used:
		wreg, fsr0l, fsr0h, status,2, status,0
 Tracked objects:
		On entry : 
		On exit  : 
		Unchanged: 
 Data sizes:     COMMON   BANK0   BANK1   BANK3   BANK2
      Params:         0       0       0       0       0
      Locals:         1       0       0       0       0
      Temps:          2       0       0       0       0
      Totals:         3       0       0       0       0
Total ram usage:        3 bytes
 Hardware stack levels used:    1
 This function calls:
		Nothing
 This function is called by:
		_ISR
 This function uses a non-reentrant model



MODULE INFORMATION

Module		Function		Class		Link	Load	Size
SW.c
		_SW_Init       		CODE           	083A	0000	10

SW.c estimated size: 10

TMR1.c
		_TMR1_Stop     		CODE           	0803	0000	5
		_TMR1_Start    		CODE           	08B5	0000	17
		_TMR1_Init     		CODE           	0BE5	0000	75

TMR1.c estimated size: 97

C:\Program Files\Microchip\xc8\v2.20\pic\sources\c90\common\__lldiv.c
		___lldiv       		CODE           	0D3D	0000	105

C:\Program Files\Microchip\xc8\v2.20\pic\sources\c90\common\__lldiv.c estimated size: 105

DD.c
		_DD_Init       		CODE           	08E9	0000	30
		_DD_GetState   		CODE           	0AD6	0000	62
		_DD_SetState   		CODE           	0C88	0000	91

DD.c estimated size: 183

SSD.c
		_SSD_Write     		CODE           	0906	0000	30
		_SSD_OFF       		CODE           	0874	0000	12
		_SSD_config    		CODE           	0E0E	0000	108

SSD.c estimated size: 150

C:\Program Files\Microchip\xc8\v2.20\pic\sources\c90\common\Umul8_16.c
		__Umul8_16     		CODE           	0941	0000	40

C:\Program Files\Microchip\xc8\v2.20\pic\sources\c90\common\Umul8_16.c estimated size: 40

i2c.c
		_I2C_Master_Send_Start		CODE           	0828	0000	10
		_I2C_Master_Send_ACK		CODE           	0856	0000	11
		_I2C_Master_Send_NACK		CODE           	0860	0000	11
		_I2C_Master_Send_RepeatedStart		CODE           	081F	0000	10
		_I2C_Master_Send_Stop		CODE           	0831	0000	10
		_I2C_Init      		CODE           	0B9B	0000	75
		_I2C_Wait_IDLE 		CODE           	088B	0000	14
		_I2C_Master_ReadByte		CODE           	0968	0000	42
		_I2C_Master_WriteByte		CODE           	0923	0000	31

i2c.c estimated size: 214

C:\Program Files\Microchip\xc8\v2.20\pic\sources\c90\common\xxtofl.c
		___xxtofl      		CODE           	05A8	0000	187

C:\Program Files\Microchip\xc8\v2.20\pic\sources\c90\common\xxtofl.c estimated size: 187

C:\Program Files\Microchip\xc8\v2.20\pic\sources\c90\common\lwmod.c
		___lwmod       		CODE           	0A9A	0000	61

C:\Program Files\Microchip\xc8\v2.20\pic\sources\c90\common\lwmod.c estimated size: 61

adc.c
		_ADC_ReadChannel		CODE           	0991	0000	44
		_ADC_Init      		CODE           	0EF5	0000	127

adc.c estimated size: 171

EEPROM.c
		_EEPROM_WriteByte		CODE           	0A5F	0000	60
		_EEPROM_ReadByte		CODE           	0CE2	0000	92

EEPROM.c estimated size: 152

C:\Program Files\Microchip\xc8\v2.20\pic\sources\c90\common\awmod.c
		___awmod       		CODE           	0C2F	0000	90

C:\Program Files\Microchip\xc8\v2.20\pic\sources\c90\common\awmod.c estimated size: 90

shared
		i1_EWH_SetMode 		CODE           	0807	0000	9
		__initialization		CODE           	0015	0000	31
		i1_EWH_SetEvent		CODE           	17F8	0000	9

shared estimated size: 49

C:\Program Files\Microchip\xc8\v2.20\pic\sources\c90\common\lwdiv.c
		___lwdiv       		CODE           	0B13	0000	69

C:\Program Files\Microchip\xc8\v2.20\pic\sources\c90\common\lwdiv.c estimated size: 69

C:\Program Files\Microchip\xc8\v2.20\pic\sources\c90\common\fltol.c
		___fltol       		CODE           	0E79	0000	125

C:\Program Files\Microchip\xc8\v2.20\pic\sources\c90\common\fltol.c estimated size: 125

EWH.c
		_EWH_getAvrgTempReading		CODE           	09EF	0000	57
		_EWH_EEPROM_Read		CODE           	087F	0000	13
		_EWH_Sleep_Mode		CODE           	09BC	0000	52
		_ISR           		CODE           	0662	0000	171
		_EWH_EEPROM_Init		CODE           	08A5	0000	17
		_EWH_ClearEvent		CODE           	0843	0000	10
		_EWH_TempUpdate		CODE           	0F73	0000	142
		_EWH_WakeUP_Mode		CODE           	070C	0000	153
		_EWH_SSD_OFF   		CODE           	0898	0000	14
		_EWH_Init      		CODE           	0B57	0000	69
		_EWH_SetMode   		CODE           	080F	0000	9
		_EWH_EEPROM_Update		CODE           	08C5	0000	18
		_EWH_SSD_Update		CODE           	07A4	0000	93
		_EWH_SetEvent  		CODE           	084C	0000	11
		_EWH_SetTemp_Mode		CODE           	04B7	0000	242
		_EWH_Operating_Mode		CODE           	0398	0000	288

EWH.c estimated size: 1359

C:\Program Files\Microchip\xc8\v2.20\pic\sources\c90\common\sprcmul.c
		___flmul       		CODE           	0037	0000	866

C:\Program Files\Microchip\xc8\v2.20\pic\sources\c90\common\sprcmul.c estimated size: 866

main.c
		_main          		CODE           	0A27	0000	57

main.c estimated size: 57

C:\Program Files\Microchip\xc8\v2.20\pic\sources\c90\common\awdiv.c
		___awdiv       		CODE           	0DA5	0000	106

C:\Program Files\Microchip\xc8\v2.20\pic\sources\c90\common\awdiv.c estimated size: 106

