Microchip MPLAB XC8 Compiler V2.20

Linker command line:

-W-3 --edf=C:\Program Files\Microchip\xc8\v2.20\pic\dat\en_msgs.txt -cn \
  -h+dist/default/production\Electric_Heater.X.production.sym \
  --cmf=dist/default/production\Electric_Heater.X.production.cmf -z \
  -Q16F877A -oC:\Users\LENOVO\AppData\Local\Temp\s1go.2 \
  --defsym=__MPLAB_BUILD=1 \
  -Mdist/default/production/Electric_Heater.X.production.map -E1 \
  -ver=XC8 Compiler --acfsm=1493 -ASTACK=0110h-016Fh -pstack=STACK \
  -ACODE=00h-07FFhx4 -ASTRCODE=00h-01FFFh -ASTRING=00h-0FFhx32 \
  -ACONST=00h-0FFhx32 -AENTRY=00h-0FFhx32 -ACOMMON=070h-07Fh \
  -ABANK0=020h-06Fh -ABANK1=0A0h-0EFh -ABANK2=0110h-016Fh \
  -ABANK3=0190h-01EFh -ARAM=020h-06Fh,0A0h-0EFh,0110h-016Fh,0190h-01EFh \
  -AABS1=020h-07Fh,0A0h-0EFh,0110h-016Fh,0190h-01EFh -ASFR0=00h-01Fh \
  -ASFR1=080h-09Fh -ASFR2=0100h-010Fh -ASFR3=0180h-018Fh \
  -ACONFIG=02007h-02007h -DCONFIG=2 -AIDLOC=02000h-02003h -DIDLOC=2 \
  -preset_vec=00h,intentry=04h,init,end_init -ppowerup=CODE -pcinit=CODE \
  -pfunctab=ENTRY -AEEDATA=00h-0FFh/02100h -peeprom_data=EEDATA -DEEDATA=2 \
  -DCODE=2 -DSTRCODE=2 -DSTRING=2 -DCONST=2 -DENTRY=2 -k \
  C:\Users\LENOVO\AppData\Local\Temp\s1go.o \
  dist/default/production\Electric_Heater.X.production.o 

Object code version is 3.11

Machine type is 16F877A



                Name                               Link     Load   Length Selector   Space Scale
C:\Users\LENOVO\AppData\Local\Temp\s1go.o
                end_init                             12       12        3        8       0
                reset_vec                             0        0        3        0       0
                config                             2007     2007        1        0       4
dist/default/production\Electric_Heater.X.production.o
                cinit                                15       15       22        8       0
                intentry                              4        4        E        8       0
                config                             2007     2007        1        0       4
                text43                              7CA      7CA       2B        8       0
                text42                              AC4      AC4       3D     1588       0
                text41                              98B      98B       27     1316       0
                text40                               37       37      361        8       0
                text39                              E83      E83       7C     1D06       0
                text38                              680      680       BA        8       0
                text37                              5A5      5A5       DB        8       0
                text36                              EFF      EFF       7E     1DFE       0
                text35                              933      933       1D     1266       0
                text34                              8D5      8D5        D     11AA       0
                text33                              887      887        9     110E       0
                text32                              890      890        9     1120       0
                text31                              899      899        9     1132       0
                text30                              96D      96D       1E     12DA       0
                text29                              A4D      A4D       3B     149A       0
                text28                              8EF      8EF       10     11DE       0
                text27                              BDB      BDB       5A     17B6       0
                text26                              E18      E18       6B     1C30       0
                text25                              7F5      7F5        B        8       0
                text24                              950      950       1D     12A0       0
                text23                              DAF      DAF       69     1B5E       0
                text22                              A88      A88       3C     1510       0
                text21                              CEB      CEB       5C     19D6       0
                text20                              B01      B01       46     1602       0
                text19                              9DB      9DB       38     13B6       0
                text18                              8FF      8FF       10     11FE       0
                text17                              87B      87B        4     10F6       0
                text16                              C35      C35       5B     186A       0
                text15                              398      398      132        8       0
                text14                              8AB      8AB        A     1156       0
                text13                              8B5      8B5        A     116A       0
                text12                              9B2      9B2       29     1364       0
                text11                              C90      C90       5B     1920       0
                text10                              8C9      8C9        C     1192       0
                text9                               90F      90F       11     121E       0
                text8                               8E2      8E2        D     11C4       0
                text7                               4CA      4CA       DB        8       0
                text6                               A13      A13       3A     1426       0
                text5                               F7D      F7D       83     1EFA       0
                text4                               D47      D47       68     1A8E       0
                text3                               B47      B47       4A     168E       0
                text2                               8A2      8A2        9     1144       0
                text1                               B91      B91       4A     1722       0
                maintext                            73A      73A       90        8       0
                cstackBANK0                          20       20       2A       20       1
                cstackCOMMON                         70       70        E       70       1
                cstackBANK1                          A0       A0       21       A0       1
                clrtext                             87F      87F        8     10FE       0
                inittext                            920      920       13     1240       0
                dataBANK1                            D9       D9        A       A0       1
                bssBANK1                             C1       C1       18       A0       1
                bssBANK0                             4A       4A        9       20       1
                idataBANK1                          8BF      8BF        A     117E       0

TOTAL           Name                               Link     Load   Length     Space
        CLASS   STACK          

        CLASS   CODE           
                end_init                             12       12        3         0
                cinit                                15       15       22         0
                intentry                              4        4        E         0
                reset_vec                             0        0        3         0
                text43                              7CA      7CA       2B         0
                text42                              AC4      AC4       3D         0
                text41                              98B      98B       27         0
                text40                               37       37      361         0
                text39                              E83      E83       7C         0
                text38                              680      680       BA         0
                text37                              5A5      5A5       DB         0
                text36                              EFF      EFF       7E         0
                text35                              933      933       1D         0
                text34                              8D5      8D5        D         0
                text33                              887      887        9         0
                text32                              890      890        9         0
                text31                              899      899        9         0
                text30                              96D      96D       1E         0
                text29                              A4D      A4D       3B         0
                text28                              8EF      8EF       10         0
                text27                              BDB      BDB       5A         0
                text26                              E18      E18       6B         0
                text25                              7F5      7F5        B         0
                text24                              950      950       1D         0
                text23                              DAF      DAF       69         0
                text22                              A88      A88       3C         0
                text21                              CEB      CEB       5C         0
                text20                              B01      B01       46         0
                text19                              9DB      9DB       38         0
                text18                              8FF      8FF       10         0
                text17                              87B      87B        4         0
                text16                              C35      C35       5B         0
                text15                              398      398      132         0
                text14                              8AB      8AB        A         0
                text13                              8B5      8B5        A         0
                text12                              9B2      9B2       29         0
                text11                              C90      C90       5B         0
                text10                              8C9      8C9        C         0
                text9                               90F      90F       11         0
                text8                               8E2      8E2        D         0
                text7                               4CA      4CA       DB         0
                text6                               A13      A13       3A         0
                text5                               F7D      F7D       83         0
                text4                               D47      D47       68         0
                text3                               B47      B47       4A         0
                text2                               8A2      8A2        9         0
                text1                               B91      B91       4A         0
                maintext                            73A      73A       90         0
                clrtext                             87F      87F        8         0
                inittext                            920      920       13         0
                idataBANK1                          8BF      8BF        A         0

        CLASS   STRCODE        

        CLASS   STRING         

        CLASS   CONST          

        CLASS   ENTRY          

        CLASS   COMMON         
                cstackCOMMON                         70       70        E         1

        CLASS   BANK0          
                cstackBANK0                          20       20       2A         1
                bssBANK0                             4A       4A        9         1

        CLASS   BANK1          
                cstackBANK1                          A0       A0       21         1
                dataBANK1                            D9       D9        A         1
                bssBANK1                             C1       C1       18         1

        CLASS   BANK2          

        CLASS   BANK3          

        CLASS   RAM            

        CLASS   ABS1           
                abs_s1                               7E       7E        2         1

        CLASS   SFR0           

        CLASS   SFR1           

        CLASS   SFR2           

        CLASS   SFR3           

        CLASS   CONFIG         
                config                             2007     2007        1         4

        CLASS   IDLOC          

        CLASS   EEDATA         



SEGMENTS        Name                           Load    Length   Top    Selector   Space  Class     Delta

                reset_vec                      000000  000003  000003         0       0  CODE        2
                intentry                       000004  0007FC  000800         8       0  CODE        2
                cstackBANK0                    000020  000033  000053        20       1  BANK0       1
                cstackCOMMON                   000070  00000E  00007E        70       1  COMMON      1
                cstackBANK1                    0000A0  000043  0000E3        A0       1  BANK1       1
                text17                         00087B  000004  00087F      10F6       0  CODE        2
                clrtext                        00087F  000008  000887      10FE       0  CODE        2
                text33                         000887  000009  000890      110E       0  CODE        2
                text32                         000890  000009  000899      1120       0  CODE        2
                text31                         000899  000009  0008A2      1132       0  CODE        2
                text2                          0008A2  000009  0008AB      1144       0  CODE        2
                text14                         0008AB  00000A  0008B5      1156       0  CODE        2
                text13                         0008B5  00000A  0008BF      116A       0  CODE        2
                idataBANK1                     0008BF  00000A  0008C9      117E       0  CODE        2
                text10                         0008C9  00000C  0008D5      1192       0  CODE        2
                text34                         0008D5  00000D  0008E2      11AA       0  CODE        2
                text8                          0008E2  00000D  0008EF      11C4       0  CODE        2
                text28                         0008EF  000010  0008FF      11DE       0  CODE        2
                text18                         0008FF  000010  00090F      11FE       0  CODE        2
                text9                          00090F  000011  000920      121E       0  CODE        2
                inittext                       000920  000013  000933      1240       0  CODE        2
                text35                         000933  00001D  000950      1266       0  CODE        2
                text24                         000950  00001D  00096D      12A0       0  CODE        2
                text30                         00096D  00001E  00098B      12DA       0  CODE        2
                text41                         00098B  000027  0009B2      1316       0  CODE        2
                text12                         0009B2  000029  0009DB      1364       0  CODE        2
                text19                         0009DB  000038  000A13      13B6       0  CODE        2
                text6                          000A13  00003A  000A4D      1426       0  CODE        2
                text29                         000A4D  00003B  000A88      149A       0  CODE        2
                text22                         000A88  00003C  000AC4      1510       0  CODE        2
                text42                         000AC4  00003D  000B01      1588       0  CODE        2
                text20                         000B01  000046  000B47      1602       0  CODE        2
                text3                          000B47  00004A  000B91      168E       0  CODE        2
                text1                          000B91  00004A  000BDB      1722       0  CODE        2
                text27                         000BDB  00005A  000C35      17B6       0  CODE        2
                text16                         000C35  00005B  000C90      186A       0  CODE        2
                text11                         000C90  00005B  000CEB      1920       0  CODE        2
                text21                         000CEB  00005C  000D47      19D6       0  CODE        2
                text4                          000D47  000068  000DAF      1A8E       0  CODE        2
                text23                         000DAF  000069  000E18      1B5E       0  CODE        2
                text26                         000E18  00006B  000E83      1C30       0  CODE        2
                text39                         000E83  00007C  000EFF      1D06       0  CODE        2
                text36                         000EFF  00007E  000F7D      1DFE       0  CODE        2
                text5                          000F7D  000083  001000      1EFA       0  CODE        2


UNUSED ADDRESS RANGES

        Name                Unused          Largest block    Delta
        BANK0            0053-006F             1D           1
        BANK1            00E3-00EF              D           1
        BANK2            0110-016F             60           1
        BANK3            0190-01EF             60           1
        CODE             0003-0003              1           2
                         0800-087A             7B
                         1000-1FFF            800
        CONST            0003-0003              1           2
                         0800-087A             7B
                         1000-1FFF            100
        EEDATA           2100-21FF            100           2
        ENTRY            0003-0003              1           2
                         0800-087A             7B
                         1000-1FFF            100
        IDLOC            2000-2003              4           2
        RAM              0053-006F             1D           1
                         00E3-00EF              D
                         0110-016F             60
                         0190-01EF             60
        SFR0             0000-001F             20           1
        SFR1             0080-009F             20           1
        SFR2             0100-010F             10           1
        SFR3             0180-018F             10           1
        STACK            0110-016F             60           1
        STRCODE          0003-0003              1           2
                         0800-087A             7B
                         1000-1FFF           1000
        STRING           0003-0003              1           2
                         0800-087A             7B
                         1000-1FFF            100

                                  Symbol Table

?_ADC_ReadChannel                       cstackCOMMON 0070
?__Umul8_16                             cstackCOMMON 0070
?___awdiv                               cstackBANK1  00A0
?___awmod                               cstackBANK1  00A0
?___flmul                               cstackBANK0  0020
?___fltol                               cstackBANK0  003A
?___lldiv                               cstackBANK1  00A0
?___lwdiv                               cstackBANK1  00A0
?___lwmod                               cstackBANK1  00A0
?___xxtofl                              cstackCOMMON 0070
ADC_Init@config                         cstackBANK1  00A2
ADC_ReadChannel@channel                 cstackCOMMON 0075
ADC_ReadChannel@result                  cstackCOMMON 0073
DD_GetState@device                      cstackCOMMON 0072
DD_SetState@device                      cstackBANK1  00A3
DD_SetState@state                       cstackBANK1  00A0
EEPROM_ReadByte@address                 cstackBANK1  00A2
EEPROM_ReadByte@data                    cstackBANK1  00A6
EEPROM_WriteByte@address                cstackBANK1  00A1
EEPROM_WriteByte@data                   cstackBANK1  00A3
EWH_EEPROM_Update@newSetTemp            cstackBANK1  00A6
EWH_SSD_Update@temp                     cstackBANK1  00AA
EWH_getAvrgTempReading@averageReading   cstackBANK1  00AD
EWH_getAvrgTempReading@buffer           cstackBANK1  00AE
EWH_getAvrgTempReading@i                cstackBANK1  00AF
EWH_getAvrgTempReading@length           cstackBANK1  00A7
EWH_getAvrgTempReading@sumOfReadings    cstackBANK1  00AB
I2C_Init@i2c_config                     cstackBANK1  00AE
I2C_Master_ReadByte@Read_State          cstackBANK1  00A1
I2C_Master_WriteByte@Data               cstackBANK1  00A0
ISR@Reading                             cstackBANK0  0048
ISR@count                               bssBANK0     0050
SSD_OFF@ID                              cstackBANK1  00A4
SSD_Write@ID                            cstackBANK1  00A9
SSD_Write@Number                        cstackBANK1  00A8
SSD_config@ID                           cstackBANK1  00A3
SSD_config@SSD_state                    cstackBANK1  00A0
TMR1_Init@config                        cstackBANK1  00A2
_ACKDT                                  (abs)        048D
_ACKEN                                  (abs)        048C
_ACKSTAT                                (abs)        048E
_ADCON0                                 (abs)        001F
_ADCON1                                 (abs)        009F
_ADC_Init                               text36       0EFF
_ADC_ReadChannel                        text43       07CA
_ADIE                                   (abs)        0466
_ADIF                                   (abs)        0066
_ADON                                   (abs)        00F8
_ADRESH                                 (abs)        001E
_ADRESL                                 (abs)        009E
_DD_GetState                            text42       0AC4
_DD_Init                                text35       0933
_DD_SetState                            text27       0BDB
_Devices_State                          bssBANK1     00C5
_EEPROM_ReadByte                        text11       0C90
_EEPROM_WriteByte                       text29       0A4D
_EWH_EEPROM_Init                        text28       08EF
_EWH_EEPROM_Read                        text10       08C9
_EWH_EEPROM_Update                      text9        090F
_EWH_Events                             bssBANK1     00C1
_EWH_Mode                               bssBANK1     00CE
_EWH_Operating_Mode                     text15       0398
_EWH_SSD_OFF                            text8        08E2
_EWH_SSD_Update                         text21       0CEB
_EWH_SetTemp_Mode                       text7        04CA
_EWH_Sleep_Mode                         text6        0A13
_EWH_State                              bssBANK0     0052
_EWH_WakeUP_Mode                        text5        0F7D
_EWH_getAvrgTempReading                 text19       09DB
_GIE                                    (abs)        005F
_I2C_Init                               text3        0B47
_I2C_Master_ReadByte                    text12       09B2
_I2C_Master_Send_ACK                    text14       08AB
_I2C_Master_Send_NACK                   text13       08B5
_I2C_Master_Send_RepeatedStart          text33       0887
_I2C_Master_Send_Start                  text32       0890
_I2C_Master_Send_Stop                   text31       0899
_I2C_Master_WriteByte                   text30       096D
_I2C_Wait_IDLE                          text34       08D5
_INTE                                   (abs)        005C
_INTEDG                                 (abs)        040E
_INTF                                   (abs)        0059
_ISR                                    text37       05A5
_NoPress_Sec_count                      bssBANK0     0051
_PEIE                                   (abs)        005E
_PEN                                    (abs)        048A
_PORTA                                  (abs)        0005
_PORTB                                  (abs)        0006
_PORTC                                  (abs)        0007
_PORTD                                  (abs)        0008
_RCEN                                   (abs)        048B
_RSEN                                   (abs)        0489
_ReadingBuffer                          bssBANK1     00CF
_ReadingBufferFull                      bssBANK1     00C9
_SEN                                    (abs)        0488
_SSD_Blink_flag                         bssBANK1     00CA
_SSD_OFF                                text25       07F5
_SSD_Write                              text24       0950
_SSD_code                               dataBANK1    00D9
_SSD_config                             text26       0E18
_SSPADD                                 (abs)        0093
_SSPBUF                                 (abs)        0013
_SSPCON                                 (abs)        0014
_SSPCON2                                (abs)        0091
_SSPEN                                  (abs)        00A5
_SSPIE                                  (abs)        0463
_SSPIF                                  (abs)        0063
_SSPSTAT                                (abs)        0094
_SW_Init                                text2        08A2
_SW_State                               bssBANK0     004A
_SW_StateControl                        bssBANK0     004D
_T0CS                                   (abs)        040D
_T1CKPS0                                (abs)        0084
_T1CKPS1                                (abs)        0085
_TMR1                                   (abs)        000E
_TMR1IE                                 (abs)        0460
_TMR1IF                                 (abs)        0060
_TMR1ON                                 (abs)        0080
_TMR1_Init                              text1        0B91
_TMR1_Start                             text18       08FF
_TMR1_Stop                              text17       087B
_TRISA                                  (abs)        0085
_TRISB                                  (abs)        0086
_TRISC                                  (abs)        0087
_TRISD                                  (abs)        0088
_TempReading_count                      bssBANK1     00CB
_TempavgReading                         bssBANK1     00C8
__Habs1                                 abs1         0000
__Hbank0                                bank0        0000
__Hbank1                                bank1        0000
__Hbank2                                bank2        0000
__Hbank3                                bank3        0000
__HbssBANK0                             bssBANK0     0000
__HbssBANK1                             bssBANK1     0000
__Hcinit                                cinit        0037
__Hclrtext                              clrtext      0000
__Hcode                                 code         0000
__Hcommon                               common       0000
__Hconfig                               config       2008
__HcstackBANK0                          cstackBANK0  0000
__HcstackBANK1                          cstackBANK1  0000
__HcstackCOMMON                         cstackCOMMON 0000
__HdataBANK1                            dataBANK1    0000
__Heeprom_data                          eeprom_data  0000
__Hend_init                             end_init     0015
__Hfunctab                              functab      0000
__HidataBANK1                           idataBANK1   0000
__Hinit                                 init         0012
__Hinittext                             inittext     0000
__Hintentry                             intentry     0012
__Hmaintext                             maintext     0000
__Hpowerup                              powerup      0000
__Hram                                  ram          0000
__Hreset_vec                            reset_vec    0003
__Hsfr0                                 sfr0         0000
__Hsfr1                                 sfr1         0000
__Hsfr2                                 sfr2         0000
__Hsfr3                                 sfr3         0000
__Hspace_0                              (abs)        1000
__Hspace_1                              (abs)        00E3
__Hspace_2                              (abs)        0000
__Hspace_3                              (abs)        0000
__Hspace_4                              (abs)        400F
__Hstack                                stack        0000
__Hstrings                              strings      0000
__Htext                                 text         0000
__Labs1                                 abs1         0000
__Lbank0                                bank0        0000
__Lbank1                                bank1        0000
__Lbank2                                bank2        0000
__Lbank3                                bank3        0000
__LbssBANK0                             bssBANK0     0000
__LbssBANK1                             bssBANK1     0000
__Lcinit                                cinit        0015
__Lclrtext                              clrtext      0000
__Lcode                                 code         0000
__Lcommon                               common       0000
__Lconfig                               config       0000
__LcstackBANK0                          cstackBANK0  0000
__LcstackBANK1                          cstackBANK1  0000
__LcstackCOMMON                         cstackCOMMON 0000
__LdataBANK1                            dataBANK1    0000
__Leeprom_data                          eeprom_data  0000
__Lend_init                             end_init     0012
__Lfunctab                              functab      0000
__LidataBANK1                           idataBANK1   0000
__Linit                                 init         0012
__Linittext                             inittext     0000
__Lintentry                             intentry     0004
__Lmaintext                             maintext     0000
__Lpowerup                              powerup      0000
__Lram                                  ram          0000
__Lreset_vec                            reset_vec    0000
__Lsfr0                                 sfr0         0000
__Lsfr1                                 sfr1         0000
__Lsfr2                                 sfr2         0000
__Lsfr3                                 sfr3         0000
__Lspace_0                              (abs)        0000
__Lspace_1                              (abs)        0000
__Lspace_2                              (abs)        0000
__Lspace_3                              (abs)        0000
__Lspace_4                              (abs)        0000
__Lstack                                stack        0000
__Lstrings                              strings      0000
__Ltext                                 text         0000
__S0                                    (abs)        1000
__S1                                    (abs)        00E3
__S2                                    (abs)        0000
__S3                                    (abs)        0000
__Umul8_16                              text41       098B
__Umul8_16@multiplicand                 cstackCOMMON 0070
__Umul8_16@multiplier                   cstackCOMMON 0078
__Umul8_16@product                      cstackCOMMON 0074
__Umul8_16@word_mpld                    cstackCOMMON 0076
___awdiv                                text23       0DAF
___awdiv@counter                        cstackBANK1  00A4
___awdiv@dividend                       cstackBANK1  00A2
___awdiv@divisor                        cstackBANK1  00A0
___awdiv@quotient                       cstackBANK1  00A6
___awdiv@sign                           cstackBANK1  00A5
___awmod                                text16       0C35
___awmod@counter                        cstackBANK1  00A4
___awmod@dividend                       cstackBANK1  00A2
___awmod@divisor                        cstackBANK1  00A0
___awmod@sign                           cstackBANK1  00A5
___flmul                                text40       0037
___flmul@a                              cstackBANK0  0024
___flmul@aexp                           cstackBANK0  0032
___flmul@b                              cstackBANK0  0020
___flmul@bexp                           cstackBANK0  0033
___flmul@grs                            cstackBANK0  002E
___flmul@prod                           cstackBANK0  0034
___flmul@sign                           cstackBANK0  002D
___flmul@temp                           cstackBANK0  0038
___fltol                                text39       0E83
___fltol@exp1                           cstackBANK0  0043
___fltol@f1                             cstackBANK0  003A
___fltol@sign1                          cstackBANK0  0042
___int_sp                               stack        0000
___latbits                              (abs)        0002
___lldiv                                text4        0D47
___lldiv@counter                        cstackBANK1  00AD
___lldiv@dividend                       cstackBANK1  00A4
___lldiv@divisor                        cstackBANK1  00A0
___lldiv@quotient                       cstackBANK1  00A9
___lwdiv                                text20       0B01
___lwdiv@counter                        cstackBANK1  00A6
___lwdiv@dividend                       cstackBANK1  00A2
___lwdiv@divisor                        cstackBANK1  00A0
___lwdiv@quotient                       cstackBANK1  00A4
___lwmod                                text22       0A88
___lwmod@counter                        cstackBANK1  00A4
___lwmod@dividend                       cstackBANK1  00A2
___lwmod@divisor                        cstackBANK1  00A0
___sp                                   stack        0000
___stackhi                              (abs)        0000
___stacklo                              (abs)        0000
___xxtofl                               text38       0680
___xxtofl@arg                           cstackCOMMON 007A
___xxtofl@exp                           cstackCOMMON 0079
___xxtofl@sign                          cstackCOMMON 0078
___xxtofl@val                           cstackCOMMON 0070
__end_of_ADC_Init                       text36       0F7D
__end_of_ADC_ReadChannel                text43       07F5
__end_of_DD_GetState                    text42       0B01
__end_of_DD_Init                        text35       0950
__end_of_DD_SetState                    text27       0C35
__end_of_EEPROM_ReadByte                text11       0CEB
__end_of_EEPROM_WriteByte               text29       0A88
__end_of_EWH_EEPROM_Init                text28       08FF
__end_of_EWH_EEPROM_Read                text10       08D5
__end_of_EWH_EEPROM_Update              text9        0920
__end_of_EWH_Operating_Mode             text15       04CA
__end_of_EWH_SSD_OFF                    text8        08EF
__end_of_EWH_SSD_Update                 text21       0D47
__end_of_EWH_SetTemp_Mode               text7        05A5
__end_of_EWH_Sleep_Mode                 text6        0A4D
__end_of_EWH_WakeUP_Mode                text5        1000
__end_of_EWH_getAvrgTempReading         text19       0A13
__end_of_I2C_Init                       text3        0B91
__end_of_I2C_Master_ReadByte            text12       09DB
__end_of_I2C_Master_Send_ACK            text14       08B5
__end_of_I2C_Master_Send_NACK           text13       08BF
__end_of_I2C_Master_Send_RepeatedStart  text33       0890
__end_of_I2C_Master_Send_Start          text32       0899
__end_of_I2C_Master_Send_Stop           text31       08A2
__end_of_I2C_Master_WriteByte           text30       098B
__end_of_I2C_Wait_IDLE                  text34       08E2
__end_of_ISR                            text37       0680
__end_of_SSD_OFF                        text25       0800
__end_of_SSD_Write                      text24       096D
__end_of_SSD_config                     text26       0E83
__end_of_SW_Init                        text2        08AB
__end_of_TMR1_Init                      text1        0BDB
__end_of_TMR1_Start                     text18       090F
__end_of_TMR1_Stop                      text17       087F
__end_of__Umul8_16                      text41       09B2
__end_of___awdiv                        text23       0E18
__end_of___awmod                        text16       0C90
__end_of___flmul                        text40       0398
__end_of___fltol                        text39       0EFF
__end_of___lldiv                        text4        0DAF
__end_of___lwdiv                        text20       0B47
__end_of___lwmod                        text22       0AC4
__end_of___xxtofl                       text38       073A
__end_of__initialization                cinit        0033
__end_of_main                           maintext     07CA
__initialization                        cinit        0015
__pbssBANK0                             bssBANK0     004A
__pbssBANK1                             bssBANK1     00C1
__pcstackBANK0                          cstackBANK0  0020
__pcstackBANK1                          cstackBANK1  00A0
__pcstackCOMMON                         cstackCOMMON 0070
__pdataBANK1                            dataBANK1    00D9
__pidataBANK1                           idataBANK1   08BF
__pintentry                             intentry     0004
__pmaintext                             maintext     073A
__ptext1                                text1        0B91
__ptext10                               text10       08C9
__ptext11                               text11       0C90
__ptext12                               text12       09B2
__ptext13                               text13       08B5
__ptext14                               text14       08AB
__ptext15                               text15       0398
__ptext16                               text16       0C35
__ptext17                               text17       087B
__ptext18                               text18       08FF
__ptext19                               text19       09DB
__ptext2                                text2        08A2
__ptext20                               text20       0B01
__ptext21                               text21       0CEB
__ptext22                               text22       0A88
__ptext23                               text23       0DAF
__ptext24                               text24       0950
__ptext25                               text25       07F5
__ptext26                               text26       0E18
__ptext27                               text27       0BDB
__ptext28                               text28       08EF
__ptext29                               text29       0A4D
__ptext3                                text3        0B47
__ptext30                               text30       096D
__ptext31                               text31       0899
__ptext32                               text32       0890
__ptext33                               text33       0887
__ptext34                               text34       08D5
__ptext35                               text35       0933
__ptext36                               text36       0EFF
__ptext37                               text37       05A5
__ptext38                               text38       0680
__ptext39                               text39       0E83
__ptext4                                text4        0D47
__ptext40                               text40       0037
__ptext41                               text41       098B
__ptext42                               text42       0AC4
__ptext43                               text43       07CA
__ptext5                                text5        0F7D
__ptext6                                text6        0A13
__ptext7                                text7        04CA
__ptext8                                text8        08E2
__ptext9                                text9        090F
__size_of_ADC_Init                      (abs)        0000
__size_of_ADC_ReadChannel               (abs)        0000
__size_of_DD_GetState                   (abs)        0000
__size_of_DD_Init                       (abs)        0000
__size_of_DD_SetState                   (abs)        0000
__size_of_EEPROM_ReadByte               (abs)        0000
__size_of_EEPROM_WriteByte              (abs)        0000
__size_of_EWH_EEPROM_Init               (abs)        0000
__size_of_EWH_EEPROM_Read               (abs)        0000
__size_of_EWH_EEPROM_Update             (abs)        0000
__size_of_EWH_Operating_Mode            (abs)        0000
__size_of_EWH_SSD_OFF                   (abs)        0000
__size_of_EWH_SSD_Update                (abs)        0000
__size_of_EWH_SetTemp_Mode              (abs)        0000
__size_of_EWH_Sleep_Mode                (abs)        0000
__size_of_EWH_WakeUP_Mode               (abs)        0000
__size_of_EWH_getAvrgTempReading        (abs)        0000
__size_of_I2C_Init                      (abs)        0000
__size_of_I2C_Master_ReadByte           (abs)        0000
__size_of_I2C_Master_Send_ACK           (abs)        0000
__size_of_I2C_Master_Send_NACK          (abs)        0000
__size_of_I2C_Master_Send_RepeatedStart (abs)        0000
__size_of_I2C_Master_Send_Start         (abs)        0000
__size_of_I2C_Master_Send_Stop          (abs)        0000
__size_of_I2C_Master_WriteByte          (abs)        0000
__size_of_I2C_Wait_IDLE                 (abs)        0000
__size_of_ISR                           (abs)        0000
__size_of_SSD_OFF                       (abs)        0000
__size_of_SSD_Write                     (abs)        0000
__size_of_SSD_config                    (abs)        0000
__size_of_SW_Init                       (abs)        0000
__size_of_TMR1_Init                     (abs)        0000
__size_of_TMR1_Start                    (abs)        0000
__size_of_TMR1_Stop                     (abs)        0000
__size_of__Umul8_16                     (abs)        0000
__size_of___awdiv                       (abs)        0000
__size_of___awmod                       (abs)        0000
__size_of___flmul                       (abs)        0000
__size_of___fltol                       (abs)        0000
__size_of___lldiv                       (abs)        0000
__size_of___lwdiv                       (abs)        0000
__size_of___lwmod                       (abs)        0000
__size_of___xxtofl                      (abs)        0000
__size_of_main                          (abs)        0000
_current_Temp                           bssBANK1     00CC
_main                                   maintext     073A
_set_Temp                               bssBANK1     00CD
btemp                                   (abs)        007E
clear_ram0                              clrtext      087F
end_of_initialization                   cinit        0033
init_fetch0                             inittext     0920
init_ram0                               inittext     0924
interrupt_function                      intentry     0004
intlevel0                               functab      0000
intlevel1                               functab      0000
intlevel2                               functab      0000
intlevel3                               functab      0000
intlevel4                               functab      0000
intlevel5                               functab      0000
main@TMR1_cfg                           cstackBANK1  00B5
main@adc_config                         cstackBANK1  00BD
main@i2c_config                         cstackBANK1  00B7
reset_vec                               reset_vec    0000
saved_w                                 (abs)        007E
start                                   init         0012
start_initialization                    cinit        0015
wtemp0                                  (abs)        007E


FUNCTION INFORMATION:

 *************** function _main *****************
 Defined at:
		line 5 in file "main.c"
 Parameters:    Size  Location     Type
		None
 Auto vars:     Size  Location     Type
  i2c_config      6   23[BANK1 ] struct .
  adc_config      4   29[BANK1 ] struct .
  TMR1_cfg        2   21[BANK1 ] struct .
 Return value:  Size  Location     Type
                  1    wreg      void 
 Registers used:
		wreg, fsr0l, fsr0h, status,2, status,0, btemp+1, pclath, cstack
 Tracked objects:
		On entry : 
		On exit  : 
		Unchanged: 
 Data sizes:     COMMON   BANK0   BANK1   BANK3   BANK2
      Params:         0       0       0       0       0
      Locals:         0       0      12       0       0
      Temps:          0       0       2       0       0
      Totals:         0       0      14       0       0
Total ram usage:       14 bytes
 Hardware stack levels required when called:    9
 This function calls:
		_ADC_Init
		_DD_Init
		_EWH_EEPROM_Init
		_EWH_Operating_Mode
		_EWH_SetTemp_Mode
		_EWH_Sleep_Mode
		_EWH_WakeUP_Mode
		_I2C_Init
		_SW_Init
		_TMR1_Init
 This function is called by:
		Startup code after reset
 This function uses a non-reentrant model


 *************** function _TMR1_Init *****************
 Defined at:
		line 3 in file "TMR1.c"
 Parameters:    Size  Location     Type
  config          1    wreg     PTR struct .
		 -> main@TMR1_cfg(2), 
 Auto vars:     Size  Location     Type
  config          1    2[BANK1 ] PTR struct .
		 -> main@TMR1_cfg(2), 
 Return value:  Size  Location     Type
                  1    wreg      void 
 Registers used:
		wreg, fsr0l, fsr0h, status,2, status,0
 Tracked objects:
		On entry : 
		On exit  : 
		Unchanged: 
 Data sizes:     COMMON   BANK0   BANK1   BANK3   BANK2
      Params:         0       0       0       0       0
      Locals:         0       0       1       0       0
      Temps:          0       0       2       0       0
      Totals:         0       0       3       0       0
Total ram usage:        3 bytes
 Hardware stack levels used:    1
 Hardware stack levels required when called:    3
 This function calls:
		Nothing
 This function is called by:
		_main
 This function uses a non-reentrant model


 *************** function _SW_Init *****************
 Defined at:
		line 16 in file "SW.c"
 Parameters:    Size  Location     Type
		None
 Auto vars:     Size  Location     Type
		None
 Return value:  Size  Location     Type
                  1    wreg      void 
 Registers used:
		wreg, status,2, status,0, btemp+1
 Tracked objects:
		On entry : 
		On exit  : 
		Unchanged: 
 Data sizes:     COMMON   BANK0   BANK1   BANK3   BANK2
      Params:         0       0       0       0       0
      Locals:         0       0       0       0       0
      Temps:          0       0       0       0       0
      Totals:         0       0       0       0       0
Total ram usage:        0 bytes
 Hardware stack levels used:    1
 Hardware stack levels required when called:    3
 This function calls:
		Nothing
 This function is called by:
		_main
 This function uses a non-reentrant model


 *************** function _I2C_Init *****************
 Defined at:
		line 12 in file "i2c.c"
 Parameters:    Size  Location     Type
  i2c_config      1    wreg     PTR struct .
		 -> main@i2c_config(6), 
 Auto vars:     Size  Location     Type
  i2c_config      1   14[BANK1 ] PTR struct .
		 -> main@i2c_config(6), 
 Return value:  Size  Location     Type
                  1    wreg      void 
 Registers used:
		wreg, fsr0l, fsr0h, status,2, status,0, btemp+1, pclath, cstack
 Tracked objects:
		On entry : 
		On exit  : 
		Unchanged: 
 Data sizes:     COMMON   BANK0   BANK1   BANK3   BANK2
      Params:         0       0       0       0       0
      Locals:         0       0       1       0       0
      Temps:          0       0       0       0       0
      Totals:         0       0       1       0       0
Total ram usage:        1 bytes
 Hardware stack levels used:    1
 Hardware stack levels required when called:    4
 This function calls:
		___lldiv
 This function is called by:
		_main
 This function uses a non-reentrant model


 *************** function ___lldiv *****************
 Defined at:
		line 5 in file "C:\Program Files\Microchip\xc8\v2.20\pic\sources\c90\common\__lldiv.c"
 Parameters:    Size  Location     Type
  divisor         4    0[BANK1 ] unsigned long 
  dividend        4    4[BANK1 ] unsigned long 
 Auto vars:     Size  Location     Type
  quotient        4    9[BANK1 ] unsigned long 
  counter         1   13[BANK1 ] unsigned char 
 Return value:  Size  Location     Type
                  4    0[BANK1 ] unsigned long 
 Registers used:
		wreg, status,2, status,0, btemp+1
 Tracked objects:
		On entry : 
		On exit  : 
		Unchanged: 
 Data sizes:     COMMON   BANK0   BANK1   BANK3   BANK2
      Params:         0       0       8       0       0
      Locals:         0       0       5       0       0
      Temps:          0       0       1       0       0
      Totals:         0       0      14       0       0
Total ram usage:       14 bytes
 Hardware stack levels used:    1
 Hardware stack levels required when called:    3
 This function calls:
		Nothing
 This function is called by:
		_I2C_Init
 This function uses a non-reentrant model


 *************** function _EWH_WakeUP_Mode *****************
 Defined at:
		line 28 in file "EWH.c"
 Parameters:    Size  Location     Type
		None
 Auto vars:     Size  Location     Type
		None
 Return value:  Size  Location     Type
                  1    wreg      void 
 Registers used:
		wreg, fsr0l, fsr0h, status,2, status,0, btemp+1, pclath, cstack
 Tracked objects:
		On entry : 
		On exit  : 
		Unchanged: 
 Data sizes:     COMMON   BANK0   BANK1   BANK3   BANK2
      Params:         0       0       0       0       0
      Locals:         0       0       0       0       0
      Temps:          0       0       2       0       0
      Totals:         0       0       2       0       0
Total ram usage:        2 bytes
 Hardware stack levels used:    1
 Hardware stack levels required when called:    8
 This function calls:
		_EWH_EEPROM_Read
		_EWH_SSD_Update
 This function is called by:
		_main
 This function uses a non-reentrant model


 *************** function _EWH_Sleep_Mode *****************
 Defined at:
		line 5 in file "EWH.c"
 Parameters:    Size  Location     Type
		None
 Auto vars:     Size  Location     Type
		None
 Return value:  Size  Location     Type
                  1    wreg      void 
 Registers used:
		wreg, fsr0l, fsr0h, status,2, status,0, btemp+1, pclath, cstack
 Tracked objects:
		On entry : 
		On exit  : 
		Unchanged: 
 Data sizes:     COMMON   BANK0   BANK1   BANK3   BANK2
      Params:         0       0       0       0       0
      Locals:         0       0       0       0       0
      Temps:          0       0       0       0       0
      Totals:         0       0       0       0       0
Total ram usage:        0 bytes
 Hardware stack levels used:    1
 Hardware stack levels required when called:    6
 This function calls:
		_DD_SetState
		_EWH_SSD_OFF
		_TMR1_Stop
 This function is called by:
		_main
 This function uses a non-reentrant model


 *************** function _EWH_SetTemp_Mode *****************
 Defined at:
		line 71 in file "EWH.c"
 Parameters:    Size  Location     Type
		None
 Auto vars:     Size  Location     Type
		None
 Return value:  Size  Location     Type
                  1    wreg      void 
 Registers used:
		wreg, fsr0l, fsr0h, status,2, status,0, btemp+1, pclath, cstack
 Tracked objects:
		On entry : 
		On exit  : 
		Unchanged: 
 Data sizes:     COMMON   BANK0   BANK1   BANK3   BANK2
      Params:         0       0       0       0       0
      Locals:         0       0       0       0       0
      Temps:          0       0       2       0       0
      Totals:         0       0       2       0       0
Total ram usage:        2 bytes
 Hardware stack levels used:    1
 Hardware stack levels required when called:    8
 This function calls:
		_DD_SetState
		_EWH_EEPROM_Read
		_EWH_EEPROM_Update
		_EWH_SSD_OFF
		_EWH_SSD_Update
		_TMR1_Start
 This function is called by:
		_main
 This function uses a non-reentrant model


 *************** function _EWH_SSD_OFF *****************
 Defined at:
		line 75 in file "DD.c"
 Parameters:    Size  Location     Type
		None
 Auto vars:     Size  Location     Type
		None
 Return value:  Size  Location     Type
                  1    wreg      void 
 Registers used:
		wreg, fsr0l, fsr0h, status,2, status,0, btemp+1, pclath, cstack
 Tracked objects:
		On entry : 
		On exit  : 
		Unchanged: 
 Data sizes:     COMMON   BANK0   BANK1   BANK3   BANK2
      Params:         0       0       0       0       0
      Locals:         0       0       0       0       0
      Temps:          0       0       0       0       0
      Totals:         0       0       0       0       0
Total ram usage:        0 bytes
 Hardware stack levels used:    1
 Hardware stack levels required when called:    5
 This function calls:
		_SSD_OFF
 This function is called by:
		_EWH_Sleep_Mode
		_EWH_SetTemp_Mode
 This function uses a non-reentrant model


 *************** function _EWH_EEPROM_Update *****************
 Defined at:
		line 217 in file "EWH.c"
 Parameters:    Size  Location     Type
  newSetTemp      1    wreg     unsigned char 
 Auto vars:     Size  Location     Type
  newSetTemp      1    6[BANK1 ] unsigned char 
 Return value:  Size  Location     Type
                  1    wreg      void 
 Registers used:
		wreg, status,2, status,0, btemp+1, pclath, cstack
 Tracked objects:
		On entry : 
		On exit  : 
		Unchanged: 
 Data sizes:     COMMON   BANK0   BANK1   BANK3   BANK2
      Params:         0       0       0       0       0
      Locals:         0       0       1       0       0
      Temps:          0       0       0       0       0
      Totals:         0       0       1       0       0
Total ram usage:        1 bytes
 Hardware stack levels used:    1
 Hardware stack levels required when called:    6
 This function calls:
		_EEPROM_WriteByte
 This function is called by:
		_EWH_SetTemp_Mode
 This function uses a non-reentrant model


 *************** function _EWH_EEPROM_Read *****************
 Defined at:
		line 221 in file "EWH.c"
 Parameters:    Size  Location     Type
		None
 Auto vars:     Size  Location     Type
		None
 Return value:  Size  Location     Type
                  1    wreg      unsigned char 
 Registers used:
		wreg, status,2, status,0, btemp+1, pclath, cstack
 Tracked objects:
		On entry : 
		On exit  : 
		Unchanged: 
 Data sizes:     COMMON   BANK0   BANK1   BANK3   BANK2
      Params:         0       0       0       0       0
      Locals:         0       0       0       0       0
      Temps:          0       0       0       0       0
      Totals:         0       0       0       0       0
Total ram usage:        0 bytes
 Hardware stack levels used:    1
 Hardware stack levels required when called:    7
 This function calls:
		_EEPROM_ReadByte
 This function is called by:
		_EWH_WakeUP_Mode
		_EWH_SetTemp_Mode
 This function uses a non-reentrant model


 *************** function _EEPROM_ReadByte *****************
 Defined at:
		line 36 in file "EEPROM.c"
 Parameters:    Size  Location     Type
  address         2    2[BANK1 ] unsigned short 
 Auto vars:     Size  Location     Type
  data            1    6[BANK1 ] unsigned char 
 Return value:  Size  Location     Type
                  1    wreg      unsigned char 
 Registers used:
		wreg, status,2, status,0, btemp+1, pclath, cstack
 Tracked objects:
		On entry : 
		On exit  : 
		Unchanged: 
 Data sizes:     COMMON   BANK0   BANK1   BANK3   BANK2
      Params:         0       0       2       0       0
      Locals:         0       0       1       0       0
      Temps:          0       0       2       0       0
      Totals:         0       0       5       0       0
Total ram usage:        5 bytes
 Hardware stack levels used:    1
 Hardware stack levels required when called:    6
 This function calls:
		_I2C_Master_ReadByte
		_I2C_Master_Send_RepeatedStart
		_I2C_Master_Send_Start
		_I2C_Master_Send_Stop
		_I2C_Master_WriteByte
 This function is called by:
		_EWH_EEPROM_Read
 This function uses a non-reentrant model


 *************** function _I2C_Master_ReadByte *****************
 Defined at:
		line 105 in file "i2c.c"
 Parameters:    Size  Location     Type
  Read_State      1    wreg     enum E881
 Auto vars:     Size  Location     Type
  Read_State      1    1[BANK1 ] enum E881
  data            1    0        unsigned char 
 Return value:  Size  Location     Type
                  1    wreg      unsigned char 
 Registers used:
		wreg, status,2, status,0, pclath, cstack
 Tracked objects:
		On entry : 
		On exit  : 
		Unchanged: 
 Data sizes:     COMMON   BANK0   BANK1   BANK3   BANK2
      Params:         0       0       0       0       0
      Locals:         0       0       2       0       0
      Temps:          0       0       0       0       0
      Totals:         0       0       2       0       0
Total ram usage:        2 bytes
 Hardware stack levels used:    1
 Hardware stack levels required when called:    5
 This function calls:
		_I2C_Master_Send_ACK
		_I2C_Master_Send_NACK
		_I2C_Wait_IDLE
 This function is called by:
		_EEPROM_ReadByte
		_EEPROM_ReadPage
 This function uses a non-reentrant model


 *************** function _I2C_Master_Send_NACK *****************
 Defined at:
		line 87 in file "i2c.c"
 Parameters:    Size  Location     Type
		None
 Auto vars:     Size  Location     Type
		None
 Return value:  Size  Location     Type
                  1    wreg      void 
 Registers used:
		wreg, status,2, status,0, pclath, cstack
 Tracked objects:
		On entry : 
		On exit  : 
		Unchanged: 
 Data sizes:     COMMON   BANK0   BANK1   BANK3   BANK2
      Params:         0       0       0       0       0
      Locals:         0       0       0       0       0
      Temps:          0       0       0       0       0
      Totals:         0       0       0       0       0
Total ram usage:        0 bytes
 Hardware stack levels used:    1
 Hardware stack levels required when called:    4
 This function calls:
		_I2C_Wait_IDLE
 This function is called by:
		_I2C_Master_ReadByte
 This function uses a non-reentrant model


 *************** function _I2C_Master_Send_ACK *****************
 Defined at:
		line 79 in file "i2c.c"
 Parameters:    Size  Location     Type
		None
 Auto vars:     Size  Location     Type
		None
 Return value:  Size  Location     Type
                  1    wreg      void 
 Registers used:
		wreg, status,2, status,0, pclath, cstack
 Tracked objects:
		On entry : 
		On exit  : 
		Unchanged: 
 Data sizes:     COMMON   BANK0   BANK1   BANK3   BANK2
      Params:         0       0       0       0       0
      Locals:         0       0       0       0       0
      Temps:          0       0       0       0       0
      Totals:         0       0       0       0       0
Total ram usage:        0 bytes
 Hardware stack levels used:    1
 Hardware stack levels required when called:    4
 This function calls:
		_I2C_Wait_IDLE
 This function is called by:
		_I2C_Master_ReadByte
 This function uses a non-reentrant model


 *************** function _EWH_Operating_Mode *****************
 Defined at:
		line 141 in file "EWH.c"
 Parameters:    Size  Location     Type
		None
 Auto vars:     Size  Location     Type
		None
 Return value:  Size  Location     Type
                  1    wreg      void 
 Registers used:
		wreg, fsr0l, fsr0h, status,2, status,0, btemp+1, pclath, cstack
 Tracked objects:
		On entry : 
		On exit  : 
		Unchanged: 
 Data sizes:     COMMON   BANK0   BANK1   BANK3   BANK2
      Params:         0       0       0       0       0
      Locals:         0       0       0       0       0
      Temps:          0       0       3       0       0
      Totals:         0       0       3       0       0
Total ram usage:        3 bytes
 Hardware stack levels used:    1
 Hardware stack levels required when called:    6
 This function calls:
		_DD_SetState
		_EWH_SSD_Update
		_EWH_getAvrgTempReading
		_TMR1_Start
		_TMR1_Stop
		___awmod
 This function is called by:
		_main
 This function uses a non-reentrant model


 *************** function ___awmod *****************
 Defined at:
		line 5 in file "C:\Program Files\Microchip\xc8\v2.20\pic\sources\c90\common\awmod.c"
 Parameters:    Size  Location     Type
  divisor         2    0[BANK1 ] int 
  dividend        2    2[BANK1 ] int 
 Auto vars:     Size  Location     Type
  sign            1    5[BANK1 ] unsigned char 
  counter         1    4[BANK1 ] unsigned char 
 Return value:  Size  Location     Type
                  2    0[BANK1 ] int 
 Registers used:
		wreg, status,2, status,0, btemp+1
 Tracked objects:
		On entry : 
		On exit  : 
		Unchanged: 
 Data sizes:     COMMON   BANK0   BANK1   BANK3   BANK2
      Params:         0       0       4       0       0
      Locals:         0       0       2       0       0
      Temps:          0       0       0       0       0
      Totals:         0       0       6       0       0
Total ram usage:        6 bytes
 Hardware stack levels used:    1
 Hardware stack levels required when called:    3
 This function calls:
		Nothing
 This function is called by:
		_EWH_Operating_Mode
 This function uses a non-reentrant model


 *************** function _TMR1_Stop *****************
 Defined at:
		line 44 in file "TMR1.c"
 Parameters:    Size  Location     Type
		None
 Auto vars:     Size  Location     Type
		None
 Return value:  Size  Location     Type
                  1    wreg      void 
 Registers used:
		None
 Tracked objects:
		On entry : 
		On exit  : 
		Unchanged: 
 Data sizes:     COMMON   BANK0   BANK1   BANK3   BANK2
      Params:         0       0       0       0       0
      Locals:         0       0       0       0       0
      Temps:          0       0       0       0       0
      Totals:         0       0       0       0       0
Total ram usage:        0 bytes
 Hardware stack levels used:    1
 Hardware stack levels required when called:    3
 This function calls:
		Nothing
 This function is called by:
		_EWH_Sleep_Mode
		_EWH_Operating_Mode
 This function uses a non-reentrant model


 *************** function _TMR1_Start *****************
 Defined at:
		line 31 in file "TMR1.c"
 Parameters:    Size  Location     Type
		None
 Auto vars:     Size  Location     Type
		None
 Return value:  Size  Location     Type
                  1    wreg      void 
 Registers used:
		None
 Tracked objects:
		On entry : 
		On exit  : 
		Unchanged: 
 Data sizes:     COMMON   BANK0   BANK1   BANK3   BANK2
      Params:         0       0       0       0       0
      Locals:         0       0       0       0       0
      Temps:          0       0       0       0       0
      Totals:         0       0       0       0       0
Total ram usage:        0 bytes
 Hardware stack levels used:    1
 Hardware stack levels required when called:    3
 This function calls:
		Nothing
 This function is called by:
		_EWH_SetTemp_Mode
		_EWH_Operating_Mode
 This function uses a non-reentrant model


 *************** function _EWH_getAvrgTempReading *****************
 Defined at:
		line 226 in file "EWH.c"
 Parameters:    Size  Location     Type
  buffer          1    wreg     PTR unsigned char 
		 -> ReadingBuffer(10), 
  length          1    7[BANK1 ] unsigned char 
 Auto vars:     Size  Location     Type
  buffer          1   14[BANK1 ] PTR unsigned char 
		 -> ReadingBuffer(10), 
  i               1   15[BANK1 ] unsigned char 
  sumOfReading    2   11[BANK1 ] unsigned short 
  averageReadi    1   13[BANK1 ] unsigned char 
 Return value:  Size  Location     Type
                  1    wreg      unsigned char 
 Registers used:
		wreg, fsr0l, fsr0h, status,2, status,0, btemp+1, pclath, cstack
 Tracked objects:
		On entry : 
		On exit  : 
		Unchanged: 
 Data sizes:     COMMON   BANK0   BANK1   BANK3   BANK2
      Params:         0       0       1       0       0
      Locals:         0       0       5       0       0
      Temps:          0       0       3       0       0
      Totals:         0       0       9       0       0
Total ram usage:        9 bytes
 Hardware stack levels used:    1
 Hardware stack levels required when called:    4
 This function calls:
		___lwdiv
 This function is called by:
		_EWH_Operating_Mode
 This function uses a non-reentrant model


 *************** function ___lwdiv *****************
 Defined at:
		line 5 in file "C:\Program Files\Microchip\xc8\v2.20\pic\sources\c90\common\lwdiv.c"
 Parameters:    Size  Location     Type
  divisor         2    0[BANK1 ] unsigned int 
  dividend        2    2[BANK1 ] unsigned int 
 Auto vars:     Size  Location     Type
  quotient        2    4[BANK1 ] unsigned int 
  counter         1    6[BANK1 ] unsigned char 
 Return value:  Size  Location     Type
                  2    0[BANK1 ] unsigned int 
 Registers used:
		wreg, status,2, status,0, btemp+1
 Tracked objects:
		On entry : 
		On exit  : 
		Unchanged: 
 Data sizes:     COMMON   BANK0   BANK1   BANK3   BANK2
      Params:         0       0       4       0       0
      Locals:         0       0       3       0       0
      Temps:          0       0       0       0       0
      Totals:         0       0       7       0       0
Total ram usage:        7 bytes
 Hardware stack levels used:    1
 Hardware stack levels required when called:    3
 This function calls:
		Nothing
 This function is called by:
		_EWH_getAvrgTempReading
 This function uses a non-reentrant model


 *************** function _EWH_SSD_Update *****************
 Defined at:
		line 81 in file "DD.c"
 Parameters:    Size  Location     Type
  temp            2   10[BANK1 ] unsigned short 
 Auto vars:     Size  Location     Type
		None
 Return value:  Size  Location     Type
                  1    wreg      void 
 Registers used:
		wreg, fsr0l, fsr0h, status,2, status,0, btemp+1, pclath, cstack
 Tracked objects:
		On entry : 
		On exit  : 
		Unchanged: 
 Data sizes:     COMMON   BANK0   BANK1   BANK3   BANK2
      Params:         0       0       2       0       0
      Locals:         0       0       0       0       0
      Temps:          0       0       2       0       0
      Totals:         0       0       4       0       0
Total ram usage:        4 bytes
 Hardware stack levels used:    1
 Hardware stack levels required when called:    5
 This function calls:
		_SSD_OFF
		_SSD_Write
		___awdiv
		___lwmod
 This function is called by:
		_EWH_WakeUP_Mode
		_EWH_SetTemp_Mode
		_EWH_Operating_Mode
 This function uses a non-reentrant model


 *************** function ___lwmod *****************
 Defined at:
		line 5 in file "C:\Program Files\Microchip\xc8\v2.20\pic\sources\c90\common\lwmod.c"
 Parameters:    Size  Location     Type
  divisor         2    0[BANK1 ] unsigned int 
  dividend        2    2[BANK1 ] unsigned int 
 Auto vars:     Size  Location     Type
  counter         1    4[BANK1 ] unsigned char 
 Return value:  Size  Location     Type
                  2    0[BANK1 ] unsigned int 
 Registers used:
		wreg, status,2, status,0, btemp+1
 Tracked objects:
		On entry : 
		On exit  : 
		Unchanged: 
 Data sizes:     COMMON   BANK0   BANK1   BANK3   BANK2
      Params:         0       0       4       0       0
      Locals:         0       0       1       0       0
      Temps:          0       0       0       0       0
      Totals:         0       0       5       0       0
Total ram usage:        5 bytes
 Hardware stack levels used:    1
 Hardware stack levels required when called:    3
 This function calls:
		Nothing
 This function is called by:
		_EWH_SSD_Update
		_Heater_Display
 This function uses a non-reentrant model


 *************** function ___awdiv *****************
 Defined at:
		line 5 in file "C:\Program Files\Microchip\xc8\v2.20\pic\sources\c90\common\awdiv.c"
 Parameters:    Size  Location     Type
  divisor         2    0[BANK1 ] int 
  dividend        2    2[BANK1 ] int 
 Auto vars:     Size  Location     Type
  quotient        2    6[BANK1 ] int 
  sign            1    5[BANK1 ] unsigned char 
  counter         1    4[BANK1 ] unsigned char 
 Return value:  Size  Location     Type
                  2    0[BANK1 ] int 
 Registers used:
		wreg, status,2, status,0, btemp+1
 Tracked objects:
		On entry : 
		On exit  : 
		Unchanged: 
 Data sizes:     COMMON   BANK0   BANK1   BANK3   BANK2
      Params:         0       0       4       0       0
      Locals:         0       0       4       0       0
      Temps:          0       0       0       0       0
      Totals:         0       0       8       0       0
Total ram usage:        8 bytes
 Hardware stack levels used:    1
 Hardware stack levels required when called:    3
 This function calls:
		Nothing
 This function is called by:
		_EWH_SSD_Update
		_Heater_Display
 This function uses a non-reentrant model


 *************** function _SSD_Write *****************
 Defined at:
		line 35 in file "SSD.c"
 Parameters:    Size  Location     Type
  ID              1    wreg     unsigned char 
  Number          1    8[BANK1 ] unsigned char 
 Auto vars:     Size  Location     Type
  ID              1    9[BANK1 ] unsigned char 
 Return value:  Size  Location     Type
                  1    wreg      unsigned char 
 Registers used:
		wreg, fsr0l, fsr0h, status,2, status,0, btemp+1, pclath, cstack
 Tracked objects:
		On entry : 
		On exit  : 
		Unchanged: 
 Data sizes:     COMMON   BANK0   BANK1   BANK3   BANK2
      Params:         0       0       1       0       0
      Locals:         0       0       1       0       0
      Temps:          0       0       0       0       0
      Totals:         0       0       2       0       0
Total ram usage:        2 bytes
 Hardware stack levels used:    1
 Hardware stack levels required when called:    4
 This function calls:
		_SSD_config
 This function is called by:
		_EWH_SSD_Update
		_Heater_Display
 This function uses a non-reentrant model


 *************** function _SSD_OFF *****************
 Defined at:
		line 65 in file "SSD.c"
 Parameters:    Size  Location     Type
  ID              1    wreg     unsigned char 
 Auto vars:     Size  Location     Type
  ID              1    4[BANK1 ] unsigned char 
 Return value:  Size  Location     Type
                  1    wreg      void 
 Registers used:
		wreg, fsr0l, fsr0h, status,2, status,0, btemp+1, pclath, cstack
 Tracked objects:
		On entry : 
		On exit  : 
		Unchanged: 
 Data sizes:     COMMON   BANK0   BANK1   BANK3   BANK2
      Params:         0       0       0       0       0
      Locals:         0       0       1       0       0
      Temps:          0       0       0       0       0
      Totals:         0       0       1       0       0
Total ram usage:        1 bytes
 Hardware stack levels used:    1
 Hardware stack levels required when called:    4
 This function calls:
		_SSD_config
 This function is called by:
		_EWH_SSD_OFF
		_EWH_SSD_Update
 This function uses a non-reentrant model


 *************** function _SSD_config *****************
 Defined at:
		line 11 in file "SSD.c"
 Parameters:    Size  Location     Type
  ID              1    wreg     unsigned char 
  SSD_state       1    0[BANK1 ] enum E13
 Auto vars:     Size  Location     Type
  ID              1    3[BANK1 ] unsigned char 
 Return value:  Size  Location     Type
                  1    wreg      void 
 Registers used:
		wreg, fsr0l, fsr0h, status,2, status,0, btemp+1
 Tracked objects:
		On entry : 
		On exit  : 
		Unchanged: 
 Data sizes:     COMMON   BANK0   BANK1   BANK3   BANK2
      Params:         0       0       1       0       0
      Locals:         0       0       1       0       0
      Temps:          0       0       2       0       0
      Totals:         0       0       4       0       0
Total ram usage:        4 bytes
 Hardware stack levels used:    1
 Hardware stack levels required when called:    3
 This function calls:
		Nothing
 This function is called by:
		_SSD_Write
		_SSD_OFF
		_Heater_Display
		_SSD_ON
 This function uses a non-reentrant model


 *************** function _DD_SetState *****************
 Defined at:
		line 29 in file "DD.c"
 Parameters:    Size  Location     Type
  device          1    wreg     enum E884
  state           1    0[BANK1 ] enum E13
 Auto vars:     Size  Location     Type
  device          1    3[BANK1 ] enum E884
 Return value:  Size  Location     Type
                  1    wreg      void 
 Registers used:
		wreg, fsr0l, fsr0h, status,2, status,0, btemp+1
 Tracked objects:
		On entry : 
		On exit  : 
		Unchanged: 
 Data sizes:     COMMON   BANK0   BANK1   BANK3   BANK2
      Params:         0       0       1       0       0
      Locals:         0       0       1       0       0
      Temps:          0       0       2       0       0
      Totals:         0       0       4       0       0
Total ram usage:        4 bytes
 Hardware stack levels used:    1
 Hardware stack levels required when called:    3
 This function calls:
		Nothing
 This function is called by:
		_EWH_Sleep_Mode
		_EWH_SetTemp_Mode
		_EWH_Operating_Mode
 This function uses a non-reentrant model


 *************** function _EWH_EEPROM_Init *****************
 Defined at:
		line 213 in file "EWH.c"
 Parameters:    Size  Location     Type
		None
 Auto vars:     Size  Location     Type
		None
 Return value:  Size  Location     Type
                  1    wreg      void 
 Registers used:
		wreg, status,2, status,0, btemp+1, pclath, cstack
 Tracked objects:
		On entry : 
		On exit  : 
		Unchanged: 
 Data sizes:     COMMON   BANK0   BANK1   BANK3   BANK2
      Params:         0       0       0       0       0
      Locals:         0       0       0       0       0
      Temps:          0       0       0       0       0
      Totals:         0       0       0       0       0
Total ram usage:        0 bytes
 Hardware stack levels used:    1
 Hardware stack levels required when called:    6
 This function calls:
		_EEPROM_WriteByte
 This function is called by:
		_main
 This function uses a non-reentrant model


 *************** function _EEPROM_WriteByte *****************
 Defined at:
		line 4 in file "EEPROM.c"
 Parameters:    Size  Location     Type
  address         2    1[BANK1 ] unsigned short 
  data            1    3[BANK1 ] unsigned char 
 Auto vars:     Size  Location     Type
		None
 Return value:  Size  Location     Type
                  1    wreg      void 
 Registers used:
		wreg, status,2, status,0, pclath, cstack
 Tracked objects:
		On entry : 
		On exit  : 
		Unchanged: 
 Data sizes:     COMMON   BANK0   BANK1   BANK3   BANK2
      Params:         0       0       3       0       0
      Locals:         0       0       0       0       0
      Temps:          0       0       2       0       0
      Totals:         0       0       5       0       0
Total ram usage:        5 bytes
 Hardware stack levels used:    1
 Hardware stack levels required when called:    5
 This function calls:
		_I2C_Master_Send_RepeatedStart
		_I2C_Master_Send_Start
		_I2C_Master_Send_Stop
		_I2C_Master_WriteByte
 This function is called by:
		_EWH_EEPROM_Init
		_EWH_EEPROM_Update
 This function uses a non-reentrant model


 *************** function _I2C_Master_WriteByte *****************
 Defined at:
		line 95 in file "i2c.c"
 Parameters:    Size  Location     Type
  Data            1    wreg     unsigned char 
 Auto vars:     Size  Location     Type
  Data            1    0[BANK1 ] unsigned char 
 Return value:  Size  Location     Type
                  1    wreg      unsigned char 
 Registers used:
		wreg, status,2, status,0, pclath, cstack
 Tracked objects:
		On entry : 
		On exit  : 
		Unchanged: 
 Data sizes:     COMMON   BANK0   BANK1   BANK3   BANK2
      Params:         0       0       0       0       0
      Locals:         0       0       1       0       0
      Temps:          0       0       0       0       0
      Totals:         0       0       1       0       0
Total ram usage:        1 bytes
 Hardware stack levels used:    1
 Hardware stack levels required when called:    4
 This function calls:
		_I2C_Wait_IDLE
 This function is called by:
		_EEPROM_WriteByte
		_EEPROM_ReadByte
		_EEPROM_WritePage
		_EEPROM_ReadPage
 This function uses a non-reentrant model


 *************** function _I2C_Master_Send_Stop *****************
 Defined at:
		line 67 in file "i2c.c"
 Parameters:    Size  Location     Type
		None
 Auto vars:     Size  Location     Type
		None
 Return value:  Size  Location     Type
                  1    wreg      void 
 Registers used:
		wreg, status,2, status,0, pclath, cstack
 Tracked objects:
		On entry : 
		On exit  : 
		Unchanged: 
 Data sizes:     COMMON   BANK0   BANK1   BANK3   BANK2
      Params:         0       0       0       0       0
      Locals:         0       0       0       0       0
      Temps:          0       0       0       0       0
      Totals:         0       0       0       0       0
Total ram usage:        0 bytes
 Hardware stack levels used:    1
 Hardware stack levels required when called:    4
 This function calls:
		_I2C_Wait_IDLE
 This function is called by:
		_EEPROM_WriteByte
		_EEPROM_ReadByte
		_EEPROM_WritePage
		_EEPROM_ReadPage
 This function uses a non-reentrant model


 *************** function _I2C_Master_Send_Start *****************
 Defined at:
		line 61 in file "i2c.c"
 Parameters:    Size  Location     Type
		None
 Auto vars:     Size  Location     Type
		None
 Return value:  Size  Location     Type
                  1    wreg      void 
 Registers used:
		wreg, status,2, status,0, pclath, cstack
 Tracked objects:
		On entry : 
		On exit  : 
		Unchanged: 
 Data sizes:     COMMON   BANK0   BANK1   BANK3   BANK2
      Params:         0       0       0       0       0
      Locals:         0       0       0       0       0
      Temps:          0       0       0       0       0
      Totals:         0       0       0       0       0
Total ram usage:        0 bytes
 Hardware stack levels used:    1
 Hardware stack levels required when called:    4
 This function calls:
		_I2C_Wait_IDLE
 This function is called by:
		_EEPROM_WriteByte
		_EEPROM_ReadByte
		_EEPROM_WritePage
		_EEPROM_ReadPage
 This function uses a non-reentrant model


 *************** function _I2C_Master_Send_RepeatedStart *****************
 Defined at:
		line 73 in file "i2c.c"
 Parameters:    Size  Location     Type
		None
 Auto vars:     Size  Location     Type
		None
 Return value:  Size  Location     Type
                  1    wreg      void 
 Registers used:
		wreg, status,2, status,0, pclath, cstack
 Tracked objects:
		On entry : 
		On exit  : 
		Unchanged: 
 Data sizes:     COMMON   BANK0   BANK1   BANK3   BANK2
      Params:         0       0       0       0       0
      Locals:         0       0       0       0       0
      Temps:          0       0       0       0       0
      Totals:         0       0       0       0       0
Total ram usage:        0 bytes
 Hardware stack levels used:    1
 Hardware stack levels required when called:    4
 This function calls:
		_I2C_Wait_IDLE
 This function is called by:
		_EEPROM_WriteByte
		_EEPROM_ReadByte
		_EEPROM_WritePage
		_EEPROM_ReadPage
 This function uses a non-reentrant model


 *************** function _I2C_Wait_IDLE *****************
 Defined at:
		line 53 in file "i2c.c"
 Parameters:    Size  Location     Type
		None
 Auto vars:     Size  Location     Type
		None
 Return value:  Size  Location     Type
                  1    wreg      void 
 Registers used:
		wreg, status,2
 Tracked objects:
		On entry : 
		On exit  : 
		Unchanged: 
 Data sizes:     COMMON   BANK0   BANK1   BANK3   BANK2
      Params:         0       0       0       0       0
      Locals:         0       0       0       0       0
      Temps:          0       0       0       0       0
      Totals:         0       0       0       0       0
Total ram usage:        0 bytes
 Hardware stack levels used:    1
 Hardware stack levels required when called:    3
 This function calls:
		Nothing
 This function is called by:
		_I2C_Master_Send_Start
		_I2C_Master_Send_Stop
		_I2C_Master_Send_RepeatedStart
		_I2C_Master_Send_ACK
		_I2C_Master_Send_NACK
		_I2C_Master_WriteByte
		_I2C_Master_ReadByte
 This function uses a non-reentrant model


 *************** function _DD_Init *****************
 Defined at:
		line 14 in file "DD.c"
 Parameters:    Size  Location     Type
		None
 Auto vars:     Size  Location     Type
		None
 Return value:  Size  Location     Type
                  1    wreg      void 
 Registers used:
		wreg, status,2, status,0, btemp+1
 Tracked objects:
		On entry : 
		On exit  : 
		Unchanged: 
 Data sizes:     COMMON   BANK0   BANK1   BANK3   BANK2
      Params:         0       0       0       0       0
      Locals:         0       0       0       0       0
      Temps:          0       0       0       0       0
      Totals:         0       0       0       0       0
Total ram usage:        0 bytes
 Hardware stack levels used:    1
 Hardware stack levels required when called:    3
 This function calls:
		Nothing
 This function is called by:
		_main
 This function uses a non-reentrant model


 *************** function _ADC_Init *****************
 Defined at:
		line 16 in file "adc.c"
 Parameters:    Size  Location     Type
  config          1    wreg     PTR struct .
		 -> main@adc_config(4), 
 Auto vars:     Size  Location     Type
  config          1    2[BANK1 ] PTR struct .
		 -> main@adc_config(4), 
 Return value:  Size  Location     Type
                  1    wreg      void 
 Registers used:
		wreg, fsr0l, fsr0h, status,2, status,0, btemp+1
 Tracked objects:
		On entry : 
		On exit  : 
		Unchanged: 
 Data sizes:     COMMON   BANK0   BANK1   BANK3   BANK2
      Params:         0       0       0       0       0
      Locals:         0       0       1       0       0
      Temps:          0       0       2       0       0
      Totals:         0       0       3       0       0
Total ram usage:        3 bytes
 Hardware stack levels used:    1
 Hardware stack levels required when called:    3
 This function calls:
		Nothing
 This function is called by:
		_main
 This function uses a non-reentrant model


 *************** function _ISR *****************
 Defined at:
		line 238 in file "EWH.c"
 Parameters:    Size  Location     Type
		None
 Auto vars:     Size  Location     Type
  Reading         2   40[BANK0 ] unsigned short 
 Return value:  Size  Location     Type
                  1    wreg      void 
 Registers used:
		wreg, fsr0l, fsr0h, status,2, status,0, btemp+1, pclath, cstack
 Tracked objects:
		On entry : 
		On exit  : 
		Unchanged: 
 Data sizes:     COMMON   BANK0   BANK1   BANK3   BANK2
      Params:         0       0       0       0       0
      Locals:         0       2       0       0       0
      Temps:          0       4       0       0       0
      Totals:         0       6       0       0       0
Total ram usage:        6 bytes
 Hardware stack levels used:    1
 Hardware stack levels required when called:    2
 This function calls:
		_ADC_ReadChannel
		_DD_GetState
		___flmul
		___fltol
		___xxtofl
 This function is called by:
		Interrupt level 1
 This function uses a non-reentrant model


 *************** function ___xxtofl *****************
 Defined at:
		line 10 in file "C:\Program Files\Microchip\xc8\v2.20\pic\sources\c90\common\xxtofl.c"
 Parameters:    Size  Location     Type
  sign            1    wreg     unsigned char 
  val             4    0[COMMON] long 
 Auto vars:     Size  Location     Type
  sign            1    8[COMMON] unsigned char 
  arg             4   10[COMMON] unsigned long 
  exp             1    9[COMMON] unsigned char 
 Return value:  Size  Location     Type
                  4    0[COMMON] unsigned char 
 Registers used:
		wreg, status,2, status,0, btemp+1
 Tracked objects:
		On entry : 
		On exit  : 
		Unchanged: 
 Data sizes:     COMMON   BANK0   BANK1   BANK3   BANK2
      Params:         4       0       0       0       0
      Locals:         6       0       0       0       0
      Temps:          4       0       0       0       0
      Totals:        14       0       0       0       0
Total ram usage:       14 bytes
 Hardware stack levels used:    1
 This function calls:
		Nothing
 This function is called by:
		_ISR
 This function uses a non-reentrant model


 *************** function ___fltol *****************
 Defined at:
		line 43 in file "C:\Program Files\Microchip\xc8\v2.20\pic\sources\c90\common\fltol.c"
 Parameters:    Size  Location     Type
  f1              4   26[BANK0 ] unsigned char 
 Auto vars:     Size  Location     Type
  exp1            1   35[BANK0 ] unsigned char 
  sign1           1   34[BANK0 ] unsigned char 
 Return value:  Size  Location     Type
                  4   26[BANK0 ] long 
 Registers used:
		wreg, status,2, status,0, btemp+1
 Tracked objects:
		On entry : 
		On exit  : 
		Unchanged: 
 Data sizes:     COMMON   BANK0   BANK1   BANK3   BANK2
      Params:         0       4       0       0       0
      Locals:         0       2       0       0       0
      Temps:          0       4       0       0       0
      Totals:         0      10       0       0       0
Total ram usage:       10 bytes
 Hardware stack levels used:    1
 This function calls:
		Nothing
 This function is called by:
		_ISR
 This function uses a non-reentrant model


 *************** function ___flmul *****************
 Defined at:
		line 8 in file "C:\Program Files\Microchip\xc8\v2.20\pic\sources\c90\common\sprcmul.c"
 Parameters:    Size  Location     Type
  b               4    0[BANK0 ] long 
  a               4    4[BANK0 ] long 
 Auto vars:     Size  Location     Type
  prod            4   20[BANK0 ] struct .
  grs             4   14[BANK0 ] unsigned long 
  temp            2   24[BANK0 ] struct .
  bexp            1   19[BANK0 ] unsigned char 
  aexp            1   18[BANK0 ] unsigned char 
  sign            1   13[BANK0 ] unsigned char 
 Return value:  Size  Location     Type
                  4    0[BANK0 ] unsigned char 
 Registers used:
		wreg, status,2, status,0, btemp+1, pclath, cstack
 Tracked objects:
		On entry : 
		On exit  : 
		Unchanged: 
 Data sizes:     COMMON   BANK0   BANK1   BANK3   BANK2
      Params:         0       8       0       0       0
      Locals:         0      13       0       0       0
      Temps:          0       5       0       0       0
      Totals:         0      26       0       0       0
Total ram usage:       26 bytes
 Hardware stack levels used:    1
 Hardware stack levels required when called:    1
 This function calls:
		__Umul8_16
 This function is called by:
		_ISR
 This function uses a non-reentrant model


 *************** function __Umul8_16 *****************
 Defined at:
		line 4 in file "C:\Program Files\Microchip\xc8\v2.20\pic\sources\c90\common\Umul8_16.c"
 Parameters:    Size  Location     Type
  multiplier      1    wreg     unsigned char 
  multiplicand    1    0[COMMON] unsigned char 
 Auto vars:     Size  Location     Type
  multiplier      1    8[COMMON] unsigned char 
  word_mpld       2    6[COMMON] unsigned int 
  product         2    4[COMMON] unsigned int 
 Return value:  Size  Location     Type
                  2    0[COMMON] unsigned int 
 Registers used:
		wreg, status,2, status,0
 Tracked objects:
		On entry : 
		On exit  : 
		Unchanged: 
 Data sizes:     COMMON   BANK0   BANK1   BANK3   BANK2
      Params:         2       0       0       0       0
      Locals:         5       0       0       0       0
      Temps:          2       0       0       0       0
      Totals:         9       0       0       0       0
Total ram usage:        9 bytes
 Hardware stack levels used:    1
 This function calls:
		Nothing
 This function is called by:
		___flmul
 This function uses a non-reentrant model


 *************** function _DD_GetState *****************
 Defined at:
		line 50 in file "DD.c"
 Parameters:    Size  Location     Type
  device          1    wreg     enum E884
 Auto vars:     Size  Location     Type
  device          1    2[COMMON] enum E884
 Return value:  Size  Location     Type
                  1    wreg      enum E13
 Registers used:
		wreg, fsr0l, fsr0h, status,2, status,0
 Tracked objects:
		On entry : 
		On exit  : 
		Unchanged: 
 Data sizes:     COMMON   BANK0   BANK1   BANK3   BANK2
      Params:         0       0       0       0       0
      Locals:         1       0       0       0       0
      Temps:          2       0       0       0       0
      Totals:         3       0       0       0       0
Total ram usage:        3 bytes
 Hardware stack levels used:    1
 This function calls:
		Nothing
 This function is called by:
		_ISR
 This function uses a non-reentrant model


 *************** function _ADC_ReadChannel *****************
 Defined at:
		line 69 in file "adc.c"
 Parameters:    Size  Location     Type
  channel         1    wreg     enum E869
 Auto vars:     Size  Location     Type
  channel         1    5[COMMON] enum E869
  result          2    3[COMMON] unsigned short 
 Return value:  Size  Location     Type
                  2    0[COMMON] unsigned short 
 Registers used:
		wreg, status,2, status,0, btemp+1
 Tracked objects:
		On entry : 
		On exit  : 
		Unchanged: 
 Data sizes:     COMMON   BANK0   BANK1   BANK3   BANK2
      Params:         2       0       0       0       0
      Locals:         3       0       0       0       0
      Temps:          1       0       0       0       0
      Totals:         6       0       0       0       0
Total ram usage:        6 bytes
 Hardware stack levels used:    1
 This function calls:
		Nothing
 This function is called by:
		_ISR
 This function uses a non-reentrant model



MODULE INFORMATION

Module		Function		Class		Link	Load	Size
SW.c
		_SW_Init       		CODE           	08A2	0000	10

SW.c estimated size: 10

TMR1.c
		_TMR1_Stop     		CODE           	087B	0000	5
		_TMR1_Start    		CODE           	08FF	0000	17
		_TMR1_Init     		CODE           	0B91	0000	75

TMR1.c estimated size: 97

C:\Program Files\Microchip\xc8\v2.20\pic\sources\c90\common\__lldiv.c
		___lldiv       		CODE           	0D47	0000	105

C:\Program Files\Microchip\xc8\v2.20\pic\sources\c90\common\__lldiv.c estimated size: 105

DD.c
		_DD_Init       		CODE           	0933	0000	30
		_EWH_SSD_OFF   		CODE           	08E2	0000	14
		_EWH_SSD_Update		CODE           	0CEB	0000	93
		_DD_GetState   		CODE           	0AC4	0000	62
		_DD_SetState   		CODE           	0BDB	0000	91

DD.c estimated size: 290

SSD.c
		_SSD_Write     		CODE           	0950	0000	30
		_SSD_OFF       		CODE           	07F5	0000	12
		_SSD_config    		CODE           	0E18	0000	108

SSD.c estimated size: 150

C:\Program Files\Microchip\xc8\v2.20\pic\sources\c90\common\Umul8_16.c
		__Umul8_16     		CODE           	098B	0000	40

C:\Program Files\Microchip\xc8\v2.20\pic\sources\c90\common\Umul8_16.c estimated size: 40

i2c.c
		_I2C_Master_Send_Start		CODE           	0890	0000	10
		_I2C_Master_Send_ACK		CODE           	08AB	0000	11
		_I2C_Master_Send_NACK		CODE           	08B5	0000	11
		_I2C_Master_Send_RepeatedStart		CODE           	0887	0000	10
		_I2C_Master_Send_Stop		CODE           	0899	0000	10
		_I2C_Init      		CODE           	0B47	0000	75
		_I2C_Wait_IDLE 		CODE           	08D5	0000	14
		_I2C_Master_ReadByte		CODE           	09B2	0000	42
		_I2C_Master_WriteByte		CODE           	096D	0000	31

i2c.c estimated size: 214

C:\Program Files\Microchip\xc8\v2.20\pic\sources\c90\common\xxtofl.c
		___xxtofl      		CODE           	0680	0000	187

C:\Program Files\Microchip\xc8\v2.20\pic\sources\c90\common\xxtofl.c estimated size: 187

C:\Program Files\Microchip\xc8\v2.20\pic\sources\c90\common\lwmod.c
		___lwmod       		CODE           	0A88	0000	61

C:\Program Files\Microchip\xc8\v2.20\pic\sources\c90\common\lwmod.c estimated size: 61

adc.c
		_ADC_ReadChannel		CODE           	07CA	0000	44
		_ADC_Init      		CODE           	0EFF	0000	127

adc.c estimated size: 171

EEPROM.c
		_EEPROM_WriteByte		CODE           	0A4D	0000	60
		_EEPROM_ReadByte		CODE           	0C90	0000	92

EEPROM.c estimated size: 152

C:\Program Files\Microchip\xc8\v2.20\pic\sources\c90\common\awmod.c
		___awmod       		CODE           	0C35	0000	92

C:\Program Files\Microchip\xc8\v2.20\pic\sources\c90\common\awmod.c estimated size: 92

shared
		__initialization		CODE           	0015	0000	31

shared estimated size: 31

C:\Program Files\Microchip\xc8\v2.20\pic\sources\c90\common\lwdiv.c
		___lwdiv       		CODE           	0B01	0000	71

C:\Program Files\Microchip\xc8\v2.20\pic\sources\c90\common\lwdiv.c estimated size: 71

C:\Program Files\Microchip\xc8\v2.20\pic\sources\c90\common\fltol.c
		___fltol       		CODE           	0E83	0000	125

C:\Program Files\Microchip\xc8\v2.20\pic\sources\c90\common\fltol.c estimated size: 125

EWH.c
		_EWH_getAvrgTempReading		CODE           	09DB	0000	57
		_EWH_EEPROM_Read		CODE           	08C9	0000	13
		_EWH_Sleep_Mode		CODE           	0A13	0000	59
		_ISR           		CODE           	05A5	0000	220
		_EWH_EEPROM_Init		CODE           	08EF	0000	17
		_EWH_WakeUP_Mode		CODE           	0F7D	0000	132
		_EWH_EEPROM_Update		CODE           	090F	0000	18
		_EWH_SetTemp_Mode		CODE           	04CA	0000	220
		_EWH_Operating_Mode		CODE           	0398	0000	307

EWH.c estimated size: 1043

C:\Program Files\Microchip\xc8\v2.20\pic\sources\c90\common\sprcmul.c
		___flmul       		CODE           	0037	0000	866

C:\Program Files\Microchip\xc8\v2.20\pic\sources\c90\common\sprcmul.c estimated size: 866

main.c
		_main          		CODE           	073A	0000	145

main.c estimated size: 145

C:\Program Files\Microchip\xc8\v2.20\pic\sources\c90\common\awdiv.c
		___awdiv       		CODE           	0DAF	0000	106

C:\Program Files\Microchip\xc8\v2.20\pic\sources\c90\common\awdiv.c estimated size: 106

