Microchip MPLAB XC8 Compiler V2.20

Linker command line:

-W-3 --edf=C:\Program Files\Microchip\xc8\v2.20\pic\dat\en_msgs.txt -cn \
  -h+dist/default/production\Electric_Heater.X.production.sym \
  --cmf=dist/default/production\Electric_Heater.X.production.cmf -z \
  -Q16F877A -oC:\Users\LENOVO\AppData\Local\Temp\shs4.2 \
  --defsym=__MPLAB_BUILD=1 \
  -Mdist/default/production/Electric_Heater.X.production.map -E1 \
  -ver=XC8 Compiler --acfsm=1493 -ASTACK=0110h-016Fh -pstack=STACK \
  -ACODE=00h-07FFhx4 -ASTRCODE=00h-01FFFh -ASTRING=00h-0FFhx32 \
  -ACONST=00h-0FFhx32 -AENTRY=00h-0FFhx32 -ACOMMON=070h-07Fh \
  -ABANK0=020h-06Fh -ABANK1=0A0h-0EFh -ABANK2=0110h-016Fh \
  -ABANK3=0190h-01EFh -ARAM=020h-06Fh,0A0h-0EFh,0110h-016Fh,0190h-01EFh \
  -AABS1=020h-07Fh,0A0h-0EFh,0110h-016Fh,0190h-01EFh -ASFR0=00h-01Fh \
  -ASFR1=080h-09Fh -ASFR2=0100h-010Fh -ASFR3=0180h-018Fh \
  -ACONFIG=02007h-02007h -DCONFIG=2 -AIDLOC=02000h-02003h -DIDLOC=2 \
  -preset_vec=00h,intentry=04h,init,end_init -ppowerup=CODE -pcinit=CODE \
  -pfunctab=ENTRY -AEEDATA=00h-0FFh/02100h -peeprom_data=EEDATA -DEEDATA=2 \
  -DCODE=2 -DSTRCODE=2 -DSTRING=2 -DCONST=2 -DENTRY=2 -k \
  C:\Users\LENOVO\AppData\Local\Temp\shs4.o \
  dist/default/production\Electric_Heater.X.production.o 

Object code version is 3.11

Machine type is 16F877A



                Name                               Link     Load   Length Selector   Space Scale
C:\Users\LENOVO\AppData\Local\Temp\shs4.o
                end_init                             12       12        3        8       0
                reset_vec                             0        0        3        0       0
                config                             2007     2007        1        0       4
dist/default/production\Electric_Heater.X.production.o
                cinit                                15       15       22        8       0
                intentry                              4        4        E        8       0
                config                             2007     2007        1        0       4
                text44                              9D7      9D7       2B     13AE       0
                text43                              7BD      7BD       3D        8       0
                text42                              987      987       27     130E       0
                text41                               37       37      361        8       0
                text40                              F06      F06       7C     1E0C       0
                text39                              680      680       BA        8       0
                text38                              5A5      5A5       DB        8       0
                text37                              F82      F82       7E     1F04       0
                text36                              92F      92F       1D     125E       0
                text35                              8D1      8D1        D     11A2       0
                text34                              878      878        9     10F0       0
                text33                              881      881        9     1102       0
                text32                              88A      88A        9     1114       0
                text31                              969      969       1E     12D2       0
                text30                              A3A      A3A       3B     1474       0
                text29                              8EB      8EB       10     11D6       0
                text28                              DCA      DCA       68     1B94       0
                text27                              B76      B76       4A     16EC       0
                text26                              893      893        9     1126       0
                text25                              BC0      BC0       4A     1780       0
                text24                              AEC      AEC       44     15D8       0
                text23                              C5E      C5E       5A     18BC       0
                text22                              E9B      E9B       6B     1D36       0
                text21                              8BA      8BA        B     1174       0
                text20                              94C      94C       1D     1298       0
                text19                              E32      E32       69     1C64       0
                text18                              AB0      AB0       3C     1560       0
                text17                              D6E      D6E       5C     1ADC       0
                text16                              B30      B30       46     1660       0
                text15                              A02      A02       38     1404       0
                text14                              8FB      8FB       10     11F6       0
                text13                              7FA      7FA        4        8       0
                text12                              CB8      CB8       5B     1970       0
                text11                              398      398      132        8       0
                text10                              89C      89C        A     1138       0
                text9                               8A6      8A6        A     114C       0
                text8                               9AE      9AE       29     135C       0
                text7                               D13      D13       5B     1A26       0
                text6                               8C5      8C5        C     118A       0
                text5                               90B      90B       11     1216       0
                text4                               8DE      8DE        D     11BC       0
                text3                               4CA      4CA       DB        8       0
                text2                               A75      A75       3B     14EA       0
                text1                               73A      73A       83        8       0
                maintext                            C0A      C0A       54     1814       0
                cstackBANK0                          20       20       2A       20       1
                cstackCOMMON                         70       70        E       70       1
                cstackBANK1                          A0       A0       1D       A0       1
                clrtext                             870      870        8     10E0       0
                inittext                            91C      91C       13     1238       0
                dataBANK1                            D5       D5        A       A0       1
                bssBANK1                             BD       BD       18       A0       1
                bssBANK0                             4A       4A        9       20       1
                idataBANK1                          8B0      8B0        A     1160       0

TOTAL           Name                               Link     Load   Length     Space
        CLASS   STACK          

        CLASS   CODE           
                end_init                             12       12        3         0
                cinit                                15       15       22         0
                intentry                              4        4        E         0
                reset_vec                             0        0        3         0
                text44                              9D7      9D7       2B         0
                text43                              7BD      7BD       3D         0
                text42                              987      987       27         0
                text41                               37       37      361         0
                text40                              F06      F06       7C         0
                text39                              680      680       BA         0
                text38                              5A5      5A5       DB         0
                text37                              F82      F82       7E         0
                text36                              92F      92F       1D         0
                text35                              8D1      8D1        D         0
                text34                              878      878        9         0
                text33                              881      881        9         0
                text32                              88A      88A        9         0
                text31                              969      969       1E         0
                text30                              A3A      A3A       3B         0
                text29                              8EB      8EB       10         0
                text28                              DCA      DCA       68         0
                text27                              B76      B76       4A         0
                text26                              893      893        9         0
                text25                              BC0      BC0       4A         0
                text24                              AEC      AEC       44         0
                text23                              C5E      C5E       5A         0
                text22                              E9B      E9B       6B         0
                text21                              8BA      8BA        B         0
                text20                              94C      94C       1D         0
                text19                              E32      E32       69         0
                text18                              AB0      AB0       3C         0
                text17                              D6E      D6E       5C         0
                text16                              B30      B30       46         0
                text15                              A02      A02       38         0
                text14                              8FB      8FB       10         0
                text13                              7FA      7FA        4         0
                text12                              CB8      CB8       5B         0
                text11                              398      398      132         0
                text10                              89C      89C        A         0
                text9                               8A6      8A6        A         0
                text8                               9AE      9AE       29         0
                text7                               D13      D13       5B         0
                text6                               8C5      8C5        C         0
                text5                               90B      90B       11         0
                text4                               8DE      8DE        D         0
                text3                               4CA      4CA       DB         0
                text2                               A75      A75       3B         0
                text1                               73A      73A       83         0
                maintext                            C0A      C0A       54         0
                clrtext                             870      870        8         0
                inittext                            91C      91C       13         0
                idataBANK1                          8B0      8B0        A         0

        CLASS   STRCODE        

        CLASS   STRING         

        CLASS   CONST          

        CLASS   ENTRY          

        CLASS   COMMON         
                cstackCOMMON                         70       70        E         1

        CLASS   BANK0          
                cstackBANK0                          20       20       2A         1
                bssBANK0                             4A       4A        9         1

        CLASS   BANK1          
                cstackBANK1                          A0       A0       1D         1
                dataBANK1                            D5       D5        A         1
                bssBANK1                             BD       BD       18         1

        CLASS   BANK2          

        CLASS   BANK3          

        CLASS   RAM            

        CLASS   ABS1           
                abs_s1                               7E       7E        2         1

        CLASS   SFR0           

        CLASS   SFR1           

        CLASS   SFR2           

        CLASS   SFR3           

        CLASS   CONFIG         
                config                             2007     2007        1         4

        CLASS   IDLOC          

        CLASS   EEDATA         



SEGMENTS        Name                           Load    Length   Top    Selector   Space  Class     Delta

                reset_vec                      000000  000003  000003         0       0  CODE        2
                intentry                       000004  0007FA  0007FE         8       0  CODE        2
                cstackBANK0                    000020  000033  000053        20       1  BANK0       1
                cstackCOMMON                   000070  00000E  00007E        70       1  COMMON      1
                cstackBANK1                    0000A0  00003F  0000DF        A0       1  BANK1       1
                clrtext                        000870  000008  000878      10E0       0  CODE        2
                text34                         000878  000009  000881      10F0       0  CODE        2
                text33                         000881  000009  00088A      1102       0  CODE        2
                text32                         00088A  000009  000893      1114       0  CODE        2
                text26                         000893  000009  00089C      1126       0  CODE        2
                text10                         00089C  00000A  0008A6      1138       0  CODE        2
                text9                          0008A6  00000A  0008B0      114C       0  CODE        2
                idataBANK1                     0008B0  00000A  0008BA      1160       0  CODE        2
                text21                         0008BA  00000B  0008C5      1174       0  CODE        2
                text6                          0008C5  00000C  0008D1      118A       0  CODE        2
                text35                         0008D1  00000D  0008DE      11A2       0  CODE        2
                text4                          0008DE  00000D  0008EB      11BC       0  CODE        2
                text29                         0008EB  000010  0008FB      11D6       0  CODE        2
                text14                         0008FB  000010  00090B      11F6       0  CODE        2
                text5                          00090B  000011  00091C      1216       0  CODE        2
                inittext                       00091C  000013  00092F      1238       0  CODE        2
                text36                         00092F  00001D  00094C      125E       0  CODE        2
                text20                         00094C  00001D  000969      1298       0  CODE        2
                text31                         000969  00001E  000987      12D2       0  CODE        2
                text42                         000987  000027  0009AE      130E       0  CODE        2
                text8                          0009AE  000029  0009D7      135C       0  CODE        2
                text44                         0009D7  00002B  000A02      13AE       0  CODE        2
                text15                         000A02  000038  000A3A      1404       0  CODE        2
                text30                         000A3A  00003B  000A75      1474       0  CODE        2
                text2                          000A75  00003B  000AB0      14EA       0  CODE        2
                text18                         000AB0  00003C  000AEC      1560       0  CODE        2
                text24                         000AEC  000044  000B30      15D8       0  CODE        2
                text16                         000B30  000046  000B76      1660       0  CODE        2
                text27                         000B76  00004A  000BC0      16EC       0  CODE        2
                text25                         000BC0  00004A  000C0A      1780       0  CODE        2
                maintext                       000C0A  000054  000C5E      1814       0  CODE        2
                text23                         000C5E  00005A  000CB8      18BC       0  CODE        2
                text12                         000CB8  00005B  000D13      1970       0  CODE        2
                text7                          000D13  00005B  000D6E      1A26       0  CODE        2
                text17                         000D6E  00005C  000DCA      1ADC       0  CODE        2
                text28                         000DCA  000068  000E32      1B94       0  CODE        2
                text19                         000E32  000069  000E9B      1C64       0  CODE        2
                text22                         000E9B  00006B  000F06      1D36       0  CODE        2
                text40                         000F06  00007C  000F82      1E0C       0  CODE        2
                text37                         000F82  00007E  001000      1F04       0  CODE        2


UNUSED ADDRESS RANGES

        Name                Unused          Largest block    Delta
        BANK0            0053-006F             1D           1
        BANK1            00DF-00EF             11           1
        BANK2            0110-016F             60           1
        BANK3            0190-01EF             60           1
        CODE             0003-0003              1           2
                         07FE-086F              2
                         1000-1FFF            800
        CONST            0003-0003              1           2
                         07FE-086F              2
                         1000-1FFF            100
        EEDATA           2100-21FF            100           2
        ENTRY            0003-0003              1           2
                         07FE-086F              2
                         1000-1FFF            100
        IDLOC            2000-2003              4           2
        RAM              0053-006F             1D           1
                         00DF-00EF             11
                         0110-016F             60
                         0190-01EF             60
        SFR0             0000-001F             20           1
        SFR1             0080-009F             20           1
        SFR2             0100-010F             10           1
        SFR3             0180-018F             10           1
        STACK            0110-016F             60           1
        STRCODE          0003-0003              1           2
                         07FE-086F             72
                         1000-1FFF           1000
        STRING           0003-0003              1           2
                         07FE-086F              2
                         1000-1FFF            100

                                  Symbol Table

?_ADC_ReadChannel                       cstackCOMMON 0070
?__Umul8_16                             cstackCOMMON 0070
?___awdiv                               cstackBANK1  00A0
?___awmod                               cstackBANK1  00A0
?___flmul                               cstackBANK0  0020
?___fltol                               cstackBANK0  003A
?___lldiv                               cstackBANK1  00A0
?___lwdiv                               cstackBANK1  00A0
?___lwmod                               cstackBANK1  00A0
?___xxtofl                              cstackCOMMON 0070
ADC_Init@config                         cstackBANK1  00A2
ADC_ReadChannel@channel                 cstackCOMMON 0075
ADC_ReadChannel@result                  cstackCOMMON 0073
DD_GetState@device                      cstackCOMMON 0072
DD_SetState@device                      cstackBANK1  00A3
DD_SetState@state                       cstackBANK1  00A0
EEPROM_ReadByte@address                 cstackBANK1  00A2
EEPROM_ReadByte@data                    cstackBANK1  00A6
EEPROM_WriteByte@address                cstackBANK1  00A1
EEPROM_WriteByte@data                   cstackBANK1  00A3
EWH_EEPROM_Update@newSetTemp            cstackBANK1  00A6
EWH_Init@TMR1_cfg                       cstackBANK1  00AF
EWH_Init@adc_config                     cstackBANK1  00B7
EWH_Init@i2c_config                     cstackBANK1  00B1
EWH_SSD_Update@temp                     cstackBANK1  00AA
EWH_getAvrgTempReading@averageReading   cstackBANK1  00AD
EWH_getAvrgTempReading@buffer           cstackBANK1  00AE
EWH_getAvrgTempReading@i                cstackBANK1  00AF
EWH_getAvrgTempReading@length           cstackBANK1  00A7
EWH_getAvrgTempReading@sumOfReadings    cstackBANK1  00AB
I2C_Init@i2c_config                     cstackBANK1  00AE
I2C_Master_ReadByte@Read_State          cstackBANK1  00A1
I2C_Master_WriteByte@Data               cstackBANK1  00A0
ISR@Reading                             cstackBANK0  0048
ISR@count                               bssBANK0     0050
SSD_OFF@ID                              cstackBANK1  00A4
SSD_Write@ID                            cstackBANK1  00A9
SSD_Write@Number                        cstackBANK1  00A8
SSD_config@ID                           cstackBANK1  00A3
SSD_config@SSD_state                    cstackBANK1  00A0
TMR1_Init@config                        cstackBANK1  00A2
_ACKDT                                  (abs)        048D
_ACKEN                                  (abs)        048C
_ACKSTAT                                (abs)        048E
_ADCON0                                 (abs)        001F
_ADCON1                                 (abs)        009F
_ADC_Init                               text37       0F82
_ADC_ReadChannel                        text44       09D7
_ADIE                                   (abs)        0466
_ADIF                                   (abs)        0066
_ADON                                   (abs)        00F8
_ADRESH                                 (abs)        001E
_ADRESL                                 (abs)        009E
_DD_GetState                            text43       07BD
_DD_Init                                text36       092F
_DD_SetState                            text23       0C5E
_Devices_State                          bssBANK1     00C1
_EEPROM_ReadByte                        text7        0D13
_EEPROM_WriteByte                       text30       0A3A
_EWH_EEPROM_Init                        text29       08EB
_EWH_EEPROM_Read                        text6        08C5
_EWH_EEPROM_Update                      text5        090B
_EWH_Events                             bssBANK1     00BD
_EWH_Init                               text24       0AEC
_EWH_Mode                               bssBANK1     00CA
_EWH_Operating_Mode                     text11       0398
_EWH_SSD_OFF                            text4        08DE
_EWH_SSD_Update                         text17       0D6E
_EWH_SetTemp_Mode                       text3        04CA
_EWH_Sleep_Mode                         text2        0A75
_EWH_State                              bssBANK0     0052
_EWH_WakeUP_Mode                        text1        073A
_EWH_getAvrgTempReading                 text15       0A02
_GIE                                    (abs)        005F
_I2C_Init                               text27       0B76
_I2C_Master_ReadByte                    text8        09AE
_I2C_Master_Send_ACK                    text10       089C
_I2C_Master_Send_NACK                   text9        08A6
_I2C_Master_Send_RepeatedStart          text34       0878
_I2C_Master_Send_Start                  text33       0881
_I2C_Master_Send_Stop                   text32       088A
_I2C_Master_WriteByte                   text31       0969
_I2C_Wait_IDLE                          text35       08D1
_INTE                                   (abs)        005C
_INTEDG                                 (abs)        040E
_INTF                                   (abs)        0059
_ISR                                    text38       05A5
_NoPress_Sec_count                      bssBANK0     0051
_PEIE                                   (abs)        005E
_PEN                                    (abs)        048A
_PORTA                                  (abs)        0005
_PORTB                                  (abs)        0006
_PORTC                                  (abs)        0007
_PORTD                                  (abs)        0008
_RCEN                                   (abs)        048B
_RSEN                                   (abs)        0489
_ReadingBuffer                          bssBANK1     00CB
_ReadingBufferFull                      bssBANK1     00C5
_SEN                                    (abs)        0488
_SSD_Blink_flag                         bssBANK1     00C6
_SSD_OFF                                text21       08BA
_SSD_Write                              text20       094C
_SSD_code                               dataBANK1    00D5
_SSD_config                             text22       0E9B
_SSPADD                                 (abs)        0093
_SSPBUF                                 (abs)        0013
_SSPCON                                 (abs)        0014
_SSPCON2                                (abs)        0091
_SSPEN                                  (abs)        00A5
_SSPIE                                  (abs)        0463
_SSPIF                                  (abs)        0063
_SSPSTAT                                (abs)        0094
_SW_Init                                text26       0893
_SW_State                               bssBANK0     004A
_SW_StateControl                        bssBANK0     004D
_T0CS                                   (abs)        040D
_T1CKPS0                                (abs)        0084
_T1CKPS1                                (abs)        0085
_TMR1                                   (abs)        000E
_TMR1IE                                 (abs)        0460
_TMR1IF                                 (abs)        0060
_TMR1ON                                 (abs)        0080
_TMR1_Init                              text25       0BC0
_TMR1_Start                             text14       08FB
_TMR1_Stop                              text13       07FA
_TRISA                                  (abs)        0085
_TRISB                                  (abs)        0086
_TRISC                                  (abs)        0087
_TRISD                                  (abs)        0088
_TempReading_count                      bssBANK1     00C7
_TempavgReading                         bssBANK1     00C4
__Habs1                                 abs1         0000
__Hbank0                                bank0        0000
__Hbank1                                bank1        0000
__Hbank2                                bank2        0000
__Hbank3                                bank3        0000
__HbssBANK0                             bssBANK0     0000
__HbssBANK1                             bssBANK1     0000
__Hcinit                                cinit        0037
__Hclrtext                              clrtext      0000
__Hcode                                 code         0000
__Hcommon                               common       0000
__Hconfig                               config       2008
__HcstackBANK0                          cstackBANK0  0000
__HcstackBANK1                          cstackBANK1  0000
__HcstackCOMMON                         cstackCOMMON 0000
__HdataBANK1                            dataBANK1    0000
__Heeprom_data                          eeprom_data  0000
__Hend_init                             end_init     0015
__Hfunctab                              functab      0000
__HidataBANK1                           idataBANK1   0000
__Hinit                                 init         0012
__Hinittext                             inittext     0000
__Hintentry                             intentry     0012
__Hmaintext                             maintext     0000
__Hpowerup                              powerup      0000
__Hram                                  ram          0000
__Hreset_vec                            reset_vec    0003
__Hsfr0                                 sfr0         0000
__Hsfr1                                 sfr1         0000
__Hsfr2                                 sfr2         0000
__Hsfr3                                 sfr3         0000
__Hspace_0                              (abs)        1000
__Hspace_1                              (abs)        00DF
__Hspace_2                              (abs)        0000
__Hspace_3                              (abs)        0000
__Hspace_4                              (abs)        400F
__Hstack                                stack        0000
__Hstrings                              strings      0000
__Htext                                 text         0000
__Labs1                                 abs1         0000
__Lbank0                                bank0        0000
__Lbank1                                bank1        0000
__Lbank2                                bank2        0000
__Lbank3                                bank3        0000
__LbssBANK0                             bssBANK0     0000
__LbssBANK1                             bssBANK1     0000
__Lcinit                                cinit        0015
__Lclrtext                              clrtext      0000
__Lcode                                 code         0000
__Lcommon                               common       0000
__Lconfig                               config       0000
__LcstackBANK0                          cstackBANK0  0000
__LcstackBANK1                          cstackBANK1  0000
__LcstackCOMMON                         cstackCOMMON 0000
__LdataBANK1                            dataBANK1    0000
__Leeprom_data                          eeprom_data  0000
__Lend_init                             end_init     0012
__Lfunctab                              functab      0000
__LidataBANK1                           idataBANK1   0000
__Linit                                 init         0012
__Linittext                             inittext     0000
__Lintentry                             intentry     0004
__Lmaintext                             maintext     0000
__Lpowerup                              powerup      0000
__Lram                                  ram          0000
__Lreset_vec                            reset_vec    0000
__Lsfr0                                 sfr0         0000
__Lsfr1                                 sfr1         0000
__Lsfr2                                 sfr2         0000
__Lsfr3                                 sfr3         0000
__Lspace_0                              (abs)        0000
__Lspace_1                              (abs)        0000
__Lspace_2                              (abs)        0000
__Lspace_3                              (abs)        0000
__Lspace_4                              (abs)        0000
__Lstack                                stack        0000
__Lstrings                              strings      0000
__Ltext                                 text         0000
__S0                                    (abs)        1000
__S1                                    (abs)        00DF
__S2                                    (abs)        0000
__S3                                    (abs)        0000
__Umul8_16                              text42       0987
__Umul8_16@multiplicand                 cstackCOMMON 0070
__Umul8_16@multiplier                   cstackCOMMON 0078
__Umul8_16@product                      cstackCOMMON 0074
__Umul8_16@word_mpld                    cstackCOMMON 0076
___awdiv                                text19       0E32
___awdiv@counter                        cstackBANK1  00A4
___awdiv@dividend                       cstackBANK1  00A2
___awdiv@divisor                        cstackBANK1  00A0
___awdiv@quotient                       cstackBANK1  00A6
___awdiv@sign                           cstackBANK1  00A5
___awmod                                text12       0CB8
___awmod@counter                        cstackBANK1  00A4
___awmod@dividend                       cstackBANK1  00A2
___awmod@divisor                        cstackBANK1  00A0
___awmod@sign                           cstackBANK1  00A5
___flmul                                text41       0037
___flmul@a                              cstackBANK0  0024
___flmul@aexp                           cstackBANK0  0032
___flmul@b                              cstackBANK0  0020
___flmul@bexp                           cstackBANK0  0033
___flmul@grs                            cstackBANK0  002E
___flmul@prod                           cstackBANK0  0034
___flmul@sign                           cstackBANK0  002D
___flmul@temp                           cstackBANK0  0038
___fltol                                text40       0F06
___fltol@exp1                           cstackBANK0  0043
___fltol@f1                             cstackBANK0  003A
___fltol@sign1                          cstackBANK0  0042
___int_sp                               stack        0000
___latbits                              (abs)        0002
___lldiv                                text28       0DCA
___lldiv@counter                        cstackBANK1  00AD
___lldiv@dividend                       cstackBANK1  00A4
___lldiv@divisor                        cstackBANK1  00A0
___lldiv@quotient                       cstackBANK1  00A9
___lwdiv                                text16       0B30
___lwdiv@counter                        cstackBANK1  00A6
___lwdiv@dividend                       cstackBANK1  00A2
___lwdiv@divisor                        cstackBANK1  00A0
___lwdiv@quotient                       cstackBANK1  00A4
___lwmod                                text18       0AB0
___lwmod@counter                        cstackBANK1  00A4
___lwmod@dividend                       cstackBANK1  00A2
___lwmod@divisor                        cstackBANK1  00A0
___sp                                   stack        0000
___stackhi                              (abs)        0000
___stacklo                              (abs)        0000
___xxtofl                               text39       0680
___xxtofl@arg                           cstackCOMMON 007A
___xxtofl@exp                           cstackCOMMON 0079
___xxtofl@sign                          cstackCOMMON 0078
___xxtofl@val                           cstackCOMMON 0070
__end_of_ADC_Init                       text37       1000
__end_of_ADC_ReadChannel                text44       0A02
__end_of_DD_GetState                    text43       07FA
__end_of_DD_Init                        text36       094C
__end_of_DD_SetState                    text23       0CB8
__end_of_EEPROM_ReadByte                text7        0D6E
__end_of_EEPROM_WriteByte               text30       0A75
__end_of_EWH_EEPROM_Init                text29       08FB
__end_of_EWH_EEPROM_Read                text6        08D1
__end_of_EWH_EEPROM_Update              text5        091C
__end_of_EWH_Init                       text24       0B30
__end_of_EWH_Operating_Mode             text11       04CA
__end_of_EWH_SSD_OFF                    text4        08EB
__end_of_EWH_SSD_Update                 text17       0DCA
__end_of_EWH_SetTemp_Mode               text3        05A5
__end_of_EWH_Sleep_Mode                 text2        0AB0
__end_of_EWH_WakeUP_Mode                text1        07BD
__end_of_EWH_getAvrgTempReading         text15       0A3A
__end_of_I2C_Init                       text27       0BC0
__end_of_I2C_Master_ReadByte            text8        09D7
__end_of_I2C_Master_Send_ACK            text10       08A6
__end_of_I2C_Master_Send_NACK           text9        08B0
__end_of_I2C_Master_Send_RepeatedStart  text34       0881
__end_of_I2C_Master_Send_Start          text33       088A
__end_of_I2C_Master_Send_Stop           text32       0893
__end_of_I2C_Master_WriteByte           text31       0987
__end_of_I2C_Wait_IDLE                  text35       08DE
__end_of_ISR                            text38       0680
__end_of_SSD_OFF                        text21       08C5
__end_of_SSD_Write                      text20       0969
__end_of_SSD_config                     text22       0F06
__end_of_SW_Init                        text26       089C
__end_of_TMR1_Init                      text25       0C0A
__end_of_TMR1_Start                     text14       090B
__end_of_TMR1_Stop                      text13       07FE
__end_of__Umul8_16                      text42       09AE
__end_of___awdiv                        text19       0E9B
__end_of___awmod                        text12       0D13
__end_of___flmul                        text41       0398
__end_of___fltol                        text40       0F82
__end_of___lldiv                        text28       0E32
__end_of___lwdiv                        text16       0B76
__end_of___lwmod                        text18       0AEC
__end_of___xxtofl                       text39       073A
__end_of__initialization                cinit        0033
__end_of_main                           maintext     0C5E
__initialization                        cinit        0015
__pbssBANK0                             bssBANK0     004A
__pbssBANK1                             bssBANK1     00BD
__pcstackBANK0                          cstackBANK0  0020
__pcstackBANK1                          cstackBANK1  00A0
__pcstackCOMMON                         cstackCOMMON 0070
__pdataBANK1                            dataBANK1    00D5
__pidataBANK1                           idataBANK1   08B0
__pintentry                             intentry     0004
__pmaintext                             maintext     0C0A
__ptext1                                text1        073A
__ptext10                               text10       089C
__ptext11                               text11       0398
__ptext12                               text12       0CB8
__ptext13                               text13       07FA
__ptext14                               text14       08FB
__ptext15                               text15       0A02
__ptext16                               text16       0B30
__ptext17                               text17       0D6E
__ptext18                               text18       0AB0
__ptext19                               text19       0E32
__ptext2                                text2        0A75
__ptext20                               text20       094C
__ptext21                               text21       08BA
__ptext22                               text22       0E9B
__ptext23                               text23       0C5E
__ptext24                               text24       0AEC
__ptext25                               text25       0BC0
__ptext26                               text26       0893
__ptext27                               text27       0B76
__ptext28                               text28       0DCA
__ptext29                               text29       08EB
__ptext3                                text3        04CA
__ptext30                               text30       0A3A
__ptext31                               text31       0969
__ptext32                               text32       088A
__ptext33                               text33       0881
__ptext34                               text34       0878
__ptext35                               text35       08D1
__ptext36                               text36       092F
__ptext37                               text37       0F82
__ptext38                               text38       05A5
__ptext39                               text39       0680
__ptext4                                text4        08DE
__ptext40                               text40       0F06
__ptext41                               text41       0037
__ptext42                               text42       0987
__ptext43                               text43       07BD
__ptext44                               text44       09D7
__ptext5                                text5        090B
__ptext6                                text6        08C5
__ptext7                                text7        0D13
__ptext8                                text8        09AE
__ptext9                                text9        08A6
__size_of_ADC_Init                      (abs)        0000
__size_of_ADC_ReadChannel               (abs)        0000
__size_of_DD_GetState                   (abs)        0000
__size_of_DD_Init                       (abs)        0000
__size_of_DD_SetState                   (abs)        0000
__size_of_EEPROM_ReadByte               (abs)        0000
__size_of_EEPROM_WriteByte              (abs)        0000
__size_of_EWH_EEPROM_Init               (abs)        0000
__size_of_EWH_EEPROM_Read               (abs)        0000
__size_of_EWH_EEPROM_Update             (abs)        0000
__size_of_EWH_Init                      (abs)        0000
__size_of_EWH_Operating_Mode            (abs)        0000
__size_of_EWH_SSD_OFF                   (abs)        0000
__size_of_EWH_SSD_Update                (abs)        0000
__size_of_EWH_SetTemp_Mode              (abs)        0000
__size_of_EWH_Sleep_Mode                (abs)        0000
__size_of_EWH_WakeUP_Mode               (abs)        0000
__size_of_EWH_getAvrgTempReading        (abs)        0000
__size_of_I2C_Init                      (abs)        0000
__size_of_I2C_Master_ReadByte           (abs)        0000
__size_of_I2C_Master_Send_ACK           (abs)        0000
__size_of_I2C_Master_Send_NACK          (abs)        0000
__size_of_I2C_Master_Send_RepeatedStart (abs)        0000
__size_of_I2C_Master_Send_Start         (abs)        0000
__size_of_I2C_Master_Send_Stop          (abs)        0000
__size_of_I2C_Master_WriteByte          (abs)        0000
__size_of_I2C_Wait_IDLE                 (abs)        0000
__size_of_ISR                           (abs)        0000
__size_of_SSD_OFF                       (abs)        0000
__size_of_SSD_Write                     (abs)        0000
__size_of_SSD_config                    (abs)        0000
__size_of_SW_Init                       (abs)        0000
__size_of_TMR1_Init                     (abs)        0000
__size_of_TMR1_Start                    (abs)        0000
__size_of_TMR1_Stop                     (abs)        0000
__size_of__Umul8_16                     (abs)        0000
__size_of___awdiv                       (abs)        0000
__size_of___awmod                       (abs)        0000
__size_of___flmul                       (abs)        0000
__size_of___fltol                       (abs)        0000
__size_of___lldiv                       (abs)        0000
__size_of___lwdiv                       (abs)        0000
__size_of___lwmod                       (abs)        0000
__size_of___xxtofl                      (abs)        0000
__size_of_main                          (abs)        0000
_current_Temp                           bssBANK1     00C8
_main                                   maintext     0C0A
_set_Temp                               bssBANK1     00C9
btemp                                   (abs)        007E
clear_ram0                              clrtext      0870
end_of_initialization                   cinit        0033
init_fetch0                             inittext     091C
init_ram0                               inittext     0920
interrupt_function                      intentry     0004
intlevel0                               functab      0000
intlevel1                               functab      0000
intlevel2                               functab      0000
intlevel3                               functab      0000
intlevel4                               functab      0000
intlevel5                               functab      0000
reset_vec                               reset_vec    0000
saved_w                                 (abs)        007E
start                                   init         0012
start_initialization                    cinit        0015
wtemp0                                  (abs)        007E


FUNCTION INFORMATION:

 *************** function _main *****************
 Defined at:
		line 5 in file "main.c"
 Parameters:    Size  Location     Type
		None
 Auto vars:     Size  Location     Type
		None
 Return value:  Size  Location     Type
                  1    wreg      void 
 Registers used:
		wreg, fsr0l, fsr0h, status,2, status,0, btemp+1, pclath, cstack
 Tracked objects:
		On entry : 
		On exit  : 
		Unchanged: 
 Data sizes:     COMMON   BANK0   BANK1   BANK3   BANK2
      Params:         0       0       0       0       0
      Locals:         0       0       0       0       0
      Temps:          0       0       2       0       0
      Totals:         0       0       2       0       0
Total ram usage:        2 bytes
 Hardware stack levels required when called:    9
 This function calls:
		_EWH_Init
		_EWH_Operating_Mode
		_EWH_SetTemp_Mode
		_EWH_Sleep_Mode
		_EWH_WakeUP_Mode
 This function is called by:
		Startup code after reset
 This function uses a non-reentrant model


 *************** function _EWH_WakeUP_Mode *****************
 Defined at:
		line 30 in file "EWH.c"
 Parameters:    Size  Location     Type
		None
 Auto vars:     Size  Location     Type
		None
 Return value:  Size  Location     Type
                  1    wreg      void 
 Registers used:
		wreg, fsr0l, fsr0h, status,2, status,0, btemp+1, pclath, cstack
 Tracked objects:
		On entry : 
		On exit  : 
		Unchanged: 
 Data sizes:     COMMON   BANK0   BANK1   BANK3   BANK2
      Params:         0       0       0       0       0
      Locals:         0       0       0       0       0
      Temps:          0       0       2       0       0
      Totals:         0       0       2       0       0
Total ram usage:        2 bytes
 Hardware stack levels used:    1
 Hardware stack levels required when called:    8
 This function calls:
		_EWH_EEPROM_Read
		_EWH_SSD_Update
 This function is called by:
		_main
 This function uses a non-reentrant model


 *************** function _EWH_Sleep_Mode *****************
 Defined at:
		line 5 in file "EWH.c"
 Parameters:    Size  Location     Type
		None
 Auto vars:     Size  Location     Type
		None
 Return value:  Size  Location     Type
                  1    wreg      void 
 Registers used:
		wreg, fsr0l, fsr0h, status,2, status,0, btemp+1, pclath, cstack
 Tracked objects:
		On entry : 
		On exit  : 
		Unchanged: 
 Data sizes:     COMMON   BANK0   BANK1   BANK3   BANK2
      Params:         0       0       0       0       0
      Locals:         0       0       0       0       0
      Temps:          0       0       0       0       0
      Totals:         0       0       0       0       0
Total ram usage:        0 bytes
 Hardware stack levels used:    1
 Hardware stack levels required when called:    6
 This function calls:
		_DD_SetState
		_EWH_SSD_OFF
		_TMR1_Stop
 This function is called by:
		_main
 This function uses a non-reentrant model


 *************** function _EWH_SetTemp_Mode *****************
 Defined at:
		line 73 in file "EWH.c"
 Parameters:    Size  Location     Type
		None
 Auto vars:     Size  Location     Type
		None
 Return value:  Size  Location     Type
                  1    wreg      void 
 Registers used:
		wreg, fsr0l, fsr0h, status,2, status,0, btemp+1, pclath, cstack
 Tracked objects:
		On entry : 
		On exit  : 
		Unchanged: 
 Data sizes:     COMMON   BANK0   BANK1   BANK3   BANK2
      Params:         0       0       0       0       0
      Locals:         0       0       0       0       0
      Temps:          0       0       2       0       0
      Totals:         0       0       2       0       0
Total ram usage:        2 bytes
 Hardware stack levels used:    1
 Hardware stack levels required when called:    8
 This function calls:
		_DD_SetState
		_EWH_EEPROM_Read
		_EWH_EEPROM_Update
		_EWH_SSD_OFF
		_EWH_SSD_Update
		_TMR1_Start
 This function is called by:
		_main
 This function uses a non-reentrant model


 *************** function _EWH_SSD_OFF *****************
 Defined at:
		line 75 in file "DD.c"
 Parameters:    Size  Location     Type
		None
 Auto vars:     Size  Location     Type
		None
 Return value:  Size  Location     Type
                  1    wreg      void 
 Registers used:
		wreg, fsr0l, fsr0h, status,2, status,0, btemp+1, pclath, cstack
 Tracked objects:
		On entry : 
		On exit  : 
		Unchanged: 
 Data sizes:     COMMON   BANK0   BANK1   BANK3   BANK2
      Params:         0       0       0       0       0
      Locals:         0       0       0       0       0
      Temps:          0       0       0       0       0
      Totals:         0       0       0       0       0
Total ram usage:        0 bytes
 Hardware stack levels used:    1
 Hardware stack levels required when called:    5
 This function calls:
		_SSD_OFF
 This function is called by:
		_EWH_Sleep_Mode
		_EWH_SetTemp_Mode
 This function uses a non-reentrant model


 *************** function _EWH_EEPROM_Update *****************
 Defined at:
		line 258 in file "EWH.c"
 Parameters:    Size  Location     Type
  newSetTemp      1    wreg     unsigned char 
 Auto vars:     Size  Location     Type
  newSetTemp      1    6[BANK1 ] unsigned char 
 Return value:  Size  Location     Type
                  1    wreg      void 
 Registers used:
		wreg, status,2, status,0, btemp+1, pclath, cstack
 Tracked objects:
		On entry : 
		On exit  : 
		Unchanged: 
 Data sizes:     COMMON   BANK0   BANK1   BANK3   BANK2
      Params:         0       0       0       0       0
      Locals:         0       0       1       0       0
      Temps:          0       0       0       0       0
      Totals:         0       0       1       0       0
Total ram usage:        1 bytes
 Hardware stack levels used:    1
 Hardware stack levels required when called:    6
 This function calls:
		_EEPROM_WriteByte
 This function is called by:
		_EWH_SetTemp_Mode
 This function uses a non-reentrant model


 *************** function _EWH_EEPROM_Read *****************
 Defined at:
		line 262 in file "EWH.c"
 Parameters:    Size  Location     Type
		None
 Auto vars:     Size  Location     Type
		None
 Return value:  Size  Location     Type
                  1    wreg      unsigned char 
 Registers used:
		wreg, status,2, status,0, btemp+1, pclath, cstack
 Tracked objects:
		On entry : 
		On exit  : 
		Unchanged: 
 Data sizes:     COMMON   BANK0   BANK1   BANK3   BANK2
      Params:         0       0       0       0       0
      Locals:         0       0       0       0       0
      Temps:          0       0       0       0       0
      Totals:         0       0       0       0       0
Total ram usage:        0 bytes
 Hardware stack levels used:    1
 Hardware stack levels required when called:    7
 This function calls:
		_EEPROM_ReadByte
 This function is called by:
		_EWH_WakeUP_Mode
		_EWH_SetTemp_Mode
 This function uses a non-reentrant model


 *************** function _EEPROM_ReadByte *****************
 Defined at:
		line 36 in file "EEPROM.c"
 Parameters:    Size  Location     Type
  address         2    2[BANK1 ] unsigned short 
 Auto vars:     Size  Location     Type
  data            1    6[BANK1 ] unsigned char 
 Return value:  Size  Location     Type
                  1    wreg      unsigned char 
 Registers used:
		wreg, status,2, status,0, btemp+1, pclath, cstack
 Tracked objects:
		On entry : 
		On exit  : 
		Unchanged: 
 Data sizes:     COMMON   BANK0   BANK1   BANK3   BANK2
      Params:         0       0       2       0       0
      Locals:         0       0       1       0       0
      Temps:          0       0       2       0       0
      Totals:         0       0       5       0       0
Total ram usage:        5 bytes
 Hardware stack levels used:    1
 Hardware stack levels required when called:    6
 This function calls:
		_I2C_Master_ReadByte
		_I2C_Master_Send_RepeatedStart
		_I2C_Master_Send_Start
		_I2C_Master_Send_Stop
		_I2C_Master_WriteByte
 This function is called by:
		_EWH_EEPROM_Read
 This function uses a non-reentrant model


 *************** function _I2C_Master_ReadByte *****************
 Defined at:
		line 105 in file "i2c.c"
 Parameters:    Size  Location     Type
  Read_State      1    wreg     enum E881
 Auto vars:     Size  Location     Type
  Read_State      1    1[BANK1 ] enum E881
  data            1    0        unsigned char 
 Return value:  Size  Location     Type
                  1    wreg      unsigned char 
 Registers used:
		wreg, status,2, status,0, pclath, cstack
 Tracked objects:
		On entry : 
		On exit  : 
		Unchanged: 
 Data sizes:     COMMON   BANK0   BANK1   BANK3   BANK2
      Params:         0       0       0       0       0
      Locals:         0       0       2       0       0
      Temps:          0       0       0       0       0
      Totals:         0       0       2       0       0
Total ram usage:        2 bytes
 Hardware stack levels used:    1
 Hardware stack levels required when called:    5
 This function calls:
		_I2C_Master_Send_ACK
		_I2C_Master_Send_NACK
		_I2C_Wait_IDLE
 This function is called by:
		_EEPROM_ReadByte
		_EEPROM_ReadPage
 This function uses a non-reentrant model


 *************** function _I2C_Master_Send_NACK *****************
 Defined at:
		line 87 in file "i2c.c"
 Parameters:    Size  Location     Type
		None
 Auto vars:     Size  Location     Type
		None
 Return value:  Size  Location     Type
                  1    wreg      void 
 Registers used:
		wreg, status,2, status,0, pclath, cstack
 Tracked objects:
		On entry : 
		On exit  : 
		Unchanged: 
 Data sizes:     COMMON   BANK0   BANK1   BANK3   BANK2
      Params:         0       0       0       0       0
      Locals:         0       0       0       0       0
      Temps:          0       0       0       0       0
      Totals:         0       0       0       0       0
Total ram usage:        0 bytes
 Hardware stack levels used:    1
 Hardware stack levels required when called:    4
 This function calls:
		_I2C_Wait_IDLE
 This function is called by:
		_I2C_Master_ReadByte
 This function uses a non-reentrant model


 *************** function _I2C_Master_Send_ACK *****************
 Defined at:
		line 79 in file "i2c.c"
 Parameters:    Size  Location     Type
		None
 Auto vars:     Size  Location     Type
		None
 Return value:  Size  Location     Type
                  1    wreg      void 
 Registers used:
		wreg, status,2, status,0, pclath, cstack
 Tracked objects:
		On entry : 
		On exit  : 
		Unchanged: 
 Data sizes:     COMMON   BANK0   BANK1   BANK3   BANK2
      Params:         0       0       0       0       0
      Locals:         0       0       0       0       0
      Temps:          0       0       0       0       0
      Totals:         0       0       0       0       0
Total ram usage:        0 bytes
 Hardware stack levels used:    1
 Hardware stack levels required when called:    4
 This function calls:
		_I2C_Wait_IDLE
 This function is called by:
		_I2C_Master_ReadByte
 This function uses a non-reentrant model


 *************** function _EWH_Operating_Mode *****************
 Defined at:
		line 143 in file "EWH.c"
 Parameters:    Size  Location     Type
		None
 Auto vars:     Size  Location     Type
		None
 Return value:  Size  Location     Type
                  1    wreg      void 
 Registers used:
		wreg, fsr0l, fsr0h, status,2, status,0, btemp+1, pclath, cstack
 Tracked objects:
		On entry : 
		On exit  : 
		Unchanged: 
 Data sizes:     COMMON   BANK0   BANK1   BANK3   BANK2
      Params:         0       0       0       0       0
      Locals:         0       0       0       0       0
      Temps:          0       0       3       0       0
      Totals:         0       0       3       0       0
Total ram usage:        3 bytes
 Hardware stack levels used:    1
 Hardware stack levels required when called:    6
 This function calls:
		_DD_SetState
		_EWH_SSD_Update
		_EWH_getAvrgTempReading
		_TMR1_Start
		_TMR1_Stop
		___awmod
 This function is called by:
		_main
 This function uses a non-reentrant model


 *************** function ___awmod *****************
 Defined at:
		line 5 in file "C:\Program Files\Microchip\xc8\v2.20\pic\sources\c90\common\awmod.c"
 Parameters:    Size  Location     Type
  divisor         2    0[BANK1 ] int 
  dividend        2    2[BANK1 ] int 
 Auto vars:     Size  Location     Type
  sign            1    5[BANK1 ] unsigned char 
  counter         1    4[BANK1 ] unsigned char 
 Return value:  Size  Location     Type
                  2    0[BANK1 ] int 
 Registers used:
		wreg, status,2, status,0, btemp+1
 Tracked objects:
		On entry : 
		On exit  : 
		Unchanged: 
 Data sizes:     COMMON   BANK0   BANK1   BANK3   BANK2
      Params:         0       0       4       0       0
      Locals:         0       0       2       0       0
      Temps:          0       0       0       0       0
      Totals:         0       0       6       0       0
Total ram usage:        6 bytes
 Hardware stack levels used:    1
 Hardware stack levels required when called:    3
 This function calls:
		Nothing
 This function is called by:
		_EWH_Operating_Mode
 This function uses a non-reentrant model


 *************** function _TMR1_Stop *****************
 Defined at:
		line 44 in file "TMR1.c"
 Parameters:    Size  Location     Type
		None
 Auto vars:     Size  Location     Type
		None
 Return value:  Size  Location     Type
                  1    wreg      void 
 Registers used:
		None
 Tracked objects:
		On entry : 
		On exit  : 
		Unchanged: 
 Data sizes:     COMMON   BANK0   BANK1   BANK3   BANK2
      Params:         0       0       0       0       0
      Locals:         0       0       0       0       0
      Temps:          0       0       0       0       0
      Totals:         0       0       0       0       0
Total ram usage:        0 bytes
 Hardware stack levels used:    1
 Hardware stack levels required when called:    3
 This function calls:
		Nothing
 This function is called by:
		_EWH_Sleep_Mode
		_EWH_Operating_Mode
 This function uses a non-reentrant model


 *************** function _TMR1_Start *****************
 Defined at:
		line 31 in file "TMR1.c"
 Parameters:    Size  Location     Type
		None
 Auto vars:     Size  Location     Type
		None
 Return value:  Size  Location     Type
                  1    wreg      void 
 Registers used:
		None
 Tracked objects:
		On entry : 
		On exit  : 
		Unchanged: 
 Data sizes:     COMMON   BANK0   BANK1   BANK3   BANK2
      Params:         0       0       0       0       0
      Locals:         0       0       0       0       0
      Temps:          0       0       0       0       0
      Totals:         0       0       0       0       0
Total ram usage:        0 bytes
 Hardware stack levels used:    1
 Hardware stack levels required when called:    3
 This function calls:
		Nothing
 This function is called by:
		_EWH_SetTemp_Mode
		_EWH_Operating_Mode
 This function uses a non-reentrant model


 *************** function _EWH_getAvrgTempReading *****************
 Defined at:
		line 267 in file "EWH.c"
 Parameters:    Size  Location     Type
  buffer          1    wreg     PTR unsigned char 
		 -> ReadingBuffer(10), 
  length          1    7[BANK1 ] unsigned char 
 Auto vars:     Size  Location     Type
  buffer          1   14[BANK1 ] PTR unsigned char 
		 -> ReadingBuffer(10), 
  i               1   15[BANK1 ] unsigned char 
  sumOfReading    2   11[BANK1 ] unsigned short 
  averageReadi    1   13[BANK1 ] unsigned char 
 Return value:  Size  Location     Type
                  1    wreg      unsigned char 
 Registers used:
		wreg, fsr0l, fsr0h, status,2, status,0, btemp+1, pclath, cstack
 Tracked objects:
		On entry : 
		On exit  : 
		Unchanged: 
 Data sizes:     COMMON   BANK0   BANK1   BANK3   BANK2
      Params:         0       0       1       0       0
      Locals:         0       0       5       0       0
      Temps:          0       0       3       0       0
      Totals:         0       0       9       0       0
Total ram usage:        9 bytes
 Hardware stack levels used:    1
 Hardware stack levels required when called:    4
 This function calls:
		___lwdiv
 This function is called by:
		_EWH_Operating_Mode
 This function uses a non-reentrant model


 *************** function ___lwdiv *****************
 Defined at:
		line 5 in file "C:\Program Files\Microchip\xc8\v2.20\pic\sources\c90\common\lwdiv.c"
 Parameters:    Size  Location     Type
  divisor         2    0[BANK1 ] unsigned int 
  dividend        2    2[BANK1 ] unsigned int 
 Auto vars:     Size  Location     Type
  quotient        2    4[BANK1 ] unsigned int 
  counter         1    6[BANK1 ] unsigned char 
 Return value:  Size  Location     Type
                  2    0[BANK1 ] unsigned int 
 Registers used:
		wreg, status,2, status,0, btemp+1
 Tracked objects:
		On entry : 
		On exit  : 
		Unchanged: 
 Data sizes:     COMMON   BANK0   BANK1   BANK3   BANK2
      Params:         0       0       4       0       0
      Locals:         0       0       3       0       0
      Temps:          0       0       0       0       0
      Totals:         0       0       7       0       0
Total ram usage:        7 bytes
 Hardware stack levels used:    1
 Hardware stack levels required when called:    3
 This function calls:
		Nothing
 This function is called by:
		_EWH_getAvrgTempReading
 This function uses a non-reentrant model


 *************** function _EWH_SSD_Update *****************
 Defined at:
		line 81 in file "DD.c"
 Parameters:    Size  Location     Type
  temp            2   10[BANK1 ] unsigned short 
 Auto vars:     Size  Location     Type
		None
 Return value:  Size  Location     Type
                  1    wreg      void 
 Registers used:
		wreg, fsr0l, fsr0h, status,2, status,0, btemp+1, pclath, cstack
 Tracked objects:
		On entry : 
		On exit  : 
		Unchanged: 
 Data sizes:     COMMON   BANK0   BANK1   BANK3   BANK2
      Params:         0       0       2       0       0
      Locals:         0       0       0       0       0
      Temps:          0       0       2       0       0
      Totals:         0       0       4       0       0
Total ram usage:        4 bytes
 Hardware stack levels used:    1
 Hardware stack levels required when called:    5
 This function calls:
		_SSD_OFF
		_SSD_Write
		___awdiv
		___lwmod
 This function is called by:
		_EWH_WakeUP_Mode
		_EWH_SetTemp_Mode
		_EWH_Operating_Mode
 This function uses a non-reentrant model


 *************** function ___lwmod *****************
 Defined at:
		line 5 in file "C:\Program Files\Microchip\xc8\v2.20\pic\sources\c90\common\lwmod.c"
 Parameters:    Size  Location     Type
  divisor         2    0[BANK1 ] unsigned int 
  dividend        2    2[BANK1 ] unsigned int 
 Auto vars:     Size  Location     Type
  counter         1    4[BANK1 ] unsigned char 
 Return value:  Size  Location     Type
                  2    0[BANK1 ] unsigned int 
 Registers used:
		wreg, status,2, status,0, btemp+1
 Tracked objects:
		On entry : 
		On exit  : 
		Unchanged: 
 Data sizes:     COMMON   BANK0   BANK1   BANK3   BANK2
      Params:         0       0       4       0       0
      Locals:         0       0       1       0       0
      Temps:          0       0       0       0       0
      Totals:         0       0       5       0       0
Total ram usage:        5 bytes
 Hardware stack levels used:    1
 Hardware stack levels required when called:    3
 This function calls:
		Nothing
 This function is called by:
		_EWH_SSD_Update
		_Heater_Display
 This function uses a non-reentrant model


 *************** function ___awdiv *****************
 Defined at:
		line 5 in file "C:\Program Files\Microchip\xc8\v2.20\pic\sources\c90\common\awdiv.c"
 Parameters:    Size  Location     Type
  divisor         2    0[BANK1 ] int 
  dividend        2    2[BANK1 ] int 
 Auto vars:     Size  Location     Type
  quotient        2    6[BANK1 ] int 
  sign            1    5[BANK1 ] unsigned char 
  counter         1    4[BANK1 ] unsigned char 
 Return value:  Size  Location     Type
                  2    0[BANK1 ] int 
 Registers used:
		wreg, status,2, status,0, btemp+1
 Tracked objects:
		On entry : 
		On exit  : 
		Unchanged: 
 Data sizes:     COMMON   BANK0   BANK1   BANK3   BANK2
      Params:         0       0       4       0       0
      Locals:         0       0       4       0       0
      Temps:          0       0       0       0       0
      Totals:         0       0       8       0       0
Total ram usage:        8 bytes
 Hardware stack levels used:    1
 Hardware stack levels required when called:    3
 This function calls:
		Nothing
 This function is called by:
		_EWH_SSD_Update
		_Heater_Display
 This function uses a non-reentrant model


 *************** function _SSD_Write *****************
 Defined at:
		line 35 in file "SSD.c"
 Parameters:    Size  Location     Type
  ID              1    wreg     unsigned char 
  Number          1    8[BANK1 ] unsigned char 
 Auto vars:     Size  Location     Type
  ID              1    9[BANK1 ] unsigned char 
 Return value:  Size  Location     Type
                  1    wreg      unsigned char 
 Registers used:
		wreg, fsr0l, fsr0h, status,2, status,0, btemp+1, pclath, cstack
 Tracked objects:
		On entry : 
		On exit  : 
		Unchanged: 
 Data sizes:     COMMON   BANK0   BANK1   BANK3   BANK2
      Params:         0       0       1       0       0
      Locals:         0       0       1       0       0
      Temps:          0       0       0       0       0
      Totals:         0       0       2       0       0
Total ram usage:        2 bytes
 Hardware stack levels used:    1
 Hardware stack levels required when called:    4
 This function calls:
		_SSD_config
 This function is called by:
		_EWH_SSD_Update
		_Heater_Display
 This function uses a non-reentrant model


 *************** function _SSD_OFF *****************
 Defined at:
		line 65 in file "SSD.c"
 Parameters:    Size  Location     Type
  ID              1    wreg     unsigned char 
 Auto vars:     Size  Location     Type
  ID              1    4[BANK1 ] unsigned char 
 Return value:  Size  Location     Type
                  1    wreg      void 
 Registers used:
		wreg, fsr0l, fsr0h, status,2, status,0, btemp+1, pclath, cstack
 Tracked objects:
		On entry : 
		On exit  : 
		Unchanged: 
 Data sizes:     COMMON   BANK0   BANK1   BANK3   BANK2
      Params:         0       0       0       0       0
      Locals:         0       0       1       0       0
      Temps:          0       0       0       0       0
      Totals:         0       0       1       0       0
Total ram usage:        1 bytes
 Hardware stack levels used:    1
 Hardware stack levels required when called:    4
 This function calls:
		_SSD_config
 This function is called by:
		_EWH_SSD_OFF
		_EWH_SSD_Update
 This function uses a non-reentrant model


 *************** function _SSD_config *****************
 Defined at:
		line 11 in file "SSD.c"
 Parameters:    Size  Location     Type
  ID              1    wreg     unsigned char 
  SSD_state       1    0[BANK1 ] enum E13
 Auto vars:     Size  Location     Type
  ID              1    3[BANK1 ] unsigned char 
 Return value:  Size  Location     Type
                  1    wreg      void 
 Registers used:
		wreg, fsr0l, fsr0h, status,2, status,0, btemp+1
 Tracked objects:
		On entry : 
		On exit  : 
		Unchanged: 
 Data sizes:     COMMON   BANK0   BANK1   BANK3   BANK2
      Params:         0       0       1       0       0
      Locals:         0       0       1       0       0
      Temps:          0       0       2       0       0
      Totals:         0       0       4       0       0
Total ram usage:        4 bytes
 Hardware stack levels used:    1
 Hardware stack levels required when called:    3
 This function calls:
		Nothing
 This function is called by:
		_SSD_Write
		_SSD_OFF
		_Heater_Display
		_SSD_ON
 This function uses a non-reentrant model


 *************** function _DD_SetState *****************
 Defined at:
		line 29 in file "DD.c"
 Parameters:    Size  Location     Type
  device          1    wreg     enum E884
  state           1    0[BANK1 ] enum E13
 Auto vars:     Size  Location     Type
  device          1    3[BANK1 ] enum E884
 Return value:  Size  Location     Type
                  1    wreg      void 
 Registers used:
		wreg, fsr0l, fsr0h, status,2, status,0, btemp+1
 Tracked objects:
		On entry : 
		On exit  : 
		Unchanged: 
 Data sizes:     COMMON   BANK0   BANK1   BANK3   BANK2
      Params:         0       0       1       0       0
      Locals:         0       0       1       0       0
      Temps:          0       0       2       0       0
      Totals:         0       0       4       0       0
Total ram usage:        4 bytes
 Hardware stack levels used:    1
 Hardware stack levels required when called:    3
 This function calls:
		Nothing
 This function is called by:
		_EWH_Sleep_Mode
		_EWH_SetTemp_Mode
		_EWH_Operating_Mode
 This function uses a non-reentrant model


 *************** function _EWH_Init *****************
 Defined at:
		line 215 in file "EWH.c"
 Parameters:    Size  Location     Type
		None
 Auto vars:     Size  Location     Type
  i2c_config      6   17[BANK1 ] struct .
  adc_config      4   23[BANK1 ] struct .
  TMR1_cfg        2   15[BANK1 ] struct .
 Return value:  Size  Location     Type
                  1    wreg      void 
 Registers used:
		wreg, fsr0l, fsr0h, status,2, status,0, btemp+1, pclath, cstack
 Tracked objects:
		On entry : 
		On exit  : 
		Unchanged: 
 Data sizes:     COMMON   BANK0   BANK1   BANK3   BANK2
      Params:         0       0       0       0       0
      Locals:         0       0      12       0       0
      Temps:          0       0       0       0       0
      Totals:         0       0      12       0       0
Total ram usage:       12 bytes
 Hardware stack levels used:    1
 Hardware stack levels required when called:    7
 This function calls:
		_ADC_Init
		_DD_Init
		_EWH_EEPROM_Init
		_I2C_Init
		_SW_Init
		_TMR1_Init
 This function is called by:
		_main
 This function uses a non-reentrant model


 *************** function _TMR1_Init *****************
 Defined at:
		line 3 in file "TMR1.c"
 Parameters:    Size  Location     Type
  config          1    wreg     PTR struct .
		 -> EWH_Init@TMR1_cfg(2), 
 Auto vars:     Size  Location     Type
  config          1    2[BANK1 ] PTR struct .
		 -> EWH_Init@TMR1_cfg(2), 
 Return value:  Size  Location     Type
                  1    wreg      void 
 Registers used:
		wreg, fsr0l, fsr0h, status,2, status,0
 Tracked objects:
		On entry : 
		On exit  : 
		Unchanged: 
 Data sizes:     COMMON   BANK0   BANK1   BANK3   BANK2
      Params:         0       0       0       0       0
      Locals:         0       0       1       0       0
      Temps:          0       0       2       0       0
      Totals:         0       0       3       0       0
Total ram usage:        3 bytes
 Hardware stack levels used:    1
 Hardware stack levels required when called:    3
 This function calls:
		Nothing
 This function is called by:
		_EWH_Init
 This function uses a non-reentrant model


 *************** function _SW_Init *****************
 Defined at:
		line 16 in file "SW.c"
 Parameters:    Size  Location     Type
		None
 Auto vars:     Size  Location     Type
		None
 Return value:  Size  Location     Type
                  1    wreg      void 
 Registers used:
		wreg, status,2, status,0, btemp+1
 Tracked objects:
		On entry : 
		On exit  : 
		Unchanged: 
 Data sizes:     COMMON   BANK0   BANK1   BANK3   BANK2
      Params:         0       0       0       0       0
      Locals:         0       0       0       0       0
      Temps:          0       0       0       0       0
      Totals:         0       0       0       0       0
Total ram usage:        0 bytes
 Hardware stack levels used:    1
 Hardware stack levels required when called:    3
 This function calls:
		Nothing
 This function is called by:
		_EWH_Init
 This function uses a non-reentrant model


 *************** function _I2C_Init *****************
 Defined at:
		line 12 in file "i2c.c"
 Parameters:    Size  Location     Type
  i2c_config      1    wreg     PTR struct .
		 -> EWH_Init@i2c_config(6), 
 Auto vars:     Size  Location     Type
  i2c_config      1   14[BANK1 ] PTR struct .
		 -> EWH_Init@i2c_config(6), 
 Return value:  Size  Location     Type
                  1    wreg      void 
 Registers used:
		wreg, fsr0l, fsr0h, status,2, status,0, btemp+1, pclath, cstack
 Tracked objects:
		On entry : 
		On exit  : 
		Unchanged: 
 Data sizes:     COMMON   BANK0   BANK1   BANK3   BANK2
      Params:         0       0       0       0       0
      Locals:         0       0       1       0       0
      Temps:          0       0       0       0       0
      Totals:         0       0       1       0       0
Total ram usage:        1 bytes
 Hardware stack levels used:    1
 Hardware stack levels required when called:    4
 This function calls:
		___lldiv
 This function is called by:
		_EWH_Init
 This function uses a non-reentrant model


 *************** function ___lldiv *****************
 Defined at:
		line 5 in file "C:\Program Files\Microchip\xc8\v2.20\pic\sources\c90\common\__lldiv.c"
 Parameters:    Size  Location     Type
  divisor         4    0[BANK1 ] unsigned long 
  dividend        4    4[BANK1 ] unsigned long 
 Auto vars:     Size  Location     Type
  quotient        4    9[BANK1 ] unsigned long 
  counter         1   13[BANK1 ] unsigned char 
 Return value:  Size  Location     Type
                  4    0[BANK1 ] unsigned long 
 Registers used:
		wreg, status,2, status,0, btemp+1
 Tracked objects:
		On entry : 
		On exit  : 
		Unchanged: 
 Data sizes:     COMMON   BANK0   BANK1   BANK3   BANK2
      Params:         0       0       8       0       0
      Locals:         0       0       5       0       0
      Temps:          0       0       1       0       0
      Totals:         0       0      14       0       0
Total ram usage:       14 bytes
 Hardware stack levels used:    1
 Hardware stack levels required when called:    3
 This function calls:
		Nothing
 This function is called by:
		_I2C_Init
 This function uses a non-reentrant model


 *************** function _EWH_EEPROM_Init *****************
 Defined at:
		line 254 in file "EWH.c"
 Parameters:    Size  Location     Type
		None
 Auto vars:     Size  Location     Type
		None
 Return value:  Size  Location     Type
                  1    wreg      void 
 Registers used:
		wreg, status,2, status,0, btemp+1, pclath, cstack
 Tracked objects:
		On entry : 
		On exit  : 
		Unchanged: 
 Data sizes:     COMMON   BANK0   BANK1   BANK3   BANK2
      Params:         0       0       0       0       0
      Locals:         0       0       0       0       0
      Temps:          0       0       0       0       0
      Totals:         0       0       0       0       0
Total ram usage:        0 bytes
 Hardware stack levels used:    1
 Hardware stack levels required when called:    6
 This function calls:
		_EEPROM_WriteByte
 This function is called by:
		_EWH_Init
 This function uses a non-reentrant model


 *************** function _EEPROM_WriteByte *****************
 Defined at:
		line 4 in file "EEPROM.c"
 Parameters:    Size  Location     Type
  address         2    1[BANK1 ] unsigned short 
  data            1    3[BANK1 ] unsigned char 
 Auto vars:     Size  Location     Type
		None
 Return value:  Size  Location     Type
                  1    wreg      void 
 Registers used:
		wreg, status,2, status,0, pclath, cstack
 Tracked objects:
		On entry : 
		On exit  : 
		Unchanged: 
 Data sizes:     COMMON   BANK0   BANK1   BANK3   BANK2
      Params:         0       0       3       0       0
      Locals:         0       0       0       0       0
      Temps:          0       0       2       0       0
      Totals:         0       0       5       0       0
Total ram usage:        5 bytes
 Hardware stack levels used:    1
 Hardware stack levels required when called:    5
 This function calls:
		_I2C_Master_Send_RepeatedStart
		_I2C_Master_Send_Start
		_I2C_Master_Send_Stop
		_I2C_Master_WriteByte
 This function is called by:
		_EWH_EEPROM_Init
		_EWH_EEPROM_Update
 This function uses a non-reentrant model


 *************** function _I2C_Master_WriteByte *****************
 Defined at:
		line 95 in file "i2c.c"
 Parameters:    Size  Location     Type
  Data            1    wreg     unsigned char 
 Auto vars:     Size  Location     Type
  Data            1    0[BANK1 ] unsigned char 
 Return value:  Size  Location     Type
                  1    wreg      unsigned char 
 Registers used:
		wreg, status,2, status,0, pclath, cstack
 Tracked objects:
		On entry : 
		On exit  : 
		Unchanged: 
 Data sizes:     COMMON   BANK0   BANK1   BANK3   BANK2
      Params:         0       0       0       0       0
      Locals:         0       0       1       0       0
      Temps:          0       0       0       0       0
      Totals:         0       0       1       0       0
Total ram usage:        1 bytes
 Hardware stack levels used:    1
 Hardware stack levels required when called:    4
 This function calls:
		_I2C_Wait_IDLE
 This function is called by:
		_EEPROM_WriteByte
		_EEPROM_ReadByte
		_EEPROM_WritePage
		_EEPROM_ReadPage
 This function uses a non-reentrant model


 *************** function _I2C_Master_Send_Stop *****************
 Defined at:
		line 67 in file "i2c.c"
 Parameters:    Size  Location     Type
		None
 Auto vars:     Size  Location     Type
		None
 Return value:  Size  Location     Type
                  1    wreg      void 
 Registers used:
		wreg, status,2, status,0, pclath, cstack
 Tracked objects:
		On entry : 
		On exit  : 
		Unchanged: 
 Data sizes:     COMMON   BANK0   BANK1   BANK3   BANK2
      Params:         0       0       0       0       0
      Locals:         0       0       0       0       0
      Temps:          0       0       0       0       0
      Totals:         0       0       0       0       0
Total ram usage:        0 bytes
 Hardware stack levels used:    1
 Hardware stack levels required when called:    4
 This function calls:
		_I2C_Wait_IDLE
 This function is called by:
		_EEPROM_WriteByte
		_EEPROM_ReadByte
		_EEPROM_WritePage
		_EEPROM_ReadPage
 This function uses a non-reentrant model


 *************** function _I2C_Master_Send_Start *****************
 Defined at:
		line 61 in file "i2c.c"
 Parameters:    Size  Location     Type
		None
 Auto vars:     Size  Location     Type
		None
 Return value:  Size  Location     Type
                  1    wreg      void 
 Registers used:
		wreg, status,2, status,0, pclath, cstack
 Tracked objects:
		On entry : 
		On exit  : 
		Unchanged: 
 Data sizes:     COMMON   BANK0   BANK1   BANK3   BANK2
      Params:         0       0       0       0       0
      Locals:         0       0       0       0       0
      Temps:          0       0       0       0       0
      Totals:         0       0       0       0       0
Total ram usage:        0 bytes
 Hardware stack levels used:    1
 Hardware stack levels required when called:    4
 This function calls:
		_I2C_Wait_IDLE
 This function is called by:
		_EEPROM_WriteByte
		_EEPROM_ReadByte
		_EEPROM_WritePage
		_EEPROM_ReadPage
 This function uses a non-reentrant model


 *************** function _I2C_Master_Send_RepeatedStart *****************
 Defined at:
		line 73 in file "i2c.c"
 Parameters:    Size  Location     Type
		None
 Auto vars:     Size  Location     Type
		None
 Return value:  Size  Location     Type
                  1    wreg      void 
 Registers used:
		wreg, status,2, status,0, pclath, cstack
 Tracked objects:
		On entry : 
		On exit  : 
		Unchanged: 
 Data sizes:     COMMON   BANK0   BANK1   BANK3   BANK2
      Params:         0       0       0       0       0
      Locals:         0       0       0       0       0
      Temps:          0       0       0       0       0
      Totals:         0       0       0       0       0
Total ram usage:        0 bytes
 Hardware stack levels used:    1
 Hardware stack levels required when called:    4
 This function calls:
		_I2C_Wait_IDLE
 This function is called by:
		_EEPROM_WriteByte
		_EEPROM_ReadByte
		_EEPROM_WritePage
		_EEPROM_ReadPage
 This function uses a non-reentrant model


 *************** function _I2C_Wait_IDLE *****************
 Defined at:
		line 53 in file "i2c.c"
 Parameters:    Size  Location     Type
		None
 Auto vars:     Size  Location     Type
		None
 Return value:  Size  Location     Type
                  1    wreg      void 
 Registers used:
		wreg, status,2
 Tracked objects:
		On entry : 
		On exit  : 
		Unchanged: 
 Data sizes:     COMMON   BANK0   BANK1   BANK3   BANK2
      Params:         0       0       0       0       0
      Locals:         0       0       0       0       0
      Temps:          0       0       0       0       0
      Totals:         0       0       0       0       0
Total ram usage:        0 bytes
 Hardware stack levels used:    1
 Hardware stack levels required when called:    3
 This function calls:
		Nothing
 This function is called by:
		_I2C_Master_Send_Start
		_I2C_Master_Send_Stop
		_I2C_Master_Send_RepeatedStart
		_I2C_Master_Send_ACK
		_I2C_Master_Send_NACK
		_I2C_Master_WriteByte
		_I2C_Master_ReadByte
 This function uses a non-reentrant model


 *************** function _DD_Init *****************
 Defined at:
		line 14 in file "DD.c"
 Parameters:    Size  Location     Type
		None
 Auto vars:     Size  Location     Type
		None
 Return value:  Size  Location     Type
                  1    wreg      void 
 Registers used:
		wreg, status,2, status,0, btemp+1
 Tracked objects:
		On entry : 
		On exit  : 
		Unchanged: 
 Data sizes:     COMMON   BANK0   BANK1   BANK3   BANK2
      Params:         0       0       0       0       0
      Locals:         0       0       0       0       0
      Temps:          0       0       0       0       0
      Totals:         0       0       0       0       0
Total ram usage:        0 bytes
 Hardware stack levels used:    1
 Hardware stack levels required when called:    3
 This function calls:
		Nothing
 This function is called by:
		_EWH_Init
 This function uses a non-reentrant model


 *************** function _ADC_Init *****************
 Defined at:
		line 16 in file "adc.c"
 Parameters:    Size  Location     Type
  config          1    wreg     PTR struct .
		 -> EWH_Init@adc_config(4), 
 Auto vars:     Size  Location     Type
  config          1    2[BANK1 ] PTR struct .
		 -> EWH_Init@adc_config(4), 
 Return value:  Size  Location     Type
                  1    wreg      void 
 Registers used:
		wreg, fsr0l, fsr0h, status,2, status,0, btemp+1
 Tracked objects:
		On entry : 
		On exit  : 
		Unchanged: 
 Data sizes:     COMMON   BANK0   BANK1   BANK3   BANK2
      Params:         0       0       0       0       0
      Locals:         0       0       1       0       0
      Temps:          0       0       2       0       0
      Totals:         0       0       3       0       0
Total ram usage:        3 bytes
 Hardware stack levels used:    1
 Hardware stack levels required when called:    3
 This function calls:
		Nothing
 This function is called by:
		_EWH_Init
 This function uses a non-reentrant model


 *************** function _ISR *****************
 Defined at:
		line 279 in file "EWH.c"
 Parameters:    Size  Location     Type
		None
 Auto vars:     Size  Location     Type
  Reading         2   40[BANK0 ] unsigned short 
 Return value:  Size  Location     Type
                  1    wreg      void 
 Registers used:
		wreg, fsr0l, fsr0h, status,2, status,0, btemp+1, pclath, cstack
 Tracked objects:
		On entry : 
		On exit  : 
		Unchanged: 
 Data sizes:     COMMON   BANK0   BANK1   BANK3   BANK2
      Params:         0       0       0       0       0
      Locals:         0       2       0       0       0
      Temps:          0       4       0       0       0
      Totals:         0       6       0       0       0
Total ram usage:        6 bytes
 Hardware stack levels used:    1
 Hardware stack levels required when called:    2
 This function calls:
		_ADC_ReadChannel
		_DD_GetState
		___flmul
		___fltol
		___xxtofl
 This function is called by:
		Interrupt level 1
 This function uses a non-reentrant model


 *************** function ___xxtofl *****************
 Defined at:
		line 10 in file "C:\Program Files\Microchip\xc8\v2.20\pic\sources\c90\common\xxtofl.c"
 Parameters:    Size  Location     Type
  sign            1    wreg     unsigned char 
  val             4    0[COMMON] long 
 Auto vars:     Size  Location     Type
  sign            1    8[COMMON] unsigned char 
  arg             4   10[COMMON] unsigned long 
  exp             1    9[COMMON] unsigned char 
 Return value:  Size  Location     Type
                  4    0[COMMON] unsigned char 
 Registers used:
		wreg, status,2, status,0, btemp+1
 Tracked objects:
		On entry : 
		On exit  : 
		Unchanged: 
 Data sizes:     COMMON   BANK0   BANK1   BANK3   BANK2
      Params:         4       0       0       0       0
      Locals:         6       0       0       0       0
      Temps:          4       0       0       0       0
      Totals:        14       0       0       0       0
Total ram usage:       14 bytes
 Hardware stack levels used:    1
 This function calls:
		Nothing
 This function is called by:
		_ISR
 This function uses a non-reentrant model


 *************** function ___fltol *****************
 Defined at:
		line 43 in file "C:\Program Files\Microchip\xc8\v2.20\pic\sources\c90\common\fltol.c"
 Parameters:    Size  Location     Type
  f1              4   26[BANK0 ] unsigned char 
 Auto vars:     Size  Location     Type
  exp1            1   35[BANK0 ] unsigned char 
  sign1           1   34[BANK0 ] unsigned char 
 Return value:  Size  Location     Type
                  4   26[BANK0 ] long 
 Registers used:
		wreg, status,2, status,0, btemp+1
 Tracked objects:
		On entry : 
		On exit  : 
		Unchanged: 
 Data sizes:     COMMON   BANK0   BANK1   BANK3   BANK2
      Params:         0       4       0       0       0
      Locals:         0       2       0       0       0
      Temps:          0       4       0       0       0
      Totals:         0      10       0       0       0
Total ram usage:       10 bytes
 Hardware stack levels used:    1
 This function calls:
		Nothing
 This function is called by:
		_ISR
 This function uses a non-reentrant model


 *************** function ___flmul *****************
 Defined at:
		line 8 in file "C:\Program Files\Microchip\xc8\v2.20\pic\sources\c90\common\sprcmul.c"
 Parameters:    Size  Location     Type
  b               4    0[BANK0 ] long 
  a               4    4[BANK0 ] long 
 Auto vars:     Size  Location     Type
  prod            4   20[BANK0 ] struct .
  grs             4   14[BANK0 ] unsigned long 
  temp            2   24[BANK0 ] struct .
  bexp            1   19[BANK0 ] unsigned char 
  aexp            1   18[BANK0 ] unsigned char 
  sign            1   13[BANK0 ] unsigned char 
 Return value:  Size  Location     Type
                  4    0[BANK0 ] unsigned char 
 Registers used:
		wreg, status,2, status,0, btemp+1, pclath, cstack
 Tracked objects:
		On entry : 
		On exit  : 
		Unchanged: 
 Data sizes:     COMMON   BANK0   BANK1   BANK3   BANK2
      Params:         0       8       0       0       0
      Locals:         0      13       0       0       0
      Temps:          0       5       0       0       0
      Totals:         0      26       0       0       0
Total ram usage:       26 bytes
 Hardware stack levels used:    1
 Hardware stack levels required when called:    1
 This function calls:
		__Umul8_16
 This function is called by:
		_ISR
 This function uses a non-reentrant model


 *************** function __Umul8_16 *****************
 Defined at:
		line 4 in file "C:\Program Files\Microchip\xc8\v2.20\pic\sources\c90\common\Umul8_16.c"
 Parameters:    Size  Location     Type
  multiplier      1    wreg     unsigned char 
  multiplicand    1    0[COMMON] unsigned char 
 Auto vars:     Size  Location     Type
  multiplier      1    8[COMMON] unsigned char 
  word_mpld       2    6[COMMON] unsigned int 
  product         2    4[COMMON] unsigned int 
 Return value:  Size  Location     Type
                  2    0[COMMON] unsigned int 
 Registers used:
		wreg, status,2, status,0
 Tracked objects:
		On entry : 
		On exit  : 
		Unchanged: 
 Data sizes:     COMMON   BANK0   BANK1   BANK3   BANK2
      Params:         2       0       0       0       0
      Locals:         5       0       0       0       0
      Temps:          2       0       0       0       0
      Totals:         9       0       0       0       0
Total ram usage:        9 bytes
 Hardware stack levels used:    1
 This function calls:
		Nothing
 This function is called by:
		___flmul
 This function uses a non-reentrant model


 *************** function _DD_GetState *****************
 Defined at:
		line 50 in file "DD.c"
 Parameters:    Size  Location     Type
  device          1    wreg     enum E884
 Auto vars:     Size  Location     Type
  device          1    2[COMMON] enum E884
 Return value:  Size  Location     Type
                  1    wreg      enum E13
 Registers used:
		wreg, fsr0l, fsr0h, status,2, status,0
 Tracked objects:
		On entry : 
		On exit  : 
		Unchanged: 
 Data sizes:     COMMON   BANK0   BANK1   BANK3   BANK2
      Params:         0       0       0       0       0
      Locals:         1       0       0       0       0
      Temps:          2       0       0       0       0
      Totals:         3       0       0       0       0
Total ram usage:        3 bytes
 Hardware stack levels used:    1
 This function calls:
		Nothing
 This function is called by:
		_ISR
 This function uses a non-reentrant model


 *************** function _ADC_ReadChannel *****************
 Defined at:
		line 69 in file "adc.c"
 Parameters:    Size  Location     Type
  channel         1    wreg     enum E869
 Auto vars:     Size  Location     Type
  channel         1    5[COMMON] enum E869
  result          2    3[COMMON] unsigned short 
 Return value:  Size  Location     Type
                  2    0[COMMON] unsigned short 
 Registers used:
		wreg, status,2, status,0, btemp+1
 Tracked objects:
		On entry : 
		On exit  : 
		Unchanged: 
 Data sizes:     COMMON   BANK0   BANK1   BANK3   BANK2
      Params:         2       0       0       0       0
      Locals:         3       0       0       0       0
      Temps:          1       0       0       0       0
      Totals:         6       0       0       0       0
Total ram usage:        6 bytes
 Hardware stack levels used:    1
 This function calls:
		Nothing
 This function is called by:
		_ISR
 This function uses a non-reentrant model



MODULE INFORMATION

Module		Function		Class		Link	Load	Size
SW.c
		_SW_Init       		CODE           	0893	0000	10

SW.c estimated size: 10

TMR1.c
		_TMR1_Stop     		CODE           	07FA	0000	5
		_TMR1_Start    		CODE           	08FB	0000	17
		_TMR1_Init     		CODE           	0BC0	0000	75

TMR1.c estimated size: 97

C:\Program Files\Microchip\xc8\v2.20\pic\sources\c90\common\__lldiv.c
		___lldiv       		CODE           	0DCA	0000	105

C:\Program Files\Microchip\xc8\v2.20\pic\sources\c90\common\__lldiv.c estimated size: 105

DD.c
		_DD_Init       		CODE           	092F	0000	30
		_EWH_SSD_OFF   		CODE           	08DE	0000	14
		_EWH_SSD_Update		CODE           	0D6E	0000	93
		_DD_GetState   		CODE           	07BD	0000	62
		_DD_SetState   		CODE           	0C5E	0000	91

DD.c estimated size: 290

SSD.c
		_SSD_Write     		CODE           	094C	0000	30
		_SSD_OFF       		CODE           	08BA	0000	12
		_SSD_config    		CODE           	0E9B	0000	108

SSD.c estimated size: 150

C:\Program Files\Microchip\xc8\v2.20\pic\sources\c90\common\Umul8_16.c
		__Umul8_16     		CODE           	0987	0000	40

C:\Program Files\Microchip\xc8\v2.20\pic\sources\c90\common\Umul8_16.c estimated size: 40

i2c.c
		_I2C_Master_Send_Start		CODE           	0881	0000	10
		_I2C_Master_Send_ACK		CODE           	089C	0000	11
		_I2C_Master_Send_NACK		CODE           	08A6	0000	11
		_I2C_Master_Send_RepeatedStart		CODE           	0878	0000	10
		_I2C_Master_Send_Stop		CODE           	088A	0000	10
		_I2C_Init      		CODE           	0B76	0000	75
		_I2C_Wait_IDLE 		CODE           	08D1	0000	14
		_I2C_Master_ReadByte		CODE           	09AE	0000	42
		_I2C_Master_WriteByte		CODE           	0969	0000	31

i2c.c estimated size: 214

C:\Program Files\Microchip\xc8\v2.20\pic\sources\c90\common\xxtofl.c
		___xxtofl      		CODE           	0680	0000	187

C:\Program Files\Microchip\xc8\v2.20\pic\sources\c90\common\xxtofl.c estimated size: 187

C:\Program Files\Microchip\xc8\v2.20\pic\sources\c90\common\lwmod.c
		___lwmod       		CODE           	0AB0	0000	61

C:\Program Files\Microchip\xc8\v2.20\pic\sources\c90\common\lwmod.c estimated size: 61

adc.c
		_ADC_ReadChannel		CODE           	09D7	0000	44
		_ADC_Init      		CODE           	0F82	0000	127

adc.c estimated size: 171

EEPROM.c
		_EEPROM_WriteByte		CODE           	0A3A	0000	60
		_EEPROM_ReadByte		CODE           	0D13	0000	92

EEPROM.c estimated size: 152

C:\Program Files\Microchip\xc8\v2.20\pic\sources\c90\common\awmod.c
		___awmod       		CODE           	0CB8	0000	92

C:\Program Files\Microchip\xc8\v2.20\pic\sources\c90\common\awmod.c estimated size: 92

shared
		__initialization		CODE           	0015	0000	31

shared estimated size: 31

C:\Program Files\Microchip\xc8\v2.20\pic\sources\c90\common\lwdiv.c
		___lwdiv       		CODE           	0B30	0000	71

C:\Program Files\Microchip\xc8\v2.20\pic\sources\c90\common\lwdiv.c estimated size: 71

C:\Program Files\Microchip\xc8\v2.20\pic\sources\c90\common\fltol.c
		___fltol       		CODE           	0F06	0000	125

C:\Program Files\Microchip\xc8\v2.20\pic\sources\c90\common\fltol.c estimated size: 125

EWH.c
		_EWH_getAvrgTempReading		CODE           	0A02	0000	57
		_EWH_EEPROM_Read		CODE           	08C5	0000	13
		_EWH_Sleep_Mode		CODE           	0A75	0000	60
		_ISR           		CODE           	05A5	0000	220
		_EWH_EEPROM_Init		CODE           	08EB	0000	17
		_EWH_WakeUP_Mode		CODE           	073A	0000	132
		_EWH_Init      		CODE           	0AEC	0000	69
		_EWH_EEPROM_Update		CODE           	090B	0000	18
		_EWH_SetTemp_Mode		CODE           	04CA	0000	220
		_EWH_Operating_Mode		CODE           	0398	0000	307

EWH.c estimated size: 1113

C:\Program Files\Microchip\xc8\v2.20\pic\sources\c90\common\sprcmul.c
		___flmul       		CODE           	0037	0000	866

C:\Program Files\Microchip\xc8\v2.20\pic\sources\c90\common\sprcmul.c estimated size: 866

main.c
		_main          		CODE           	0C0A	0000	85

main.c estimated size: 85

C:\Program Files\Microchip\xc8\v2.20\pic\sources\c90\common\awdiv.c
		___awdiv       		CODE           	0E32	0000	106

C:\Program Files\Microchip\xc8\v2.20\pic\sources\c90\common\awdiv.c estimated size: 106

