Microchip MPLAB XC8 Compiler V2.20

Linker command line:

-W-3 --edf=C:\Program Files\Microchip\xc8\v2.20\pic\dat\en_msgs.txt -cn \
  -h+dist/default/production\Electric_Heater.X.production.sym \
  --cmf=dist/default/production\Electric_Heater.X.production.cmf -z \
  -Q16F877A -oC:\Users\LENOVO\AppData\Local\Temp\s1b54.2 \
  --defsym=__MPLAB_BUILD=1 \
  -Mdist/default/production/Electric_Heater.X.production.map -E1 \
  -ver=XC8 Compiler --acfsm=1493 -ASTACK=0110h-016Fh -pstack=STACK \
  -ACODE=00h-07FFhx4 -ASTRCODE=00h-01FFFh -ASTRING=00h-0FFhx32 \
  -ACONST=00h-0FFhx32 -AENTRY=00h-0FFhx32 -ACOMMON=070h-07Fh \
  -ABANK0=020h-06Fh -ABANK1=0A0h-0EFh -ABANK2=0110h-016Fh \
  -ABANK3=0190h-01EFh -ARAM=020h-06Fh,0A0h-0EFh,0110h-016Fh,0190h-01EFh \
  -AABS1=020h-07Fh,0A0h-0EFh,0110h-016Fh,0190h-01EFh -ASFR0=00h-01Fh \
  -ASFR1=080h-09Fh -ASFR2=0100h-010Fh -ASFR3=0180h-018Fh \
  -ACONFIG=02007h-02007h -DCONFIG=2 -AIDLOC=02000h-02003h -DIDLOC=2 \
  -preset_vec=00h,intentry=04h,init,end_init -ppowerup=CODE -pcinit=CODE \
  -pfunctab=ENTRY -AEEDATA=00h-0FFh/02100h -peeprom_data=EEDATA -DEEDATA=2 \
  -DCODE=2 -DSTRCODE=2 -DSTRING=2 -DCONST=2 -DENTRY=2 -k \
  C:\Users\LENOVO\AppData\Local\Temp\s1b54.o \
  dist/default/production\Electric_Heater.X.production.o 

Object code version is 3.11

Machine type is 16F877A



                Name                               Link     Load   Length Selector   Space Scale
C:\Users\LENOVO\AppData\Local\Temp\s1b54.o
                end_init                             12       12        3        8       0
                reset_vec                             0        0        3        0       0
                config                             2007     2007        1        0       4
dist/default/production\Electric_Heater.X.production.o
                cinit                                15       15       22        8       0
                intentry                              4        4        E        8       0
                config                             2007     2007        1        0       4
                text45                              953      953       2B     12A6       0
                text44                              7BE      7BE       3D        8       0
                text43                              903      903       27     1206       0
                text42                               37       37      361        8       0
                text41                              E78      E78       7C     1CF0       0
                text40                              674      674       BA        8       0
                text39                              E07      E07       71     1C0E       0
                text38                              890      890       1B     1120       0
                text37                              C64      C64       67     18C8       0
                text36                              97E      97E       3A     12FC       0
                text35                              AFD      AFD       50     15FA       0
                text34                              4AB      4AB       E8        8       0
                text33                              EF4      EF4       7E     1DE8       0
                text32                              8AB      8AB       1D     1156       0
                text31                              832      832        D     1064       0
                text30                             17D2     17D2        9     2FA4       0
                text29                             17DB     17DB        9     2FB6       0
                text28                             17E4     17E4        9     2FC8       0
                text27                              8E5      8E5       1E     11CA       0
                text26                              9F2      9F2       3B     13E4       0
                text25                              84C      84C       10     1098       0
                text24                              B4D      B4D       5A     169A       0
                text23                              D9C      D9C       6B     1B38       0
                text22                              8C8      8C8       1D     1190       0
                text21                              D33      D33       69     1A66       0
                text20                              A2D      A2D       3C     145A       0
                text19                              C02      C02       62     1804       0
                text18                              85C      85C       10     10B8       0
                text17                              7FB      7FB        4        8       0
                text16                              398      398      113        8       0
                text15                             17F6     17F6        A     2FEC       0
                text14                              807      807        A     100E       0
                text13                              92A      92A       29     1254       0
                text12                              BA7      BA7       5B     174E       0
                text11                              826      826        C     104C       0
                text10                              F72      F72       8E     1EE4       0
                text9                               86C      86C       11     10D8       0
                text8                               593      593       E1        8       0
                text7                               81B      81B        B     1036       0
                text6                               83F      83F        D     107E       0
                text5                               9B8      9B8       3A     1370       0
                text4                               CCB      CCB       68     1996       0
                text3                               A69      A69       4A     14D2       0
                text2                              17ED     17ED        9     2FDA       0
                text1                               AB3      AB3       4A     1566       0
                maintext                            72E      72E       90        8       0
                cstackBANK0                          20       20       2C       20       1
                cstackCOMMON                         70       70        E       70       1
                cstackBANK1                          A0       A0       1F       A0       1
                clrtext                            17CA     17CA        8     2F94       0
                inittext                            87D      87D       13     10FA       0
                dataBANK1                            C9       C9        A       A0       1
                bssBANK1                             BF       BF        A       A0       1
                bssBANK0                             4C       4C        D       20       1
                idataBANK1                          811      811        A     1022       0

TOTAL           Name                               Link     Load   Length     Space
        CLASS   STACK          

        CLASS   CODE           
                end_init                             12       12        3         0
                cinit                                15       15       22         0
                intentry                              4        4        E         0
                reset_vec                             0        0        3         0
                text45                              953      953       2B         0
                text44                              7BE      7BE       3D         0
                text43                              903      903       27         0
                text42                               37       37      361         0
                text41                              E78      E78       7C         0
                text40                              674      674       BA         0
                text39                              E07      E07       71         0
                text38                              890      890       1B         0
                text37                              C64      C64       67         0
                text36                              97E      97E       3A         0
                text35                              AFD      AFD       50         0
                text34                              4AB      4AB       E8         0
                text33                              EF4      EF4       7E         0
                text32                              8AB      8AB       1D         0
                text31                              832      832        D         0
                text30                             17D2     17D2        9         0
                text29                             17DB     17DB        9         0
                text28                             17E4     17E4        9         0
                text27                              8E5      8E5       1E         0
                text26                              9F2      9F2       3B         0
                text25                              84C      84C       10         0
                text24                              B4D      B4D       5A         0
                text23                              D9C      D9C       6B         0
                text22                              8C8      8C8       1D         0
                text21                              D33      D33       69         0
                text20                              A2D      A2D       3C         0
                text19                              C02      C02       62         0
                text18                              85C      85C       10         0
                text17                              7FB      7FB        4         0
                text16                              398      398      113         0
                text15                             17F6     17F6        A         0
                text14                              807      807        A         0
                text13                              92A      92A       29         0
                text12                              BA7      BA7       5B         0
                text11                              826      826        C         0
                text10                              F72      F72       8E         0
                text9                               86C      86C       11         0
                text8                               593      593       E1         0
                text7                               81B      81B        B         0
                text6                               83F      83F        D         0
                text5                               9B8      9B8       3A         0
                text4                               CCB      CCB       68         0
                text3                               A69      A69       4A         0
                text2                              17ED     17ED        9         0
                text1                               AB3      AB3       4A         0
                maintext                            72E      72E       90         0
                clrtext                            17CA     17CA        8         0
                inittext                            87D      87D       13         0
                idataBANK1                          811      811        A         0

        CLASS   STRCODE        

        CLASS   STRING         

        CLASS   CONST          

        CLASS   ENTRY          

        CLASS   COMMON         
                cstackCOMMON                         70       70        E         1

        CLASS   BANK0          
                cstackBANK0                          20       20       2C         1
                bssBANK0                             4C       4C        D         1

        CLASS   BANK1          
                cstackBANK1                          A0       A0       1F         1
                dataBANK1                            C9       C9        A         1
                bssBANK1                             BF       BF        A         1

        CLASS   BANK2          

        CLASS   BANK3          

        CLASS   RAM            

        CLASS   ABS1           
                abs_s1                               7E       7E        2         1

        CLASS   SFR0           

        CLASS   SFR1           

        CLASS   SFR2           

        CLASS   SFR3           

        CLASS   CONFIG         
                config                             2007     2007        1         4

        CLASS   IDLOC          

        CLASS   EEDATA         



SEGMENTS        Name                           Load    Length   Top    Selector   Space  Class     Delta

                reset_vec                      000000  000003  000003         0       0  CODE        2
                intentry                       000004  0007FB  0007FF         8       0  CODE        2
                cstackBANK0                    000020  000039  000059        20       1  BANK0       1
                cstackCOMMON                   000070  00000E  00007E        70       1  COMMON      1
                cstackBANK1                    0000A0  000033  0000D3        A0       1  BANK1       1
                text14                         000807  00000A  000811      100E       0  CODE        2
                idataBANK1                     000811  00000A  00081B      1022       0  CODE        2
                text7                          00081B  00000B  000826      1036       0  CODE        2
                text11                         000826  00000C  000832      104C       0  CODE        2
                text31                         000832  00000D  00083F      1064       0  CODE        2
                text6                          00083F  00000D  00084C      107E       0  CODE        2
                text25                         00084C  000010  00085C      1098       0  CODE        2
                text18                         00085C  000010  00086C      10B8       0  CODE        2
                text9                          00086C  000011  00087D      10D8       0  CODE        2
                inittext                       00087D  000013  000890      10FA       0  CODE        2
                text38                         000890  00001B  0008AB      1120       0  CODE        2
                text32                         0008AB  00001D  0008C8      1156       0  CODE        2
                text22                         0008C8  00001D  0008E5      1190       0  CODE        2
                text27                         0008E5  00001E  000903      11CA       0  CODE        2
                text43                         000903  000027  00092A      1206       0  CODE        2
                text13                         00092A  000029  000953      1254       0  CODE        2
                text45                         000953  00002B  00097E      12A6       0  CODE        2
                text36                         00097E  00003A  0009B8      12FC       0  CODE        2
                text5                          0009B8  00003A  0009F2      1370       0  CODE        2
                text26                         0009F2  00003B  000A2D      13E4       0  CODE        2
                text20                         000A2D  00003C  000A69      145A       0  CODE        2
                text3                          000A69  00004A  000AB3      14D2       0  CODE        2
                text1                          000AB3  00004A  000AFD      1566       0  CODE        2
                text35                         000AFD  000050  000B4D      15FA       0  CODE        2
                text24                         000B4D  00005A  000BA7      169A       0  CODE        2
                text12                         000BA7  00005B  000C02      174E       0  CODE        2
                text19                         000C02  000062  000C64      1804       0  CODE        2
                text37                         000C64  000067  000CCB      18C8       0  CODE        2
                text4                          000CCB  000068  000D33      1996       0  CODE        2
                text21                         000D33  000069  000D9C      1A66       0  CODE        2
                text23                         000D9C  00006B  000E07      1B38       0  CODE        2
                text39                         000E07  000071  000E78      1C0E       0  CODE        2
                text41                         000E78  00007C  000EF4      1CF0       0  CODE        2
                text33                         000EF4  00007E  000F72      1DE8       0  CODE        2
                text10                         000F72  00008E  001000      1EE4       0  CODE        2
                clrtext                        0017CA  000008  0017D2      2F94       0  CODE        2
                text30                         0017D2  000009  0017DB      2FA4       0  CODE        2
                text29                         0017DB  000009  0017E4      2FB6       0  CODE        2
                text28                         0017E4  000009  0017ED      2FC8       0  CODE        2
                text2                          0017ED  000009  0017F6      2FDA       0  CODE        2
                text15                         0017F6  00000A  001800      2FEC       0  CODE        2


UNUSED ADDRESS RANGES

        Name                Unused          Largest block    Delta
        BANK0            0059-006F             17           1
        BANK1            00D3-00EF             1D           1
        BANK2            0110-016F             60           1
        BANK3            0190-01EF             60           1
        CODE             0003-0003              1           2
                         07FF-0806              1
                         1000-17C9            7CA
                         1800-1FFF            800
        CONST            0003-0003              1           2
                         07FF-0806              1
                         1000-17C9            100
                         1800-1FFF            100
        EEDATA           2100-21FF            100           2
        ENTRY            0003-0003              1           2
                         07FF-0806              1
                         1000-17C9            100
                         1800-1FFF            100
        IDLOC            2000-2003              4           2
        RAM              0059-006F             17           1
                         00D3-00EF             1D
                         0110-016F             60
                         0190-01EF             60
        SFR0             0000-001F             20           1
        SFR1             0080-009F             20           1
        SFR2             0100-010F             10           1
        SFR3             0180-018F             10           1
        STACK            0110-016F             60           1
        STRCODE          0003-0003              1           2
                         07FF-0806              8
                         1000-17C9            7CA
                         1800-1FFF            800
        STRING           0003-0003              1           2
                         07FF-0806              1
                         1000-17C9            100
                         1800-1FFF            100

                                  Symbol Table

?_ADC_ReadChannel                       cstackCOMMON 0070
?__Umul8_16                             cstackCOMMON 0070
?___awdiv                               cstackBANK1  00A0
?___flmul                               cstackBANK0  0020
?___fltol                               cstackBANK0  003A
?___lldiv                               cstackBANK1  00A0
?___lwmod                               cstackBANK1  00A0
?___xxtofl                              cstackCOMMON 0070
?i1___awdiv                             cstackCOMMON 0070
?i1___lwmod                             cstackCOMMON 0070
ADC_Init@config                         cstackBANK1  00A2
ADC_ReadChannel@channel                 cstackCOMMON 0075
ADC_ReadChannel@result                  cstackCOMMON 0073
DD_GetState@device                      cstackCOMMON 0072
DD_SetState@device                      cstackBANK1  00A3
DD_SetState@state                       cstackBANK1  00A0
EEPROM_ReadByte@address                 cstackBANK1  00A2
EEPROM_ReadByte@data                    cstackBANK1  00A6
EEPROM_WriteByte@address                cstackBANK1  00A1
EEPROM_WriteByte@data                   cstackBANK1  00A3
EWH_EEPROM_Update@newSetTemp            cstackBANK1  00A6
Heater_Display@temp                     cstackBANK1  00AA
I2C_Init@i2c_config                     cstackBANK1  00AE
I2C_Master_ReadByte@Read_State          cstackBANK1  00A1
I2C_Master_WriteByte@Data               cstackBANK1  00A0
ISR@Reading                             cstackBANK0  004A
ISR@count                               bssBANK0     0056
SSD_OFF@ID                              cstackBANK1  00A4
SSD_Write@ID                            cstackBANK1  00A9
SSD_Write@Number                        cstackBANK1  00A8
SSD_config@ID                           cstackBANK1  00A3
SSD_config@SSD_state                    cstackBANK1  00A0
TMR1_Init@config                        cstackBANK1  00A2
_ACKDT                                  (abs)        048D
_ACKEN                                  (abs)        048C
_ACKSTAT                                (abs)        048E
_ADCON0                                 (abs)        001F
_ADCON1                                 (abs)        009F
_ADC_Init                               text33       0EF4
_ADC_ReadChannel                        text45       0953
_ADIE                                   (abs)        0466
_ADIF                                   (abs)        0066
_ADON                                   (abs)        00F8
_ADRESH                                 (abs)        001E
_ADRESL                                 (abs)        009E
_DD_GetState                            text44       07BE
_DD_Init                                text32       08AB
_DD_SetState                            text24       0B4D
_Devices_State                          bssBANK1     00C3
_EEPROM_ReadByte                        text12       0BA7
_EEPROM_WriteByte                       text26       09F2
_EWH_EEPROM_Init                        text25       084C
_EWH_EEPROM_Read                        text11       0826
_EWH_EEPROM_Update                      text9        086C
_EWH_Events                             bssBANK1     00BF
_EWH_Mode                               bssBANK1     00C8
_EWH_Operating_Mode                     text16       0398
_EWH_PowerUP_Mode                       text10       0F72
_EWH_SSD_OFF                            text6        083F
_EWH_SetTemp_Mode                       text8        0593
_EWH_Sleep_Mode                         text5        09B8
_EWH_State                              bssBANK0     0058
_GIE                                    (abs)        005F
_Heater_Display                         text19       0C02
_I2C_Init                               text3        0A69
_I2C_Master_ReadByte                    text13       092A
_I2C_Master_Send_ACK                    text15       17F6
_I2C_Master_Send_NACK                   text14       0807
_I2C_Master_Send_RepeatedStart          text30       17D2
_I2C_Master_Send_Start                  text29       17DB
_I2C_Master_Send_Stop                   text28       17E4
_I2C_Master_WriteByte                   text27       08E5
_I2C_Wait_IDLE                          text31       0832
_INTE                                   (abs)        005C
_INTEDG                                 (abs)        040E
_INTF                                   (abs)        0059
_ISR                                    text34       04AB
_NoPress_Sec_count                      bssBANK0     0057
_PEIE                                   (abs)        005E
_PEN                                    (abs)        048A
_PORTA                                  (abs)        0005
_PORTB                                  (abs)        0006
_PORTC                                  (abs)        0007
_PORTD                                  (abs)        0008
_RCEN                                   (abs)        048B
_RSEN                                   (abs)        0489
_SEN                                    (abs)        0488
_SSD_OFF                                text7        081B
_SSD_Write                              text22       08C8
_SSD_code                               dataBANK1    00C9
_SSD_config                             text23       0D9C
_SSPADD                                 (abs)        0093
_SSPBUF                                 (abs)        0013
_SSPCON                                 (abs)        0014
_SSPCON2                                (abs)        0091
_SSPEN                                  (abs)        00A5
_SSPIE                                  (abs)        0463
_SSPIF                                  (abs)        0063
_SSPSTAT                                (abs)        0094
_SW_Init                                text2        17ED
_SW_State                               bssBANK0     004C
_SW_StateControl                        bssBANK0     004F
_T0CS                                   (abs)        040D
_T1CKPS0                                (abs)        0084
_T1CKPS1                                (abs)        0085
_TMR1                                   (abs)        000E
_TMR1IE                                 (abs)        0460
_TMR1IF                                 (abs)        0060
_TMR1ON                                 (abs)        0080
_TMR1_Init                              text1        0AB3
_TMR1_Start                             text18       085C
_TMR1_Stop                              text17       07FB
_TRISA                                  (abs)        0085
_TRISB                                  (abs)        0086
_TRISC                                  (abs)        0087
_TRISD                                  (abs)        0088
__Habs1                                 abs1         0000
__Hbank0                                bank0        0000
__Hbank1                                bank1        0000
__Hbank2                                bank2        0000
__Hbank3                                bank3        0000
__HbssBANK0                             bssBANK0     0000
__HbssBANK1                             bssBANK1     0000
__Hcinit                                cinit        0037
__Hclrtext                              clrtext      0000
__Hcode                                 code         0000
__Hcommon                               common       0000
__Hconfig                               config       2008
__HcstackBANK0                          cstackBANK0  0000
__HcstackBANK1                          cstackBANK1  0000
__HcstackCOMMON                         cstackCOMMON 0000
__HdataBANK1                            dataBANK1    0000
__Heeprom_data                          eeprom_data  0000
__Hend_init                             end_init     0015
__Hfunctab                              functab      0000
__HidataBANK1                           idataBANK1   0000
__Hinit                                 init         0012
__Hinittext                             inittext     0000
__Hintentry                             intentry     0012
__Hmaintext                             maintext     0000
__Hpowerup                              powerup      0000
__Hram                                  ram          0000
__Hreset_vec                            reset_vec    0003
__Hsfr0                                 sfr0         0000
__Hsfr1                                 sfr1         0000
__Hsfr2                                 sfr2         0000
__Hsfr3                                 sfr3         0000
__Hspace_0                              (abs)        1800
__Hspace_1                              (abs)        00D3
__Hspace_2                              (abs)        0000
__Hspace_3                              (abs)        0000
__Hspace_4                              (abs)        400F
__Hstack                                stack        0000
__Hstrings                              strings      0000
__Htext                                 text         0000
__Labs1                                 abs1         0000
__Lbank0                                bank0        0000
__Lbank1                                bank1        0000
__Lbank2                                bank2        0000
__Lbank3                                bank3        0000
__LbssBANK0                             bssBANK0     0000
__LbssBANK1                             bssBANK1     0000
__Lcinit                                cinit        0015
__Lclrtext                              clrtext      0000
__Lcode                                 code         0000
__Lcommon                               common       0000
__Lconfig                               config       0000
__LcstackBANK0                          cstackBANK0  0000
__LcstackBANK1                          cstackBANK1  0000
__LcstackCOMMON                         cstackCOMMON 0000
__LdataBANK1                            dataBANK1    0000
__Leeprom_data                          eeprom_data  0000
__Lend_init                             end_init     0012
__Lfunctab                              functab      0000
__LidataBANK1                           idataBANK1   0000
__Linit                                 init         0012
__Linittext                             inittext     0000
__Lintentry                             intentry     0004
__Lmaintext                             maintext     0000
__Lpowerup                              powerup      0000
__Lram                                  ram          0000
__Lreset_vec                            reset_vec    0000
__Lsfr0                                 sfr0         0000
__Lsfr1                                 sfr1         0000
__Lsfr2                                 sfr2         0000
__Lsfr3                                 sfr3         0000
__Lspace_0                              (abs)        0000
__Lspace_1                              (abs)        0000
__Lspace_2                              (abs)        0000
__Lspace_3                              (abs)        0000
__Lspace_4                              (abs)        0000
__Lstack                                stack        0000
__Lstrings                              strings      0000
__Ltext                                 text         0000
__S0                                    (abs)        1800
__S1                                    (abs)        00D3
__S2                                    (abs)        0000
__S3                                    (abs)        0000
__Umul8_16                              text43       0903
__Umul8_16@multiplicand                 cstackCOMMON 0070
__Umul8_16@multiplier                   cstackCOMMON 0078
__Umul8_16@product                      cstackCOMMON 0074
__Umul8_16@word_mpld                    cstackCOMMON 0076
___awdiv                                text21       0D33
___awdiv@counter                        cstackBANK1  00A4
___awdiv@dividend                       cstackBANK1  00A2
___awdiv@divisor                        cstackBANK1  00A0
___awdiv@quotient                       cstackBANK1  00A6
___awdiv@sign                           cstackBANK1  00A5
___flmul                                text42       0037
___flmul@a                              cstackBANK0  0024
___flmul@aexp                           cstackBANK0  0032
___flmul@b                              cstackBANK0  0020
___flmul@bexp                           cstackBANK0  0033
___flmul@grs                            cstackBANK0  002E
___flmul@prod                           cstackBANK0  0034
___flmul@sign                           cstackBANK0  002D
___flmul@temp                           cstackBANK0  0038
___fltol                                text41       0E78
___fltol@exp1                           cstackBANK0  0043
___fltol@f1                             cstackBANK0  003A
___fltol@sign1                          cstackBANK0  0042
___int_sp                               stack        0000
___latbits                              (abs)        0002
___lldiv                                text4        0CCB
___lldiv@counter                        cstackBANK1  00AD
___lldiv@dividend                       cstackBANK1  00A4
___lldiv@divisor                        cstackBANK1  00A0
___lldiv@quotient                       cstackBANK1  00A9
___lwmod                                text20       0A2D
___lwmod@counter                        cstackBANK1  00A4
___lwmod@dividend                       cstackBANK1  00A2
___lwmod@divisor                        cstackBANK1  00A0
___sp                                   stack        0000
___stackhi                              (abs)        0000
___stacklo                              (abs)        0000
___xxtofl                               text40       0674
___xxtofl@arg                           cstackCOMMON 007A
___xxtofl@exp                           cstackCOMMON 0079
___xxtofl@sign                          cstackCOMMON 0078
___xxtofl@val                           cstackCOMMON 0070
__end_of_ADC_Init                       text33       0F72
__end_of_ADC_ReadChannel                text45       097E
__end_of_DD_GetState                    text44       07FB
__end_of_DD_Init                        text32       08C8
__end_of_DD_SetState                    text24       0BA7
__end_of_EEPROM_ReadByte                text12       0C02
__end_of_EEPROM_WriteByte               text26       0A2D
__end_of_EWH_EEPROM_Init                text25       085C
__end_of_EWH_EEPROM_Read                text11       0832
__end_of_EWH_EEPROM_Update              text9        087D
__end_of_EWH_Operating_Mode             text16       04AB
__end_of_EWH_PowerUP_Mode               text10       1000
__end_of_EWH_SSD_OFF                    text6        084C
__end_of_EWH_SetTemp_Mode               text8        0674
__end_of_EWH_Sleep_Mode                 text5        09F2
__end_of_Heater_Display                 text19       0C64
__end_of_I2C_Init                       text3        0AB3
__end_of_I2C_Master_ReadByte            text13       0953
__end_of_I2C_Master_Send_ACK            text15       1800
__end_of_I2C_Master_Send_NACK           text14       0811
__end_of_I2C_Master_Send_RepeatedStart  text30       17DB
__end_of_I2C_Master_Send_Start          text29       17E4
__end_of_I2C_Master_Send_Stop           text28       17ED
__end_of_I2C_Master_WriteByte           text27       0903
__end_of_I2C_Wait_IDLE                  text31       083F
__end_of_ISR                            text34       0593
__end_of_SSD_OFF                        text7        0826
__end_of_SSD_Write                      text22       08E5
__end_of_SSD_config                     text23       0E07
__end_of_SW_Init                        text2        17F6
__end_of_TMR1_Init                      text1        0AFD
__end_of_TMR1_Start                     text18       086C
__end_of_TMR1_Stop                      text17       07FF
__end_of__Umul8_16                      text43       092A
__end_of___awdiv                        text21       0D9C
__end_of___flmul                        text42       0398
__end_of___fltol                        text41       0EF4
__end_of___lldiv                        text4        0D33
__end_of___lwmod                        text20       0A69
__end_of___xxtofl                       text40       072E
__end_of__initialization                cinit        0033
__end_of_main                           maintext     07BE
__end_ofi1_Heater_Display               text35       0B4D
__end_ofi1_SSD_Write                    text38       08AB
__end_ofi1_SSD_config                   text39       0E78
__end_ofi1___awdiv                      text37       0CCB
__end_ofi1___lwmod                      text36       09B8
__initialization                        cinit        0015
__pbssBANK0                             bssBANK0     004C
__pbssBANK1                             bssBANK1     00BF
__pcstackBANK0                          cstackBANK0  0020
__pcstackBANK1                          cstackBANK1  00A0
__pcstackCOMMON                         cstackCOMMON 0070
__pdataBANK1                            dataBANK1    00C9
__pidataBANK1                           idataBANK1   0811
__pintentry                             intentry     0004
__pmaintext                             maintext     072E
__ptext1                                text1        0AB3
__ptext10                               text10       0F72
__ptext11                               text11       0826
__ptext12                               text12       0BA7
__ptext13                               text13       092A
__ptext14                               text14       0807
__ptext15                               text15       17F6
__ptext16                               text16       0398
__ptext17                               text17       07FB
__ptext18                               text18       085C
__ptext19                               text19       0C02
__ptext2                                text2        17ED
__ptext20                               text20       0A2D
__ptext21                               text21       0D33
__ptext22                               text22       08C8
__ptext23                               text23       0D9C
__ptext24                               text24       0B4D
__ptext25                               text25       084C
__ptext26                               text26       09F2
__ptext27                               text27       08E5
__ptext28                               text28       17E4
__ptext29                               text29       17DB
__ptext3                                text3        0A69
__ptext30                               text30       17D2
__ptext31                               text31       0832
__ptext32                               text32       08AB
__ptext33                               text33       0EF4
__ptext34                               text34       04AB
__ptext35                               text35       0AFD
__ptext36                               text36       097E
__ptext37                               text37       0C64
__ptext38                               text38       0890
__ptext39                               text39       0E07
__ptext4                                text4        0CCB
__ptext40                               text40       0674
__ptext41                               text41       0E78
__ptext42                               text42       0037
__ptext43                               text43       0903
__ptext44                               text44       07BE
__ptext45                               text45       0953
__ptext5                                text5        09B8
__ptext6                                text6        083F
__ptext7                                text7        081B
__ptext8                                text8        0593
__ptext9                                text9        086C
__size_of_ADC_Init                      (abs)        0000
__size_of_ADC_ReadChannel               (abs)        0000
__size_of_DD_GetState                   (abs)        0000
__size_of_DD_Init                       (abs)        0000
__size_of_DD_SetState                   (abs)        0000
__size_of_EEPROM_ReadByte               (abs)        0000
__size_of_EEPROM_WriteByte              (abs)        0000
__size_of_EWH_EEPROM_Init               (abs)        0000
__size_of_EWH_EEPROM_Read               (abs)        0000
__size_of_EWH_EEPROM_Update             (abs)        0000
__size_of_EWH_Operating_Mode            (abs)        0000
__size_of_EWH_PowerUP_Mode              (abs)        0000
__size_of_EWH_SSD_OFF                   (abs)        0000
__size_of_EWH_SetTemp_Mode              (abs)        0000
__size_of_EWH_Sleep_Mode                (abs)        0000
__size_of_Heater_Display                (abs)        0000
__size_of_I2C_Init                      (abs)        0000
__size_of_I2C_Master_ReadByte           (abs)        0000
__size_of_I2C_Master_Send_ACK           (abs)        0000
__size_of_I2C_Master_Send_NACK          (abs)        0000
__size_of_I2C_Master_Send_RepeatedStart (abs)        0000
__size_of_I2C_Master_Send_Start         (abs)        0000
__size_of_I2C_Master_Send_Stop          (abs)        0000
__size_of_I2C_Master_WriteByte          (abs)        0000
__size_of_I2C_Wait_IDLE                 (abs)        0000
__size_of_ISR                           (abs)        0000
__size_of_SSD_OFF                       (abs)        0000
__size_of_SSD_Write                     (abs)        0000
__size_of_SSD_config                    (abs)        0000
__size_of_SW_Init                       (abs)        0000
__size_of_TMR1_Init                     (abs)        0000
__size_of_TMR1_Start                    (abs)        0000
__size_of_TMR1_Stop                     (abs)        0000
__size_of__Umul8_16                     (abs)        0000
__size_of___awdiv                       (abs)        0000
__size_of___flmul                       (abs)        0000
__size_of___fltol                       (abs)        0000
__size_of___lldiv                       (abs)        0000
__size_of___lwmod                       (abs)        0000
__size_of___xxtofl                      (abs)        0000
__size_of_main                          (abs)        0000
__size_ofi1_Heater_Display              (abs)        0000
__size_ofi1_SSD_Write                   (abs)        0000
__size_ofi1_SSD_config                  (abs)        0000
__size_ofi1___awdiv                     (abs)        0000
__size_ofi1___lwmod                     (abs)        0000
_current_Temp                           bssBANK1     00C6
_main                                   maintext     072E
_set_Temp                               bssBANK1     00C7
btemp                                   (abs)        007E
clear_ram0                              clrtext      17CA
end_of_initialization                   cinit        0033
i1Heater_Display@temp                   cstackCOMMON 007A
i1SSD_Write@ID                          cstackCOMMON 0079
i1SSD_Write@Number                      cstackCOMMON 0078
i1SSD_config@ID                         cstackCOMMON 0073
i1SSD_config@SSD_state                  cstackCOMMON 0070
i1_Heater_Display                       text35       0AFD
i1_SSD_Write                            text38       0890
i1_SSD_config                           text39       0E07
i1___awdiv                              text37       0C64
i1___awdiv@counter                      cstackCOMMON 0074
i1___awdiv@dividend                     cstackCOMMON 0072
i1___awdiv@divisor                      cstackCOMMON 0070
i1___awdiv@quotient                     cstackCOMMON 0076
i1___awdiv@sign                         cstackCOMMON 0075
i1___lwmod                              text36       097E
i1___lwmod@counter                      cstackCOMMON 0074
i1___lwmod@dividend                     cstackCOMMON 0072
i1___lwmod@divisor                      cstackCOMMON 0070
init_fetch0                             inittext     087D
init_ram0                               inittext     0881
interrupt_function                      intentry     0004
intlevel0                               functab      0000
intlevel1                               functab      0000
intlevel2                               functab      0000
intlevel3                               functab      0000
intlevel4                               functab      0000
intlevel5                               functab      0000
main@TMR1_cfg                           cstackBANK1  00B3
main@adc_config                         cstackBANK1  00BB
main@i2c_config                         cstackBANK1  00B5
reset_vec                               reset_vec    0000
saved_w                                 (abs)        007E
start                                   init         0012
start_initialization                    cinit        0015
wtemp0                                  (abs)        007E


FUNCTION INFORMATION:

 *************** function _main *****************
 Defined at:
		line 6 in file "main.c"
 Parameters:    Size  Location     Type
		None
 Auto vars:     Size  Location     Type
  i2c_config      6   21[BANK1 ] struct .
  adc_config      4   27[BANK1 ] struct .
  TMR1_cfg        2   19[BANK1 ] struct .
 Return value:  Size  Location     Type
                  1    wreg      void 
 Registers used:
		wreg, fsr0l, fsr0h, status,2, status,0, btemp+1, pclath, cstack
 Tracked objects:
		On entry : 
		On exit  : 
		Unchanged: 
 Data sizes:     COMMON   BANK0   BANK1   BANK3   BANK2
      Params:         0       0       0       0       0
      Locals:         0       0      12       0       0
      Temps:          0       0       2       0       0
      Totals:         0       0      14       0       0
Total ram usage:       14 bytes
 Hardware stack levels required when called:   10
 This function calls:
		_ADC_Init
		_DD_Init
		_EWH_EEPROM_Init
		_EWH_Operating_Mode
		_EWH_PowerUP_Mode
		_EWH_SetTemp_Mode
		_EWH_Sleep_Mode
		_I2C_Init
		_SW_Init
		_TMR1_Init
 This function is called by:
		Startup code after reset
 This function uses a non-reentrant model


 *************** function _TMR1_Init *****************
 Defined at:
		line 3 in file "TMR1.c"
 Parameters:    Size  Location     Type
  config          1    wreg     PTR struct .
		 -> main@TMR1_cfg(2), 
 Auto vars:     Size  Location     Type
  config          1    2[BANK1 ] PTR struct .
		 -> main@TMR1_cfg(2), 
 Return value:  Size  Location     Type
                  1    wreg      void 
 Registers used:
		wreg, fsr0l, fsr0h, status,2, status,0
 Tracked objects:
		On entry : 
		On exit  : 
		Unchanged: 
 Data sizes:     COMMON   BANK0   BANK1   BANK3   BANK2
      Params:         0       0       0       0       0
      Locals:         0       0       1       0       0
      Temps:          0       0       2       0       0
      Totals:         0       0       3       0       0
Total ram usage:        3 bytes
 Hardware stack levels used:    1
 Hardware stack levels required when called:    4
 This function calls:
		Nothing
 This function is called by:
		_main
 This function uses a non-reentrant model


 *************** function _SW_Init *****************
 Defined at:
		line 16 in file "SW.c"
 Parameters:    Size  Location     Type
		None
 Auto vars:     Size  Location     Type
		None
 Return value:  Size  Location     Type
                  1    wreg      void 
 Registers used:
		wreg, status,2, status,0, btemp+1
 Tracked objects:
		On entry : 
		On exit  : 
		Unchanged: 
 Data sizes:     COMMON   BANK0   BANK1   BANK3   BANK2
      Params:         0       0       0       0       0
      Locals:         0       0       0       0       0
      Temps:          0       0       0       0       0
      Totals:         0       0       0       0       0
Total ram usage:        0 bytes
 Hardware stack levels used:    1
 Hardware stack levels required when called:    4
 This function calls:
		Nothing
 This function is called by:
		_main
 This function uses a non-reentrant model


 *************** function _I2C_Init *****************
 Defined at:
		line 12 in file "i2c.c"
 Parameters:    Size  Location     Type
  i2c_config      1    wreg     PTR struct .
		 -> main@i2c_config(6), 
 Auto vars:     Size  Location     Type
  i2c_config      1   14[BANK1 ] PTR struct .
		 -> main@i2c_config(6), 
 Return value:  Size  Location     Type
                  1    wreg      void 
 Registers used:
		wreg, fsr0l, fsr0h, status,2, status,0, btemp+1, pclath, cstack
 Tracked objects:
		On entry : 
		On exit  : 
		Unchanged: 
 Data sizes:     COMMON   BANK0   BANK1   BANK3   BANK2
      Params:         0       0       0       0       0
      Locals:         0       0       1       0       0
      Temps:          0       0       0       0       0
      Totals:         0       0       1       0       0
Total ram usage:        1 bytes
 Hardware stack levels used:    1
 Hardware stack levels required when called:    5
 This function calls:
		___lldiv
 This function is called by:
		_main
 This function uses a non-reentrant model


 *************** function ___lldiv *****************
 Defined at:
		line 5 in file "C:\Program Files\Microchip\xc8\v2.20\pic\sources\c90\common\__lldiv.c"
 Parameters:    Size  Location     Type
  divisor         4    0[BANK1 ] unsigned long 
  dividend        4    4[BANK1 ] unsigned long 
 Auto vars:     Size  Location     Type
  quotient        4    9[BANK1 ] unsigned long 
  counter         1   13[BANK1 ] unsigned char 
 Return value:  Size  Location     Type
                  4    0[BANK1 ] unsigned long 
 Registers used:
		wreg, status,2, status,0, btemp+1
 Tracked objects:
		On entry : 
		On exit  : 
		Unchanged: 
 Data sizes:     COMMON   BANK0   BANK1   BANK3   BANK2
      Params:         0       0       8       0       0
      Locals:         0       0       5       0       0
      Temps:          0       0       1       0       0
      Totals:         0       0      14       0       0
Total ram usage:       14 bytes
 Hardware stack levels used:    1
 Hardware stack levels required when called:    4
 This function calls:
		Nothing
 This function is called by:
		_I2C_Init
 This function uses a non-reentrant model


 *************** function _EWH_Sleep_Mode *****************
 Defined at:
		line 5 in file "EWH.c"
 Parameters:    Size  Location     Type
		None
 Auto vars:     Size  Location     Type
		None
 Return value:  Size  Location     Type
                  1    wreg      void 
 Registers used:
		wreg, fsr0l, fsr0h, status,2, status,0, btemp+1, pclath, cstack
 Tracked objects:
		On entry : 
		On exit  : 
		Unchanged: 
 Data sizes:     COMMON   BANK0   BANK1   BANK3   BANK2
      Params:         0       0       0       0       0
      Locals:         0       0       0       0       0
      Temps:          0       0       0       0       0
      Totals:         0       0       0       0       0
Total ram usage:        0 bytes
 Hardware stack levels used:    1
 Hardware stack levels required when called:    7
 This function calls:
		_DD_SetState
		_EWH_SSD_OFF
		_TMR1_Stop
 This function is called by:
		_main
 This function uses a non-reentrant model


 *************** function _EWH_SSD_OFF *****************
 Defined at:
		line 75 in file "DD.c"
 Parameters:    Size  Location     Type
		None
 Auto vars:     Size  Location     Type
		None
 Return value:  Size  Location     Type
                  1    wreg      void 
 Registers used:
		wreg, fsr0l, fsr0h, status,2, status,0, btemp+1, pclath, cstack
 Tracked objects:
		On entry : 
		On exit  : 
		Unchanged: 
 Data sizes:     COMMON   BANK0   BANK1   BANK3   BANK2
      Params:         0       0       0       0       0
      Locals:         0       0       0       0       0
      Temps:          0       0       0       0       0
      Totals:         0       0       0       0       0
Total ram usage:        0 bytes
 Hardware stack levels used:    1
 Hardware stack levels required when called:    6
 This function calls:
		_SSD_OFF
 This function is called by:
		_EWH_Sleep_Mode
 This function uses a non-reentrant model


 *************** function _SSD_OFF *****************
 Defined at:
		line 65 in file "SSD.c"
 Parameters:    Size  Location     Type
  ID              1    wreg     unsigned char 
 Auto vars:     Size  Location     Type
  ID              1    4[BANK1 ] unsigned char 
 Return value:  Size  Location     Type
                  1    wreg      void 
 Registers used:
		wreg, fsr0l, fsr0h, status,2, status,0, btemp+1, pclath, cstack
 Tracked objects:
		On entry : 
		On exit  : 
		Unchanged: 
 Data sizes:     COMMON   BANK0   BANK1   BANK3   BANK2
      Params:         0       0       0       0       0
      Locals:         0       0       1       0       0
      Temps:          0       0       0       0       0
      Totals:         0       0       1       0       0
Total ram usage:        1 bytes
 Hardware stack levels used:    1
 Hardware stack levels required when called:    5
 This function calls:
		_SSD_config
 This function is called by:
		_EWH_SSD_OFF
		_EWH_SSD_Update
 This function uses a non-reentrant model


 *************** function _EWH_SetTemp_Mode *****************
 Defined at:
		line 71 in file "EWH.c"
 Parameters:    Size  Location     Type
		None
 Auto vars:     Size  Location     Type
		None
 Return value:  Size  Location     Type
                  1    wreg      void 
 Registers used:
		wreg, fsr0l, fsr0h, status,2, status,0, btemp+1, pclath, cstack
 Tracked objects:
		On entry : 
		On exit  : 
		Unchanged: 
 Data sizes:     COMMON   BANK0   BANK1   BANK3   BANK2
      Params:         0       0       0       0       0
      Locals:         0       0       0       0       0
      Temps:          0       0       2       0       0
      Totals:         0       0       2       0       0
Total ram usage:        2 bytes
 Hardware stack levels used:    1
 Hardware stack levels required when called:    9
 This function calls:
		_DD_SetState
		_EWH_EEPROM_Read
		_EWH_EEPROM_Update
		_Heater_Display
		_TMR1_Start
 This function is called by:
		_main
 This function uses a non-reentrant model


 *************** function _EWH_EEPROM_Update *****************
 Defined at:
		line 209 in file "EWH.c"
 Parameters:    Size  Location     Type
  newSetTemp      1    wreg     unsigned char 
 Auto vars:     Size  Location     Type
  newSetTemp      1    6[BANK1 ] unsigned char 
 Return value:  Size  Location     Type
                  1    wreg      void 
 Registers used:
		wreg, status,2, status,0, btemp+1, pclath, cstack
 Tracked objects:
		On entry : 
		On exit  : 
		Unchanged: 
 Data sizes:     COMMON   BANK0   BANK1   BANK3   BANK2
      Params:         0       0       0       0       0
      Locals:         0       0       1       0       0
      Temps:          0       0       0       0       0
      Totals:         0       0       1       0       0
Total ram usage:        1 bytes
 Hardware stack levels used:    1
 Hardware stack levels required when called:    7
 This function calls:
		_EEPROM_WriteByte
 This function is called by:
		_EWH_SetTemp_Mode
 This function uses a non-reentrant model


 *************** function _EWH_PowerUP_Mode *****************
 Defined at:
		line 28 in file "EWH.c"
 Parameters:    Size  Location     Type
		None
 Auto vars:     Size  Location     Type
		None
 Return value:  Size  Location     Type
                  1    wreg      void 
 Registers used:
		wreg, fsr0l, fsr0h, status,2, status,0, btemp+1, pclath, cstack
 Tracked objects:
		On entry : 
		On exit  : 
		Unchanged: 
 Data sizes:     COMMON   BANK0   BANK1   BANK3   BANK2
      Params:         0       0       0       0       0
      Locals:         0       0       0       0       0
      Temps:          0       0       2       0       0
      Totals:         0       0       2       0       0
Total ram usage:        2 bytes
 Hardware stack levels used:    1
 Hardware stack levels required when called:    9
 This function calls:
		_EWH_EEPROM_Read
		_Heater_Display
 This function is called by:
		_main
 This function uses a non-reentrant model


 *************** function _EWH_EEPROM_Read *****************
 Defined at:
		line 213 in file "EWH.c"
 Parameters:    Size  Location     Type
		None
 Auto vars:     Size  Location     Type
		None
 Return value:  Size  Location     Type
                  1    wreg      unsigned char 
 Registers used:
		wreg, status,2, status,0, btemp+1, pclath, cstack
 Tracked objects:
		On entry : 
		On exit  : 
		Unchanged: 
 Data sizes:     COMMON   BANK0   BANK1   BANK3   BANK2
      Params:         0       0       0       0       0
      Locals:         0       0       0       0       0
      Temps:          0       0       0       0       0
      Totals:         0       0       0       0       0
Total ram usage:        0 bytes
 Hardware stack levels used:    1
 Hardware stack levels required when called:    8
 This function calls:
		_EEPROM_ReadByte
 This function is called by:
		_EWH_PowerUP_Mode
		_EWH_SetTemp_Mode
 This function uses a non-reentrant model


 *************** function _EEPROM_ReadByte *****************
 Defined at:
		line 36 in file "EEPROM.c"
 Parameters:    Size  Location     Type
  address         2    2[BANK1 ] unsigned short 
 Auto vars:     Size  Location     Type
  data            1    6[BANK1 ] unsigned char 
 Return value:  Size  Location     Type
                  1    wreg      unsigned char 
 Registers used:
		wreg, status,2, status,0, btemp+1, pclath, cstack
 Tracked objects:
		On entry : 
		On exit  : 
		Unchanged: 
 Data sizes:     COMMON   BANK0   BANK1   BANK3   BANK2
      Params:         0       0       2       0       0
      Locals:         0       0       1       0       0
      Temps:          0       0       2       0       0
      Totals:         0       0       5       0       0
Total ram usage:        5 bytes
 Hardware stack levels used:    1
 Hardware stack levels required when called:    7
 This function calls:
		_I2C_Master_ReadByte
		_I2C_Master_Send_RepeatedStart
		_I2C_Master_Send_Start
		_I2C_Master_Send_Stop
		_I2C_Master_WriteByte
 This function is called by:
		_EWH_EEPROM_Read
 This function uses a non-reentrant model


 *************** function _I2C_Master_ReadByte *****************
 Defined at:
		line 105 in file "i2c.c"
 Parameters:    Size  Location     Type
  Read_State      1    wreg     enum E877
 Auto vars:     Size  Location     Type
  Read_State      1    1[BANK1 ] enum E877
  data            1    0        unsigned char 
 Return value:  Size  Location     Type
                  1    wreg      unsigned char 
 Registers used:
		wreg, status,2, status,0, pclath, cstack
 Tracked objects:
		On entry : 
		On exit  : 
		Unchanged: 
 Data sizes:     COMMON   BANK0   BANK1   BANK3   BANK2
      Params:         0       0       0       0       0
      Locals:         0       0       2       0       0
      Temps:          0       0       0       0       0
      Totals:         0       0       2       0       0
Total ram usage:        2 bytes
 Hardware stack levels used:    1
 Hardware stack levels required when called:    6
 This function calls:
		_I2C_Master_Send_ACK
		_I2C_Master_Send_NACK
		_I2C_Wait_IDLE
 This function is called by:
		_EEPROM_ReadByte
		_EEPROM_ReadPage
 This function uses a non-reentrant model


 *************** function _I2C_Master_Send_NACK *****************
 Defined at:
		line 87 in file "i2c.c"
 Parameters:    Size  Location     Type
		None
 Auto vars:     Size  Location     Type
		None
 Return value:  Size  Location     Type
                  1    wreg      void 
 Registers used:
		wreg, status,2, status,0, pclath, cstack
 Tracked objects:
		On entry : 
		On exit  : 
		Unchanged: 
 Data sizes:     COMMON   BANK0   BANK1   BANK3   BANK2
      Params:         0       0       0       0       0
      Locals:         0       0       0       0       0
      Temps:          0       0       0       0       0
      Totals:         0       0       0       0       0
Total ram usage:        0 bytes
 Hardware stack levels used:    1
 Hardware stack levels required when called:    5
 This function calls:
		_I2C_Wait_IDLE
 This function is called by:
		_I2C_Master_ReadByte
 This function uses a non-reentrant model


 *************** function _I2C_Master_Send_ACK *****************
 Defined at:
		line 79 in file "i2c.c"
 Parameters:    Size  Location     Type
		None
 Auto vars:     Size  Location     Type
		None
 Return value:  Size  Location     Type
                  1    wreg      void 
 Registers used:
		wreg, status,2, status,0, pclath, cstack
 Tracked objects:
		On entry : 
		On exit  : 
		Unchanged: 
 Data sizes:     COMMON   BANK0   BANK1   BANK3   BANK2
      Params:         0       0       0       0       0
      Locals:         0       0       0       0       0
      Temps:          0       0       0       0       0
      Totals:         0       0       0       0       0
Total ram usage:        0 bytes
 Hardware stack levels used:    1
 Hardware stack levels required when called:    5
 This function calls:
		_I2C_Wait_IDLE
 This function is called by:
		_I2C_Master_ReadByte
 This function uses a non-reentrant model


 *************** function _EWH_Operating_Mode *****************
 Defined at:
		line 141 in file "EWH.c"
 Parameters:    Size  Location     Type
		None
 Auto vars:     Size  Location     Type
		None
 Return value:  Size  Location     Type
                  1    wreg      void 
 Registers used:
		wreg, fsr0l, fsr0h, status,2, status,0, btemp+1, pclath, cstack
 Tracked objects:
		On entry : 
		On exit  : 
		Unchanged: 
 Data sizes:     COMMON   BANK0   BANK1   BANK3   BANK2
      Params:         0       0       0       0       0
      Locals:         0       0       0       0       0
      Temps:          0       0       3       0       0
      Totals:         0       0       3       0       0
Total ram usage:        3 bytes
 Hardware stack levels used:    1
 Hardware stack levels required when called:    7
 This function calls:
		_DD_SetState
		_Heater_Display
		_TMR1_Start
		_TMR1_Stop
 This function is called by:
		_main
 This function uses a non-reentrant model


 *************** function _TMR1_Stop *****************
 Defined at:
		line 44 in file "TMR1.c"
 Parameters:    Size  Location     Type
		None
 Auto vars:     Size  Location     Type
		None
 Return value:  Size  Location     Type
                  1    wreg      void 
 Registers used:
		None
 Tracked objects:
		On entry : 
		On exit  : 
		Unchanged: 
 Data sizes:     COMMON   BANK0   BANK1   BANK3   BANK2
      Params:         0       0       0       0       0
      Locals:         0       0       0       0       0
      Temps:          0       0       0       0       0
      Totals:         0       0       0       0       0
Total ram usage:        0 bytes
 Hardware stack levels used:    1
 Hardware stack levels required when called:    4
 This function calls:
		Nothing
 This function is called by:
		_EWH_Sleep_Mode
		_EWH_Operating_Mode
 This function uses a non-reentrant model


 *************** function _TMR1_Start *****************
 Defined at:
		line 31 in file "TMR1.c"
 Parameters:    Size  Location     Type
		None
 Auto vars:     Size  Location     Type
		None
 Return value:  Size  Location     Type
                  1    wreg      void 
 Registers used:
		None
 Tracked objects:
		On entry : 
		On exit  : 
		Unchanged: 
 Data sizes:     COMMON   BANK0   BANK1   BANK3   BANK2
      Params:         0       0       0       0       0
      Locals:         0       0       0       0       0
      Temps:          0       0       0       0       0
      Totals:         0       0       0       0       0
Total ram usage:        0 bytes
 Hardware stack levels used:    1
 Hardware stack levels required when called:    4
 This function calls:
		Nothing
 This function is called by:
		_EWH_SetTemp_Mode
		_EWH_Operating_Mode
 This function uses a non-reentrant model


 *************** function _Heater_Display *****************
 Defined at:
		line 55 in file "SSD.c"
 Parameters:    Size  Location     Type
  temp            2   10[BANK1 ] unsigned short 
 Auto vars:     Size  Location     Type
		None
 Return value:  Size  Location     Type
                  1    wreg      void 
 Registers used:
		wreg, fsr0l, fsr0h, status,2, status,0, btemp+1, pclath, cstack
 Tracked objects:
		On entry : 
		On exit  : 
		Unchanged: 
 Data sizes:     COMMON   BANK0   BANK1   BANK3   BANK2
      Params:         0       0       2       0       0
      Locals:         0       0       0       0       0
      Temps:          0       0       2       0       0
      Totals:         0       0       4       0       0
Total ram usage:        4 bytes
 Hardware stack levels used:    1
 Hardware stack levels required when called:    6
 This function calls:
		_SSD_Write
		_SSD_config
		___awdiv
		___lwmod
 This function is called by:
		_EWH_PowerUP_Mode
		_EWH_SetTemp_Mode
		_EWH_Operating_Mode
 This function uses a non-reentrant model


 *************** function ___lwmod *****************
 Defined at:
		line 5 in file "C:\Program Files\Microchip\xc8\v2.20\pic\sources\c90\common\lwmod.c"
 Parameters:    Size  Location     Type
  divisor         2    0[BANK1 ] unsigned int 
  dividend        2    2[BANK1 ] unsigned int 
 Auto vars:     Size  Location     Type
  counter         1    4[BANK1 ] unsigned char 
 Return value:  Size  Location     Type
                  2    0[BANK1 ] unsigned int 
 Registers used:
		wreg, status,2, status,0, btemp+1
 Tracked objects:
		On entry : 
		On exit  : 
		Unchanged: 
 Data sizes:     COMMON   BANK0   BANK1   BANK3   BANK2
      Params:         0       0       4       0       0
      Locals:         0       0       1       0       0
      Temps:          0       0       0       0       0
      Totals:         0       0       5       0       0
Total ram usage:        5 bytes
 Hardware stack levels used:    1
 Hardware stack levels required when called:    4
 This function calls:
		Nothing
 This function is called by:
		_Heater_Display
		_EWH_SSD_Update
 This function uses a non-reentrant model


 *************** function ___awdiv *****************
 Defined at:
		line 5 in file "C:\Program Files\Microchip\xc8\v2.20\pic\sources\c90\common\awdiv.c"
 Parameters:    Size  Location     Type
  divisor         2    0[BANK1 ] int 
  dividend        2    2[BANK1 ] int 
 Auto vars:     Size  Location     Type
  quotient        2    6[BANK1 ] int 
  sign            1    5[BANK1 ] unsigned char 
  counter         1    4[BANK1 ] unsigned char 
 Return value:  Size  Location     Type
                  2    0[BANK1 ] int 
 Registers used:
		wreg, status,2, status,0, btemp+1
 Tracked objects:
		On entry : 
		On exit  : 
		Unchanged: 
 Data sizes:     COMMON   BANK0   BANK1   BANK3   BANK2
      Params:         0       0       4       0       0
      Locals:         0       0       4       0       0
      Temps:          0       0       0       0       0
      Totals:         0       0       8       0       0
Total ram usage:        8 bytes
 Hardware stack levels used:    1
 Hardware stack levels required when called:    4
 This function calls:
		Nothing
 This function is called by:
		_Heater_Display
		_EWH_SSD_Update
 This function uses a non-reentrant model


 *************** function _SSD_Write *****************
 Defined at:
		line 35 in file "SSD.c"
 Parameters:    Size  Location     Type
  ID              1    wreg     unsigned char 
  Number          1    8[BANK1 ] unsigned char 
 Auto vars:     Size  Location     Type
  ID              1    9[BANK1 ] unsigned char 
 Return value:  Size  Location     Type
                  1    wreg      unsigned char 
 Registers used:
		wreg, fsr0l, fsr0h, status,2, status,0, btemp+1, pclath, cstack
 Tracked objects:
		On entry : 
		On exit  : 
		Unchanged: 
 Data sizes:     COMMON   BANK0   BANK1   BANK3   BANK2
      Params:         0       0       1       0       0
      Locals:         0       0       1       0       0
      Temps:          0       0       0       0       0
      Totals:         0       0       2       0       0
Total ram usage:        2 bytes
 Hardware stack levels used:    1
 Hardware stack levels required when called:    5
 This function calls:
		_SSD_config
 This function is called by:
		_Heater_Display
		_EWH_SSD_Update
 This function uses a non-reentrant model


 *************** function _SSD_config *****************
 Defined at:
		line 11 in file "SSD.c"
 Parameters:    Size  Location     Type
  ID              1    wreg     unsigned char 
  SSD_state       1    0[BANK1 ] enum E13
 Auto vars:     Size  Location     Type
  ID              1    3[BANK1 ] unsigned char 
 Return value:  Size  Location     Type
                  1    wreg      void 
 Registers used:
		wreg, fsr0l, fsr0h, status,2, status,0, btemp+1
 Tracked objects:
		On entry : 
		On exit  : 
		Unchanged: 
 Data sizes:     COMMON   BANK0   BANK1   BANK3   BANK2
      Params:         0       0       1       0       0
      Locals:         0       0       1       0       0
      Temps:          0       0       2       0       0
      Totals:         0       0       4       0       0
Total ram usage:        4 bytes
 Hardware stack levels used:    1
 Hardware stack levels required when called:    4
 This function calls:
		Nothing
 This function is called by:
		_SSD_Write
		_Heater_Display
		_SSD_OFF
		_SSD_ON
 This function uses a non-reentrant model


 *************** function _DD_SetState *****************
 Defined at:
		line 29 in file "DD.c"
 Parameters:    Size  Location     Type
  device          1    wreg     enum E880
  state           1    0[BANK1 ] enum E13
 Auto vars:     Size  Location     Type
  device          1    3[BANK1 ] enum E880
 Return value:  Size  Location     Type
                  1    wreg      void 
 Registers used:
		wreg, fsr0l, fsr0h, status,2, status,0, btemp+1
 Tracked objects:
		On entry : 
		On exit  : 
		Unchanged: 
 Data sizes:     COMMON   BANK0   BANK1   BANK3   BANK2
      Params:         0       0       1       0       0
      Locals:         0       0       1       0       0
      Temps:          0       0       2       0       0
      Totals:         0       0       4       0       0
Total ram usage:        4 bytes
 Hardware stack levels used:    1
 Hardware stack levels required when called:    4
 This function calls:
		Nothing
 This function is called by:
		_EWH_Sleep_Mode
		_EWH_SetTemp_Mode
		_EWH_Operating_Mode
 This function uses a non-reentrant model


 *************** function _EWH_EEPROM_Init *****************
 Defined at:
		line 205 in file "EWH.c"
 Parameters:    Size  Location     Type
		None
 Auto vars:     Size  Location     Type
		None
 Return value:  Size  Location     Type
                  1    wreg      void 
 Registers used:
		wreg, status,2, status,0, btemp+1, pclath, cstack
 Tracked objects:
		On entry : 
		On exit  : 
		Unchanged: 
 Data sizes:     COMMON   BANK0   BANK1   BANK3   BANK2
      Params:         0       0       0       0       0
      Locals:         0       0       0       0       0
      Temps:          0       0       0       0       0
      Totals:         0       0       0       0       0
Total ram usage:        0 bytes
 Hardware stack levels used:    1
 Hardware stack levels required when called:    7
 This function calls:
		_EEPROM_WriteByte
 This function is called by:
		_main
 This function uses a non-reentrant model


 *************** function _EEPROM_WriteByte *****************
 Defined at:
		line 4 in file "EEPROM.c"
 Parameters:    Size  Location     Type
  address         2    1[BANK1 ] unsigned short 
  data            1    3[BANK1 ] unsigned char 
 Auto vars:     Size  Location     Type
		None
 Return value:  Size  Location     Type
                  1    wreg      void 
 Registers used:
		wreg, status,2, status,0, pclath, cstack
 Tracked objects:
		On entry : 
		On exit  : 
		Unchanged: 
 Data sizes:     COMMON   BANK0   BANK1   BANK3   BANK2
      Params:         0       0       3       0       0
      Locals:         0       0       0       0       0
      Temps:          0       0       2       0       0
      Totals:         0       0       5       0       0
Total ram usage:        5 bytes
 Hardware stack levels used:    1
 Hardware stack levels required when called:    6
 This function calls:
		_I2C_Master_Send_RepeatedStart
		_I2C_Master_Send_Start
		_I2C_Master_Send_Stop
		_I2C_Master_WriteByte
 This function is called by:
		_EWH_EEPROM_Init
		_EWH_EEPROM_Update
 This function uses a non-reentrant model


 *************** function _I2C_Master_WriteByte *****************
 Defined at:
		line 95 in file "i2c.c"
 Parameters:    Size  Location     Type
  Data            1    wreg     unsigned char 
 Auto vars:     Size  Location     Type
  Data            1    0[BANK1 ] unsigned char 
 Return value:  Size  Location     Type
                  1    wreg      unsigned char 
 Registers used:
		wreg, status,2, status,0, pclath, cstack
 Tracked objects:
		On entry : 
		On exit  : 
		Unchanged: 
 Data sizes:     COMMON   BANK0   BANK1   BANK3   BANK2
      Params:         0       0       0       0       0
      Locals:         0       0       1       0       0
      Temps:          0       0       0       0       0
      Totals:         0       0       1       0       0
Total ram usage:        1 bytes
 Hardware stack levels used:    1
 Hardware stack levels required when called:    5
 This function calls:
		_I2C_Wait_IDLE
 This function is called by:
		_EEPROM_WriteByte
		_EEPROM_ReadByte
		_EEPROM_WritePage
		_EEPROM_ReadPage
 This function uses a non-reentrant model


 *************** function _I2C_Master_Send_Stop *****************
 Defined at:
		line 67 in file "i2c.c"
 Parameters:    Size  Location     Type
		None
 Auto vars:     Size  Location     Type
		None
 Return value:  Size  Location     Type
                  1    wreg      void 
 Registers used:
		wreg, status,2, status,0, pclath, cstack
 Tracked objects:
		On entry : 
		On exit  : 
		Unchanged: 
 Data sizes:     COMMON   BANK0   BANK1   BANK3   BANK2
      Params:         0       0       0       0       0
      Locals:         0       0       0       0       0
      Temps:          0       0       0       0       0
      Totals:         0       0       0       0       0
Total ram usage:        0 bytes
 Hardware stack levels used:    1
 Hardware stack levels required when called:    5
 This function calls:
		_I2C_Wait_IDLE
 This function is called by:
		_EEPROM_WriteByte
		_EEPROM_ReadByte
		_EEPROM_WritePage
		_EEPROM_ReadPage
 This function uses a non-reentrant model


 *************** function _I2C_Master_Send_Start *****************
 Defined at:
		line 61 in file "i2c.c"
 Parameters:    Size  Location     Type
		None
 Auto vars:     Size  Location     Type
		None
 Return value:  Size  Location     Type
                  1    wreg      void 
 Registers used:
		wreg, status,2, status,0, pclath, cstack
 Tracked objects:
		On entry : 
		On exit  : 
		Unchanged: 
 Data sizes:     COMMON   BANK0   BANK1   BANK3   BANK2
      Params:         0       0       0       0       0
      Locals:         0       0       0       0       0
      Temps:          0       0       0       0       0
      Totals:         0       0       0       0       0
Total ram usage:        0 bytes
 Hardware stack levels used:    1
 Hardware stack levels required when called:    5
 This function calls:
		_I2C_Wait_IDLE
 This function is called by:
		_EEPROM_WriteByte
		_EEPROM_ReadByte
		_EEPROM_WritePage
		_EEPROM_ReadPage
 This function uses a non-reentrant model


 *************** function _I2C_Master_Send_RepeatedStart *****************
 Defined at:
		line 73 in file "i2c.c"
 Parameters:    Size  Location     Type
		None
 Auto vars:     Size  Location     Type
		None
 Return value:  Size  Location     Type
                  1    wreg      void 
 Registers used:
		wreg, status,2, status,0, pclath, cstack
 Tracked objects:
		On entry : 
		On exit  : 
		Unchanged: 
 Data sizes:     COMMON   BANK0   BANK1   BANK3   BANK2
      Params:         0       0       0       0       0
      Locals:         0       0       0       0       0
      Temps:          0       0       0       0       0
      Totals:         0       0       0       0       0
Total ram usage:        0 bytes
 Hardware stack levels used:    1
 Hardware stack levels required when called:    5
 This function calls:
		_I2C_Wait_IDLE
 This function is called by:
		_EEPROM_WriteByte
		_EEPROM_ReadByte
		_EEPROM_WritePage
		_EEPROM_ReadPage
 This function uses a non-reentrant model


 *************** function _I2C_Wait_IDLE *****************
 Defined at:
		line 53 in file "i2c.c"
 Parameters:    Size  Location     Type
		None
 Auto vars:     Size  Location     Type
		None
 Return value:  Size  Location     Type
                  1    wreg      void 
 Registers used:
		wreg, status,2
 Tracked objects:
		On entry : 
		On exit  : 
		Unchanged: 
 Data sizes:     COMMON   BANK0   BANK1   BANK3   BANK2
      Params:         0       0       0       0       0
      Locals:         0       0       0       0       0
      Temps:          0       0       0       0       0
      Totals:         0       0       0       0       0
Total ram usage:        0 bytes
 Hardware stack levels used:    1
 Hardware stack levels required when called:    4
 This function calls:
		Nothing
 This function is called by:
		_I2C_Master_Send_Start
		_I2C_Master_Send_Stop
		_I2C_Master_Send_RepeatedStart
		_I2C_Master_Send_ACK
		_I2C_Master_Send_NACK
		_I2C_Master_WriteByte
		_I2C_Master_ReadByte
 This function uses a non-reentrant model


 *************** function _DD_Init *****************
 Defined at:
		line 14 in file "DD.c"
 Parameters:    Size  Location     Type
		None
 Auto vars:     Size  Location     Type
		None
 Return value:  Size  Location     Type
                  1    wreg      void 
 Registers used:
		wreg, status,2, status,0, btemp+1
 Tracked objects:
		On entry : 
		On exit  : 
		Unchanged: 
 Data sizes:     COMMON   BANK0   BANK1   BANK3   BANK2
      Params:         0       0       0       0       0
      Locals:         0       0       0       0       0
      Temps:          0       0       0       0       0
      Totals:         0       0       0       0       0
Total ram usage:        0 bytes
 Hardware stack levels used:    1
 Hardware stack levels required when called:    4
 This function calls:
		Nothing
 This function is called by:
		_main
 This function uses a non-reentrant model


 *************** function _ADC_Init *****************
 Defined at:
		line 16 in file "adc.c"
 Parameters:    Size  Location     Type
  config          1    wreg     PTR struct .
		 -> main@adc_config(4), 
 Auto vars:     Size  Location     Type
  config          1    2[BANK1 ] PTR struct .
		 -> main@adc_config(4), 
 Return value:  Size  Location     Type
                  1    wreg      void 
 Registers used:
		wreg, fsr0l, fsr0h, status,2, status,0, btemp+1
 Tracked objects:
		On entry : 
		On exit  : 
		Unchanged: 
 Data sizes:     COMMON   BANK0   BANK1   BANK3   BANK2
      Params:         0       0       0       0       0
      Locals:         0       0       1       0       0
      Temps:          0       0       2       0       0
      Totals:         0       0       3       0       0
Total ram usage:        3 bytes
 Hardware stack levels used:    1
 Hardware stack levels required when called:    4
 This function calls:
		Nothing
 This function is called by:
		_main
 This function uses a non-reentrant model


 *************** function _ISR *****************
 Defined at:
		line 219 in file "EWH.c"
 Parameters:    Size  Location     Type
		None
 Auto vars:     Size  Location     Type
  Reading         2   42[BANK0 ] unsigned short 
 Return value:  Size  Location     Type
                  1    wreg      void 
 Registers used:
		wreg, fsr0l, fsr0h, status,2, status,0, btemp+1, pclath, cstack
 Tracked objects:
		On entry : 
		On exit  : 
		Unchanged: 
 Data sizes:     COMMON   BANK0   BANK1   BANK3   BANK2
      Params:         0       0       0       0       0
      Locals:         0       2       0       0       0
      Temps:          0       6       0       0       0
      Totals:         0       8       0       0       0
Total ram usage:        8 bytes
 Hardware stack levels used:    1
 Hardware stack levels required when called:    3
 This function calls:
		_ADC_ReadChannel
		_DD_GetState
		___flmul
		___fltol
		___xxtofl
		i1_Heater_Display
 This function is called by:
		Interrupt level 1
 This function uses a non-reentrant model


 *************** function i1_Heater_Display *****************
 Defined at:
		line 55 in file "SSD.c"
 Parameters:    Size  Location     Type
  temp            2   10[COMMON] unsigned short 
 Auto vars:     Size  Location     Type
		None
 Return value:  Size  Location     Type
                  1    wreg      void 
 Registers used:
		wreg, fsr0l, fsr0h, status,2, status,0, btemp+1, pclath, cstack
 Tracked objects:
		On entry : 
		On exit  : 
		Unchanged: 
 Data sizes:     COMMON   BANK0   BANK1   BANK3   BANK2
      Params:         2       0       0       0       0
      Locals:         0       0       0       0       0
      Temps:          2       0       0       0       0
      Totals:         4       0       0       0       0
Total ram usage:        4 bytes
 Hardware stack levels used:    1
 Hardware stack levels required when called:    2
 This function calls:
		i1_SSD_Write
		i1_SSD_config
		i1___awdiv
		i1___lwmod
 This function is called by:
		_ISR
 This function uses a non-reentrant model


 *************** function i1___lwmod *****************
 Defined at:
		line 5 in file "C:\Program Files\Microchip\xc8\v2.20\pic\sources\c90\common\lwmod.c"
 Parameters:    Size  Location     Type
  divisor         2    0[COMMON] unsigned int 
  dividend        2    2[COMMON] unsigned int 
 Auto vars:     Size  Location     Type
  counter         1    4[COMMON] unsigned char 
 Return value:  Size  Location     Type
                  2    0[COMMON] unsigned int 
 Registers used:
		wreg, status,2, status,0, btemp+1
 Tracked objects:
		On entry : 
		On exit  : 
		Unchanged: 
 Data sizes:     COMMON   BANK0   BANK1   BANK3   BANK2
      Params:         4       0       0       0       0
      Locals:         1       0       0       0       0
      Temps:          0       0       0       0       0
      Totals:         5       0       0       0       0
Total ram usage:        5 bytes
 Hardware stack levels used:    1
 This function calls:
		Nothing
 This function is called by:
		i1_Heater_Display
 This function uses a non-reentrant model


 *************** function i1___awdiv *****************
 Defined at:
		line 5 in file "C:\Program Files\Microchip\xc8\v2.20\pic\sources\c90\common\awdiv.c"
 Parameters:    Size  Location     Type
  divisor         2    0[COMMON] int 
  dividend        2    2[COMMON] int 
 Auto vars:     Size  Location     Type
  quotient        2    6[COMMON] int 
  sign            1    5[COMMON] unsigned char 
  counter         1    4[COMMON] unsigned char 
 Return value:  Size  Location     Type
                  2    0[COMMON] int 
 Registers used:
		wreg, status,2, status,0, btemp+1
 Tracked objects:
		On entry : 
		On exit  : 
		Unchanged: 
 Data sizes:     COMMON   BANK0   BANK1   BANK3   BANK2
      Params:         4       0       0       0       0
      Locals:         4       0       0       0       0
      Temps:          0       0       0       0       0
      Totals:         8       0       0       0       0
Total ram usage:        8 bytes
 Hardware stack levels used:    1
 This function calls:
		Nothing
 This function is called by:
		i1_Heater_Display
 This function uses a non-reentrant model


 *************** function i1_SSD_Write *****************
 Defined at:
		line 35 in file "SSD.c"
 Parameters:    Size  Location     Type
  ID              1    wreg     unsigned char 
  Number          1    8[COMMON] unsigned char 
 Auto vars:     Size  Location     Type
  ID              1    9[COMMON] unsigned char 
 Return value:  Size  Location     Type
                  1    wreg      unsigned char 
 Registers used:
		wreg, fsr0l, fsr0h, status,2, status,0, btemp+1, pclath, cstack
 Tracked objects:
		On entry : 
		On exit  : 
		Unchanged: 
 Data sizes:     COMMON   BANK0   BANK1   BANK3   BANK2
      Params:         1       0       0       0       0
      Locals:         1       0       0       0       0
      Temps:          0       0       0       0       0
      Totals:         2       0       0       0       0
Total ram usage:        2 bytes
 Hardware stack levels used:    1
 Hardware stack levels required when called:    1
 This function calls:
		i1_SSD_config
 This function is called by:
		i1_Heater_Display
 This function uses a non-reentrant model


 *************** function i1_SSD_config *****************
 Defined at:
		line 11 in file "SSD.c"
 Parameters:    Size  Location     Type
  ID              1    wreg     unsigned char 
  SSD_state       1    0[COMMON] enum E13
 Auto vars:     Size  Location     Type
  ID              1    3[COMMON] unsigned char 
 Return value:  Size  Location     Type
                  1    wreg      void 
 Registers used:
		wreg, fsr0l, fsr0h, status,2, status,0, btemp+1
 Tracked objects:
		On entry : 
		On exit  : 
		Unchanged: 
 Data sizes:     COMMON   BANK0   BANK1   BANK3   BANK2
      Params:         1       0       0       0       0
      Locals:         1       0       0       0       0
      Temps:          2       0       0       0       0
      Totals:         4       0       0       0       0
Total ram usage:        4 bytes
 Hardware stack levels used:    1
 This function calls:
		Nothing
 This function is called by:
		i1_SSD_Write
		i1_Heater_Display
 This function uses a non-reentrant model


 *************** function ___xxtofl *****************
 Defined at:
		line 10 in file "C:\Program Files\Microchip\xc8\v2.20\pic\sources\c90\common\xxtofl.c"
 Parameters:    Size  Location     Type
  sign            1    wreg     unsigned char 
  val             4    0[COMMON] long 
 Auto vars:     Size  Location     Type
  sign            1    8[COMMON] unsigned char 
  arg             4   10[COMMON] unsigned long 
  exp             1    9[COMMON] unsigned char 
 Return value:  Size  Location     Type
                  4    0[COMMON] unsigned char 
 Registers used:
		wreg, status,2, status,0, btemp+1
 Tracked objects:
		On entry : 
		On exit  : 
		Unchanged: 
 Data sizes:     COMMON   BANK0   BANK1   BANK3   BANK2
      Params:         4       0       0       0       0
      Locals:         6       0       0       0       0
      Temps:          4       0       0       0       0
      Totals:        14       0       0       0       0
Total ram usage:       14 bytes
 Hardware stack levels used:    1
 This function calls:
		Nothing
 This function is called by:
		_ISR
 This function uses a non-reentrant model


 *************** function ___fltol *****************
 Defined at:
		line 43 in file "C:\Program Files\Microchip\xc8\v2.20\pic\sources\c90\common\fltol.c"
 Parameters:    Size  Location     Type
  f1              4   26[BANK0 ] unsigned char 
 Auto vars:     Size  Location     Type
  exp1            1   35[BANK0 ] unsigned char 
  sign1           1   34[BANK0 ] unsigned char 
 Return value:  Size  Location     Type
                  4   26[BANK0 ] long 
 Registers used:
		wreg, status,2, status,0, btemp+1
 Tracked objects:
		On entry : 
		On exit  : 
		Unchanged: 
 Data sizes:     COMMON   BANK0   BANK1   BANK3   BANK2
      Params:         0       4       0       0       0
      Locals:         0       2       0       0       0
      Temps:          0       4       0       0       0
      Totals:         0      10       0       0       0
Total ram usage:       10 bytes
 Hardware stack levels used:    1
 This function calls:
		Nothing
 This function is called by:
		_ISR
 This function uses a non-reentrant model


 *************** function ___flmul *****************
 Defined at:
		line 8 in file "C:\Program Files\Microchip\xc8\v2.20\pic\sources\c90\common\sprcmul.c"
 Parameters:    Size  Location     Type
  b               4    0[BANK0 ] long 
  a               4    4[BANK0 ] long 
 Auto vars:     Size  Location     Type
  prod            4   20[BANK0 ] struct .
  grs             4   14[BANK0 ] unsigned long 
  temp            2   24[BANK0 ] struct .
  bexp            1   19[BANK0 ] unsigned char 
  aexp            1   18[BANK0 ] unsigned char 
  sign            1   13[BANK0 ] unsigned char 
 Return value:  Size  Location     Type
                  4    0[BANK0 ] unsigned char 
 Registers used:
		wreg, status,2, status,0, btemp+1, pclath, cstack
 Tracked objects:
		On entry : 
		On exit  : 
		Unchanged: 
 Data sizes:     COMMON   BANK0   BANK1   BANK3   BANK2
      Params:         0       8       0       0       0
      Locals:         0      13       0       0       0
      Temps:          0       5       0       0       0
      Totals:         0      26       0       0       0
Total ram usage:       26 bytes
 Hardware stack levels used:    1
 Hardware stack levels required when called:    1
 This function calls:
		__Umul8_16
 This function is called by:
		_ISR
 This function uses a non-reentrant model


 *************** function __Umul8_16 *****************
 Defined at:
		line 4 in file "C:\Program Files\Microchip\xc8\v2.20\pic\sources\c90\common\Umul8_16.c"
 Parameters:    Size  Location     Type
  multiplier      1    wreg     unsigned char 
  multiplicand    1    0[COMMON] unsigned char 
 Auto vars:     Size  Location     Type
  multiplier      1    8[COMMON] unsigned char 
  word_mpld       2    6[COMMON] unsigned int 
  product         2    4[COMMON] unsigned int 
 Return value:  Size  Location     Type
                  2    0[COMMON] unsigned int 
 Registers used:
		wreg, status,2, status,0
 Tracked objects:
		On entry : 
		On exit  : 
		Unchanged: 
 Data sizes:     COMMON   BANK0   BANK1   BANK3   BANK2
      Params:         2       0       0       0       0
      Locals:         5       0       0       0       0
      Temps:          2       0       0       0       0
      Totals:         9       0       0       0       0
Total ram usage:        9 bytes
 Hardware stack levels used:    1
 This function calls:
		Nothing
 This function is called by:
		___flmul
 This function uses a non-reentrant model


 *************** function _DD_GetState *****************
 Defined at:
		line 50 in file "DD.c"
 Parameters:    Size  Location     Type
  device          1    wreg     enum E880
 Auto vars:     Size  Location     Type
  device          1    2[COMMON] enum E880
 Return value:  Size  Location     Type
                  1    wreg      enum E13
 Registers used:
		wreg, fsr0l, fsr0h, status,2, status,0
 Tracked objects:
		On entry : 
		On exit  : 
		Unchanged: 
 Data sizes:     COMMON   BANK0   BANK1   BANK3   BANK2
      Params:         0       0       0       0       0
      Locals:         1       0       0       0       0
      Temps:          2       0       0       0       0
      Totals:         3       0       0       0       0
Total ram usage:        3 bytes
 Hardware stack levels used:    1
 This function calls:
		Nothing
 This function is called by:
		_ISR
 This function uses a non-reentrant model


 *************** function _ADC_ReadChannel *****************
 Defined at:
		line 69 in file "adc.c"
 Parameters:    Size  Location     Type
  channel         1    wreg     enum E865
 Auto vars:     Size  Location     Type
  channel         1    5[COMMON] enum E865
  result          2    3[COMMON] unsigned short 
 Return value:  Size  Location     Type
                  2    0[COMMON] unsigned short 
 Registers used:
		wreg, status,2, status,0, btemp+1
 Tracked objects:
		On entry : 
		On exit  : 
		Unchanged: 
 Data sizes:     COMMON   BANK0   BANK1   BANK3   BANK2
      Params:         2       0       0       0       0
      Locals:         3       0       0       0       0
      Temps:          1       0       0       0       0
      Totals:         6       0       0       0       0
Total ram usage:        6 bytes
 Hardware stack levels used:    1
 This function calls:
		Nothing
 This function is called by:
		_ISR
 This function uses a non-reentrant model



MODULE INFORMATION

Module		Function		Class		Link	Load	Size
SW.c
		_SW_Init       		CODE           	17ED	0000	10

SW.c estimated size: 10

TMR1.c
		_TMR1_Stop     		CODE           	07FB	0000	5
		_TMR1_Start    		CODE           	085C	0000	17
		_TMR1_Init     		CODE           	0AB3	0000	75

TMR1.c estimated size: 97

C:\Program Files\Microchip\xc8\v2.20\pic\sources\c90\common\__lldiv.c
		___lldiv       		CODE           	0CCB	0000	105

C:\Program Files\Microchip\xc8\v2.20\pic\sources\c90\common\__lldiv.c estimated size: 105

DD.c
		_DD_Init       		CODE           	08AB	0000	30
		_EWH_SSD_OFF   		CODE           	083F	0000	14
		_DD_GetState   		CODE           	07BE	0000	62
		_DD_SetState   		CODE           	0B4D	0000	91

DD.c estimated size: 197

SSD.c
		_SSD_Write     		CODE           	08C8	0000	30
		_Heater_Display		CODE           	0C02	0000	99
		_SSD_OFF       		CODE           	081B	0000	12
		_SSD_config    		CODE           	0D9C	0000	108

SSD.c estimated size: 249

C:\Program Files\Microchip\xc8\v2.20\pic\sources\c90\common\Umul8_16.c
		__Umul8_16     		CODE           	0903	0000	40

C:\Program Files\Microchip\xc8\v2.20\pic\sources\c90\common\Umul8_16.c estimated size: 40

i2c.c
		_I2C_Master_Send_Start		CODE           	17DB	0000	10
		_I2C_Master_Send_ACK		CODE           	17F6	0000	11
		_I2C_Master_Send_NACK		CODE           	0807	0000	11
		_I2C_Master_Send_RepeatedStart		CODE           	17D2	0000	10
		_I2C_Master_Send_Stop		CODE           	17E4	0000	10
		_I2C_Init      		CODE           	0A69	0000	75
		_I2C_Wait_IDLE 		CODE           	0832	0000	14
		_I2C_Master_ReadByte		CODE           	092A	0000	42
		_I2C_Master_WriteByte		CODE           	08E5	0000	31

i2c.c estimated size: 214

C:\Program Files\Microchip\xc8\v2.20\pic\sources\c90\common\xxtofl.c
		___xxtofl      		CODE           	0674	0000	187

C:\Program Files\Microchip\xc8\v2.20\pic\sources\c90\common\xxtofl.c estimated size: 187

C:\Program Files\Microchip\xc8\v2.20\pic\sources\c90\common\lwmod.c
		___lwmod       		CODE           	0A2D	0000	61

C:\Program Files\Microchip\xc8\v2.20\pic\sources\c90\common\lwmod.c estimated size: 61

adc.c
		_ADC_ReadChannel		CODE           	0953	0000	44
		_ADC_Init      		CODE           	0EF4	0000	127

adc.c estimated size: 171

EEPROM.c
		_EEPROM_WriteByte		CODE           	09F2	0000	60
		_EEPROM_ReadByte		CODE           	0BA7	0000	92

EEPROM.c estimated size: 152

shared
		i1___awdiv     		CODE           	0C64	0000	104
		i1___lwmod     		CODE           	097E	0000	59
		__initialization		CODE           	0015	0000	31
		i1_SSD_Write   		CODE           	0890	0000	28
		i1_Heater_Display		CODE           	0AFD	0000	81
		i1_SSD_config  		CODE           	0E07	0000	114

shared estimated size: 417

C:\Program Files\Microchip\xc8\v2.20\pic\sources\c90\common\fltol.c
		___fltol       		CODE           	0E78	0000	125

C:\Program Files\Microchip\xc8\v2.20\pic\sources\c90\common\fltol.c estimated size: 125

EWH.c
		_EWH_EEPROM_Read		CODE           	0826	0000	13
		_EWH_Sleep_Mode		CODE           	09B8	0000	59
		_ISR           		CODE           	04AB	0000	233
		_EWH_EEPROM_Init		CODE           	084C	0000	17
		_EWH_EEPROM_Update		CODE           	086C	0000	18
		_EWH_PowerUP_Mode		CODE           	0F72	0000	143
		_EWH_SetTemp_Mode		CODE           	0593	0000	226
		_EWH_Operating_Mode		CODE           	0398	0000	276

EWH.c estimated size: 985

C:\Program Files\Microchip\xc8\v2.20\pic\sources\c90\common\sprcmul.c
		___flmul       		CODE           	0037	0000	866

C:\Program Files\Microchip\xc8\v2.20\pic\sources\c90\common\sprcmul.c estimated size: 866

main.c
		_main          		CODE           	072E	0000	145

main.c estimated size: 145

C:\Program Files\Microchip\xc8\v2.20\pic\sources\c90\common\awdiv.c
		___awdiv       		CODE           	0D33	0000	106

C:\Program Files\Microchip\xc8\v2.20\pic\sources\c90\common\awdiv.c estimated size: 106

